0 verbose cli /usr/local/bin/node /usr/local/bin/npm
1 info using npm@10.9.2
2 info using node@v22.15.0
3 silly config load:file:/usr/local/lib/node_modules/npm/npmrc
4 silly config load:file:/Users/mac/Documents/code/subsplit/.npmrc
5 silly config load:file:/Users/mac/.npmrc
6 silly config load:file:/usr/local/etc/npmrc
7 verbose title npm run prisma:deploy
8 verbose argv "run" "prisma:deploy"
9 verbose logfile logs-max:10 dir:/Users/mac/Documents/code/subsplit/.npm-cache/_logs/2026-04-04T14_40_55_578Z-
10 verbose logfile /Users/mac/Documents/code/subsplit/.npm-cache/_logs/2026-04-04T14_40_55_578Z-debug-0.log
11 silly logfile start cleaning logs, removing 1 files
12 silly logfile done cleaning log files
13 http fetch GET 200 https://registry.npmjs.org/npm 1369ms
14 verbose cwd /Users/mac/Documents/code/subsplit
15 verbose os Darwin 25.4.0
16 verbose node v22.15.0
17 verbose npm  v10.9.2
18 notice
18 notice New [31mmajor[39m version of npm available! [31m10.9.2[39m -> [34m11.12.1[39m
18 notice Changelog: [34mhttps://github.com/npm/cli/releases/tag/v11.12.1[39m
18 notice To update run: [4mnpm install -g npm@11.12.1[24m
18 notice  { force: true, [Symbol(proc-log.meta)]: true }
19 verbose exit 1
20 verbose code 1
