0 verbose cli /usr/local/bin/node /usr/local/bin/npm
1 info using npm@10.9.2
2 info using node@v22.15.0
3 silly config load:file:/usr/local/lib/node_modules/npm/npmrc
4 silly config load:file:/Users/mac/Documents/code/subsplit/.npmrc
5 silly config load:file:/Users/mac/.npmrc
6 silly config load:file:/usr/local/etc/npmrc
7 verbose title npm install @prisma/adapter-pg@7.5.0
8 verbose argv "install" "@prisma/adapter-pg@7.5.0"
9 verbose logfile logs-max:10 dir:/Users/mac/Documents/code/subsplit/.npm-cache/_logs/2026-04-04T10_28_36_180Z-
10 verbose logfile /Users/mac/Documents/code/subsplit/.npm-cache/_logs/2026-04-04T10_28_36_180Z-debug-0.log
11 silly logfile start cleaning logs, removing 1 files
12 silly packumentCache heap:4345298944 maxSize:1086324736 maxEntrySize:543162368
13 silly logfile done cleaning log files
14 silly idealTree buildDeps
15 silly fetch manifest @prisma/adapter-pg@7.5.0
16 silly packumentCache full:https://registry.npmjs.org/@prisma%2fadapter-pg cache-miss
17 http cache https://registry.npmjs.org/@prisma%2fadapter-pg 305ms (cache hit)
18 silly packumentCache full:https://registry.npmjs.org/@prisma%2fadapter-pg set size:9732037 disposed:false
19 silly placeDep ROOT @prisma/adapter-pg@7.5.0 REPLACE for: subsplit@0.1.0 want: 7.5.0
20 silly fetch manifest @types/pg@8.11.11
21 silly packumentCache full:https://registry.npmjs.org/@types%2fpg cache-miss
22 silly fetch manifest @prisma/driver-adapter-utils@7.5.0
23 silly packumentCache full:https://registry.npmjs.org/@prisma%2fdriver-adapter-utils cache-miss
24 http cache https://registry.npmjs.org/@types%2fpg 35ms (cache hit)
25 silly packumentCache full:https://registry.npmjs.org/@types%2fpg set size:195571 disposed:false
26 http cache https://registry.npmjs.org/@prisma%2fdriver-adapter-utils 69ms (cache hit)
27 silly packumentCache full:https://registry.npmjs.org/@prisma%2fdriver-adapter-utils set size:9559382 disposed:false
28 silly placeDep ROOT @prisma/driver-adapter-utils@7.5.0 OK for: @prisma/adapter-pg@7.5.0 want: 7.5.0
29 silly placeDep node_modules/@prisma/adapter-pg @types/pg@8.11.11 OK for: @prisma/adapter-pg@7.5.0 want: 8.11.11
30 silly fetch manifest pg-types@^4.0.1
31 silly packumentCache full:https://registry.npmjs.org/pg-types cache-miss
32 http cache https://registry.npmjs.org/pg-types 29ms (cache hit)
33 silly packumentCache full:https://registry.npmjs.org/pg-types set size:51397 disposed:false
34 silly placeDep node_modules/@prisma/adapter-pg pg-types@4.1.0 OK for: @types/pg@8.11.11 want: ^4.0.1
35 silly fetch manifest pg-numeric@1.0.2
36 silly packumentCache full:https://registry.npmjs.org/pg-numeric cache-miss
37 silly fetch manifest postgres-bytea@~3.0.0
38 silly packumentCache full:https://registry.npmjs.org/postgres-bytea cache-miss
39 silly fetch manifest postgres-date@~2.1.0
40 silly packumentCache full:https://registry.npmjs.org/postgres-date cache-miss
41 silly fetch manifest postgres-interval@^3.0.0
42 silly packumentCache full:https://registry.npmjs.org/postgres-interval cache-miss
43 silly fetch manifest postgres-range@^1.1.1
44 silly packumentCache full:https://registry.npmjs.org/postgres-range cache-miss
45 http cache https://registry.npmjs.org/postgres-bytea 132ms (cache hit)
46 silly packumentCache full:https://registry.npmjs.org/postgres-bytea set size:8854 disposed:false
47 http cache https://registry.npmjs.org/postgres-interval 145ms (cache hit)
48 silly packumentCache full:https://registry.npmjs.org/postgres-interval set size:30514 disposed:false
49 http cache https://registry.npmjs.org/postgres-date 148ms (cache hit)
50 silly packumentCache full:https://registry.npmjs.org/postgres-date set size:27126 disposed:false
51 http fetch GET 200 https://registry.npmjs.org/pg-numeric 867ms (cache miss)
52 silly packumentCache full:https://registry.npmjs.org/pg-numeric set size:undefined disposed:false
53 http fetch GET 200 https://registry.npmjs.org/postgres-range 865ms (cache miss)
54 silly packumentCache full:https://registry.npmjs.org/postgres-range set size:undefined disposed:false
55 silly placeDep ROOT pg-numeric@1.0.2 OK for: pg-types@4.1.0 want: 1.0.2
56 silly placeDep node_modules/@prisma/adapter-pg postgres-bytea@3.0.0 OK for: pg-types@4.1.0 want: ~3.0.0
57 silly placeDep node_modules/@prisma/adapter-pg postgres-date@2.1.0 OK for: pg-types@4.1.0 want: ~2.1.0
58 silly placeDep node_modules/@prisma/adapter-pg postgres-interval@3.0.0 OK for: pg-types@4.1.0 want: ^3.0.0
59 silly placeDep ROOT postgres-range@1.1.4 OK for: pg-types@4.1.0 want: ^1.1.1
60 silly fetch manifest obuf@~1.1.2
61 silly packumentCache full:https://registry.npmjs.org/obuf cache-miss
62 http fetch GET 200 https://registry.npmjs.org/obuf 103ms (cache miss)
63 silly packumentCache full:https://registry.npmjs.org/obuf set size:undefined disposed:false
64 silly placeDep ROOT obuf@1.1.2 OK for: postgres-bytea@3.0.0 want: ~1.1.2
65 silly reify mark retired [
65 silly reify   '/Users/mac/Documents/code/subsplit/node_modules/@prisma/adapter-pg'
65 silly reify ]
66 silly reify mark retired [
66 silly reify   '/Users/mac/Documents/code/subsplit/node_modules/@prisma/driver-adapter-utils'
66 silly reify ]
67 silly reify moves {
67 silly reify   '/Users/mac/Documents/code/subsplit/node_modules/@prisma/adapter-pg': '/Users/mac/Documents/code/subsplit/node_modules/@prisma/.adapter-pg-Bb9VVCQl',
67 silly reify   '/Users/mac/Documents/code/subsplit/node_modules/@prisma/driver-adapter-utils': '/Users/mac/Documents/code/subsplit/node_modules/@prisma/.driver-adapter-utils-IMI0GNM3'
67 silly reify }
68 verbose reify failed optional dependency /Users/mac/Documents/code/subsplit/node_modules/@tailwindcss/oxide-wasm32-wasi
69 silly reify mark deleted [
69 silly reify   '/Users/mac/Documents/code/subsplit/node_modules/@tailwindcss/oxide-wasm32-wasi'
69 silly reify ]
70 silly audit bulk request {
70 silly audit   '@adobe/css-tools': [ '4.4.4' ],
70 silly audit   '@alloc/quick-lru': [ '5.2.0' ],
70 silly audit   '@asamuzakjp/css-color': [ '5.0.1' ],
70 silly audit   'lru-cache': [ '11.2.7', '5.1.1' ],
70 silly audit   '@asamuzakjp/dom-selector': [ '7.0.3' ],
70 silly audit   '@asamuzakjp/nwsapi': [ '2.3.9' ],
70 silly audit   '@babel/code-frame': [ '7.29.0' ],
70 silly audit   '@babel/compat-data': [ '7.29.0' ],
70 silly audit   '@babel/core': [ '7.29.0' ],
70 silly audit   '@babel/generator': [ '7.29.1' ],
70 silly audit   '@babel/helper-compilation-targets': [ '7.28.6' ],
70 silly audit   '@babel/helper-globals': [ '7.28.0' ],
70 silly audit   '@babel/helper-module-imports': [ '7.28.6' ],
70 silly audit   '@babel/helper-module-transforms': [ '7.28.6' ],
70 silly audit   '@babel/helper-string-parser': [ '7.27.1' ],
70 silly audit   '@babel/helper-validator-identifier': [ '7.28.5' ],
70 silly audit   '@babel/helper-validator-option': [ '7.27.1' ],
70 silly audit   '@babel/helpers': [ '7.29.2' ],
70 silly audit   '@babel/parser': [ '7.29.2' ],
70 silly audit   '@babel/runtime': [ '7.29.2' ],
70 silly audit   '@babel/template': [ '7.28.6' ],
70 silly audit   '@babel/traverse': [ '7.29.0' ],
70 silly audit   '@babel/types': [ '7.29.0' ],
70 silly audit   '@bcoe/v8-coverage': [ '1.0.2' ],
70 silly audit   '@bramus/specificity': [ '2.4.2' ],
70 silly audit   '@chevrotain/cst-dts-gen': [ '10.5.0' ],
70 silly audit   '@chevrotain/gast': [ '10.5.0' ],
70 silly audit   '@chevrotain/types': [ '10.5.0' ],
70 silly audit   '@chevrotain/utils': [ '10.5.0' ],
70 silly audit   '@csstools/color-helpers': [ '6.0.2' ],
70 silly audit   '@csstools/css-calc': [ '3.1.1' ],
70 silly audit   '@csstools/css-color-parser': [ '4.0.2' ],
70 silly audit   '@csstools/css-parser-algorithms': [ '4.0.0' ],
70 silly audit   '@csstools/css-syntax-patches-for-csstree': [ '1.1.1' ],
70 silly audit   '@csstools/css-tokenizer': [ '4.0.0' ],
70 silly audit   '@electric-sql/pglite': [ '0.3.15' ],
70 silly audit   '@electric-sql/pglite-socket': [ '0.0.20' ],
70 silly audit   '@electric-sql/pglite-tools': [ '0.2.20' ],
70 silly audit   '@emnapi/core': [ '1.9.0' ],
70 silly audit   '@emnapi/runtime': [ '1.9.0' ],
70 silly audit   '@emnapi/wasi-threads': [ '1.2.0' ],
70 silly audit   '@esbuild/aix-ppc64': [ '0.27.4' ],
70 silly audit   '@esbuild/android-arm': [ '0.27.4' ],
70 silly audit   '@esbuild/android-arm64': [ '0.27.4' ],
70 silly audit   '@esbuild/android-x64': [ '0.27.4' ],
70 silly audit   '@esbuild/darwin-arm64': [ '0.27.4' ],
70 silly audit   '@esbuild/darwin-x64': [ '0.27.4' ],
70 silly audit   '@esbuild/freebsd-arm64': [ '0.27.4' ],
70 silly audit   '@esbuild/freebsd-x64': [ '0.27.4' ],
70 silly audit   '@esbuild/linux-arm': [ '0.27.4' ],
70 silly audit   '@esbuild/linux-arm64': [ '0.27.4' ],
70 silly audit   '@esbuild/linux-ia32': [ '0.27.4' ],
70 silly audit   '@esbuild/linux-loong64': [ '0.27.4' ],
70 silly audit   '@esbuild/linux-mips64el': [ '0.27.4' ],
70 silly audit   '@esbuild/linux-ppc64': [ '0.27.4' ],
70 silly audit   '@esbuild/linux-riscv64': [ '0.27.4' ],
70 silly audit   '@esbuild/linux-s390x': [ '0.27.4' ],
70 silly audit   '@esbuild/linux-x64': [ '0.27.4' ],
70 silly audit   '@esbuild/netbsd-arm64': [ '0.27.4' ],
70 silly audit   '@esbuild/netbsd-x64': [ '0.27.4' ],
70 silly audit   '@esbuild/openbsd-arm64': [ '0.27.4' ],
70 silly audit   '@esbuild/openbsd-x64': [ '0.27.4' ],
70 silly audit   '@esbuild/openharmony-arm64': [ '0.27.4' ],
70 silly audit   '@esbuild/sunos-x64': [ '0.27.4' ],
70 silly audit   '@esbuild/win32-arm64': [ '0.27.4' ],
70 silly audit   '@esbuild/win32-ia32': [ '0.27.4' ],
70 silly audit   '@esbuild/win32-x64': [ '0.27.4' ],
70 silly audit   '@eslint-community/eslint-utils': [ '4.9.1' ],
70 silly audit   'eslint-visitor-keys': [ '3.4.3', '5.0.1', '4.2.1' ],
70 silly audit   '@eslint-community/regexpp': [ '4.12.2' ],
70 silly audit   '@eslint/config-array': [ '0.21.2' ],
70 silly audit   '@eslint/config-helpers': [ '0.4.2' ],
70 silly audit   '@eslint/core': [ '0.17.0' ],
70 silly audit   '@eslint/eslintrc': [ '3.3.5' ],
70 silly audit   '@eslint/js': [ '9.39.4' ],
70 silly audit   '@eslint/object-schema': [ '2.1.7' ],
70 silly audit   '@eslint/plugin-kit': [ '0.4.1' ],
70 silly audit   '@exodus/bytes': [ '1.15.0' ],
70 silly audit   '@hono/node-server': [ '1.19.9' ],
70 silly audit   '@humanfs/core': [ '0.19.1' ],
70 silly audit   '@humanfs/node': [ '0.16.7' ],
70 silly audit   '@humanwhocodes/module-importer': [ '1.0.1' ],
70 silly audit   '@humanwhocodes/retry': [ '0.4.3' ],
70 silly audit   '@img/colour': [ '1.1.0' ],
70 silly audit   '@img/sharp-darwin-arm64': [ '0.34.5' ],
70 silly audit   '@img/sharp-darwin-x64': [ '0.34.5' ],
70 silly audit   '@img/sharp-libvips-darwin-arm64': [ '1.2.4' ],
70 silly audit   '@img/sharp-libvips-darwin-x64': [ '1.2.4' ],
70 silly audit   '@img/sharp-libvips-linux-arm': [ '1.2.4' ],
70 silly audit   '@img/sharp-libvips-linux-arm64': [ '1.2.4' ],
70 silly audit   '@img/sharp-libvips-linux-ppc64': [ '1.2.4' ],
70 silly audit   '@img/sharp-libvips-linux-riscv64': [ '1.2.4' ],
70 silly audit   '@img/sharp-libvips-linux-s390x': [ '1.2.4' ],
70 silly audit   '@img/sharp-libvips-linux-x64': [ '1.2.4' ],
70 silly audit   '@img/sharp-libvips-linuxmusl-arm64': [ '1.2.4' ],
70 silly audit   '@img/sharp-libvips-linuxmusl-x64': [ '1.2.4' ],
70 silly audit   '@img/sharp-linux-arm': [ '0.34.5' ],
70 silly audit   '@img/sharp-linux-arm64': [ '0.34.5' ],
70 silly audit   '@img/sharp-linux-ppc64': [ '0.34.5' ],
70 silly audit   '@img/sharp-linux-riscv64': [ '0.34.5' ],
70 silly audit   '@img/sharp-linux-s390x': [ '0.34.5' ],
70 silly audit   '@img/sharp-linux-x64': [ '0.34.5' ],
70 silly audit   '@img/sharp-linuxmusl-arm64': [ '0.34.5' ],
70 silly audit   '@img/sharp-linuxmusl-x64': [ '0.34.5' ],
70 silly audit   '@img/sharp-wasm32': [ '0.34.5' ],
70 silly audit   '@img/sharp-win32-arm64': [ '0.34.5' ],
70 silly audit   '@img/sharp-win32-ia32': [ '0.34.5' ],
70 silly audit   '@img/sharp-win32-x64': [ '0.34.5' ],
70 silly audit   '@jridgewell/gen-mapping': [ '0.3.13' ],
70 silly audit   '@jridgewell/remapping': [ '2.3.5' ],
70 silly audit   '@jridgewell/resolve-uri': [ '3.1.2' ],
70 silly audit   '@jridgewell/sourcemap-codec': [ '1.5.5' ],
70 silly audit   '@jridgewell/trace-mapping': [ '0.3.31' ],
70 silly audit   '@mrleebo/prisma-ast': [ '0.13.1' ],
70 silly audit   '@napi-rs/wasm-runtime': [ '0.2.12', '1.1.1' ],
70 silly audit   '@next/env': [ '16.1.7' ],
70 silly audit   '@next/eslint-plugin-next': [ '16.1.7' ],
70 silly audit   '@next/swc-darwin-arm64': [ '16.1.7' ],
70 silly audit   '@next/swc-darwin-x64': [ '16.1.7' ],
70 silly audit   '@next/swc-linux-arm64-gnu': [ '16.1.7' ],
70 silly audit   '@next/swc-linux-arm64-musl': [ '16.1.7' ],
70 silly audit   '@next/swc-linux-x64-gnu': [ '16.1.7' ],
70 silly audit   '@next/swc-linux-x64-musl': [ '16.1.7' ],
70 silly audit   '@next/swc-win32-arm64-msvc': [ '16.1.7' ],
70 silly audit   '@next/swc-win32-x64-msvc': [ '16.1.7' ],
70 silly audit   '@nodelib/fs.scandir': [ '2.1.5' ],
70 silly audit   '@nodelib/fs.stat': [ '2.0.5' ],
70 silly audit   '@nodelib/fs.walk': [ '1.2.8' ],
70 silly audit   '@nolyfill/is-core-module': [ '1.0.39' ],
70 silly audit   '@oxc-project/runtime': [ '0.115.0' ],
70 silly audit   '@oxc-project/types': [ '0.115.0' ],
70 silly audit   '@prisma/client': [ '7.5.0' ],
70 silly audit   '@prisma/client-runtime-utils': [ '7.5.0' ],
70 silly audit   '@prisma/config': [ '7.5.0' ],
70 silly audit   c12: [ '3.1.0' ],
70 silly audit   dotenv: [ '16.6.1', '17.3.1' ],
70 silly audit   magicast: [ '0.3.5', '0.5.2' ],
70 silly audit   '@prisma/debug': [ '7.5.0', '7.2.0' ],
70 silly audit   '@prisma/dev': [ '0.20.0' ],
70 silly audit   'std-env': [ '3.10.0', '4.0.0' ],
70 silly audit   '@prisma/engines': [ '7.5.0' ],
70 silly audit   '@prisma/engines-version': [ '7.5.0-15.280c870be64f457428992c43c1f6d557fab6e29e' ],
70 silly audit   '@prisma/get-platform': [ '7.5.0', '7.2.0' ],
70 silly audit   '@prisma/fetch-engine': [ '7.5.0' ],
70 silly audit   '@prisma/query-plan-executor': [ '7.2.0' ],
70 silly audit   '@prisma/studio-core': [ '0.21.1' ],
70 silly audit   '@rolldown/binding-android-arm64': [ '1.0.0-rc.9' ],
70 silly audit   '@rolldown/binding-darwin-arm64': [ '1.0.0-rc.9' ],
70 silly audit   '@rolldown/binding-darwin-x64': [ '1.0.0-rc.9' ],
70 silly audit   '@rolldown/binding-freebsd-x64': [ '1.0.0-rc.9' ],
70 silly audit   '@rolldown/binding-linux-arm-gnueabihf': [ '1.0.0-rc.9' ],
70 silly audit   '@rolldown/binding-linux-arm64-gnu': [ '1.0.0-rc.9' ],
70 silly audit   '@rolldown/binding-linux-arm64-musl': [ '1.0.0-rc.9' ],
70 silly audit   '@rolldown/binding-linux-ppc64-gnu': [ '1.0.0-rc.9' ],
70 silly audit   '@rolldown/binding-linux-s390x-gnu': [ '1.0.0-rc.9' ],
70 silly audit   '@rolldown/binding-linux-x64-gnu': [ '1.0.0-rc.9' ],
70 silly audit   '@rolldown/binding-linux-x64-musl': [ '1.0.0-rc.9' ],
70 silly audit   '@rolldown/binding-openharmony-arm64': [ '1.0.0-rc.9' ],
70 silly audit   '@rolldown/binding-wasm32-wasi': [ '1.0.0-rc.9' ],
70 silly audit   '@rolldown/binding-win32-arm64-msvc': [ '1.0.0-rc.9' ],
70 silly audit   '@rolldown/binding-win32-x64-msvc': [ '1.0.0-rc.9' ],
70 silly audit   '@rolldown/pluginutils': [ '1.0.0-rc.9' ],
70 silly audit   '@rtsao/scc': [ '1.1.0' ],
70 silly audit   '@standard-schema/spec': [ '1.1.0' ],
70 silly audit   '@swc/helpers': [ '0.5.15' ],
70 silly audit   '@t3-oss/env-core': [ '0.13.10' ],
70 silly audit   '@t3-oss/env-nextjs': [ '0.13.10' ],
70 silly audit   '@tailwindcss/node': [ '4.2.1' ],
70 silly audit   '@tailwindcss/oxide': [ '4.2.1' ],
70 silly audit   '@tailwindcss/oxide-android-arm64': [ '4.2.1' ],
70 silly audit   '@tailwindcss/oxide-darwin-arm64': [ '4.2.1' ],
70 silly audit   '@tailwindcss/oxide-darwin-x64': [ '4.2.1' ],
70 silly audit   '@tailwindcss/oxide-freebsd-x64': [ '4.2.1' ],
70 silly audit   '@tailwindcss/oxide-linux-arm-gnueabihf': [ '4.2.1' ],
70 silly audit   '@tailwindcss/oxide-linux-arm64-gnu': [ '4.2.1' ],
70 silly audit   '@tailwindcss/oxide-linux-arm64-musl': [ '4.2.1' ],
70 silly audit   '@tailwindcss/oxide-linux-x64-gnu': [ '4.2.1' ],
70 silly audit   '@tailwindcss/oxide-linux-x64-musl': [ '4.2.1' ],
70 silly audit   '@tailwindcss/oxide-win32-arm64-msvc': [ '4.2.1' ],
70 silly audit   '@tailwindcss/oxide-win32-x64-msvc': [ '4.2.1' ],
70 silly audit   '@tailwindcss/postcss': [ '4.2.1' ],
70 silly audit   '@testing-library/dom': [ '10.4.1' ],
70 silly audit   'aria-query': [ '5.3.0', '5.3.2' ],
70 silly audit   '@testing-library/jest-dom': [ '6.9.1' ],
70 silly audit   'dom-accessibility-api': [ '0.6.3', '0.5.16' ],
70 silly audit   '@testing-library/react': [ '16.3.2' ],
70 silly audit   '@tybys/wasm-util': [ '0.10.1' ],
70 silly audit   '@types/aria-query': [ '5.0.4' ],
70 silly audit   '@types/better-sqlite3': [ '7.6.13' ],
70 silly audit   '@types/chai': [ '5.2.3' ],
70 silly audit   '@types/deep-eql': [ '4.0.2' ],
70 silly audit   '@types/estree': [ '1.0.8' ],
70 silly audit   '@types/json-schema': [ '7.0.15' ],
70 silly audit   '@types/json5': [ '0.0.29' ],
70 silly audit   '@types/node': [ '20.19.37' ],
70 silly audit   '@types/pg': [ '8.20.0', '8.11.11' ],
70 silly audit   '@types/react': [ '19.2.14' ],
70 silly audit   '@types/react-dom': [ '19.2.3' ],
70 silly audit   '@typescript-eslint/eslint-plugin': [ '8.57.1' ],
70 silly audit   ignore: [ '7.0.5', '5.3.2' ],
70 silly audit   '@typescript-eslint/parser': [ '8.57.1' ],
70 silly audit   '@typescript-eslint/project-service': [ '8.57.1' ],
70 silly audit   '@typescript-eslint/scope-manager': [ '8.57.1' ],
70 silly audit   '@typescript-eslint/tsconfig-utils': [ '8.57.1' ],
70 silly audit   '@typescript-eslint/type-utils': [ '8.57.1' ],
70 silly audit   '@typescript-eslint/types': [ '8.57.1' ],
70 silly audit   '@typescript-eslint/typescript-estree': [ '8.57.1' ],
70 silly audit   'balanced-match': [ '4.0.4', '1.0.2' ],
70 silly audit   'brace-expansion': [ '5.0.4', '1.1.12' ],
70 silly audit   minimatch: [ '10.2.4', '3.1.5' ],
70 silly audit   semver: [ '7.7.4', '6.3.1' ],
70 silly audit   '@typescript-eslint/utils': [ '8.57.1' ],
70 silly audit   '@typescript-eslint/visitor-keys': [ '8.57.1' ],
70 silly audit   '@unrs/resolver-binding-android-arm-eabi': [ '1.11.1' ],
70 silly audit   '@unrs/resolver-binding-android-arm64': [ '1.11.1' ],
70 silly audit   '@unrs/resolver-binding-darwin-arm64': [ '1.11.1' ],
70 silly audit   '@unrs/resolver-binding-darwin-x64': [ '1.11.1' ],
70 silly audit   '@unrs/resolver-binding-freebsd-x64': [ '1.11.1' ],
70 silly audit   '@unrs/resolver-binding-linux-arm-gnueabihf': [ '1.11.1' ],
70 silly audit   '@unrs/resolver-binding-linux-arm-musleabihf': [ '1.11.1' ],
70 silly audit   '@unrs/resolver-binding-linux-arm64-gnu': [ '1.11.1' ],
70 silly audit   '@unrs/resolver-binding-linux-arm64-musl': [ '1.11.1' ],
70 silly audit   '@unrs/resolver-binding-linux-ppc64-gnu': [ '1.11.1' ],
70 silly audit   '@unrs/resolver-binding-linux-riscv64-gnu': [ '1.11.1' ],
70 silly audit   '@unrs/resolver-binding-linux-riscv64-musl': [ '1.11.1' ],
70 silly audit   '@unrs/resolver-binding-linux-s390x-gnu': [ '1.11.1' ],
70 silly audit   '@unrs/resolver-binding-linux-x64-gnu': [ '1.11.1' ],
70 silly audit   '@unrs/resolver-binding-linux-x64-musl': [ '1.11.1' ],
70 silly audit   '@unrs/resolver-binding-wasm32-wasi': [ '1.11.1' ],
70 silly audit   '@unrs/resolver-binding-win32-arm64-msvc': [ '1.11.1' ],
70 silly audit   '@unrs/resolver-binding-win32-ia32-msvc': [ '1.11.1' ],
70 silly audit   '@unrs/resolver-binding-win32-x64-msvc': [ '1.11.1' ],
70 silly audit   '@vitest/coverage-v8': [ '4.1.0' ],
70 silly audit   '@vitest/expect': [ '4.1.0' ],
70 silly audit   '@vitest/mocker': [ '4.1.0' ],
70 silly audit   '@vitest/pretty-format': [ '4.1.0' ],
70 silly audit   '@vitest/runner': [ '4.1.0' ],
70 silly audit   '@vitest/snapshot': [ '4.1.0' ],
70 silly audit   '@vitest/spy': [ '4.1.0' ],
70 silly audit   '@vitest/utils': [ '4.1.0' ],
70 silly audit   acorn: [ '8.16.0' ],
70 silly audit   'acorn-jsx': [ '5.3.2' ],
70 silly audit   ajv: [ '6.14.0' ],
70 silly audit   'ansi-regex': [ '5.0.1' ],
70 silly audit   'ansi-styles': [ '4.3.0', '5.2.0' ],
70 silly audit   argparse: [ '2.0.1' ],
70 silly audit   'array-buffer-byte-length': [ '1.0.2' ],
70 silly audit   'array-includes': [ '3.1.9' ],
70 silly audit   'array.prototype.findlast': [ '1.2.5' ],
70 silly audit   'array.prototype.findlastindex': [ '1.2.6' ],
70 silly audit   'array.prototype.flat': [ '1.3.3' ],
70 silly audit   'array.prototype.flatmap': [ '1.3.3' ],
70 silly audit   'array.prototype.tosorted': [ '1.1.4' ],
70 silly audit   'arraybuffer.prototype.slice': [ '1.0.4' ],
70 silly audit   'assertion-error': [ '2.0.1' ],
70 silly audit   'ast-types-flow': [ '0.0.8' ],
70 silly audit   'ast-v8-to-istanbul': [ '1.0.0' ],
70 silly audit   'js-tokens': [ '10.0.0', '4.0.0' ],
70 silly audit   'async-function': [ '1.0.0' ],
70 silly audit   'available-typed-arrays': [ '1.0.7' ],
70 silly audit   'aws-ssl-profiles': [ '1.1.2' ],
70 silly audit   'axe-core': [ '4.11.1' ],
70 silly audit   'axobject-query': [ '4.1.0' ],
70 silly audit   'base64-js': [ '1.5.1' ],
70 silly audit   'baseline-browser-mapping': [ '2.10.8' ],
70 silly audit   bcryptjs: [ '3.0.3' ],
70 silly audit   'better-sqlite3': [ '12.8.0' ],
70 silly audit   'bidi-js': [ '1.0.3' ],
70 silly audit   bindings: [ '1.5.0' ],
70 silly audit   bl: [ '4.1.0' ],
70 silly audit   braces: [ '3.0.3' ],
70 silly audit   browserslist: [ '4.28.1' ],
70 silly audit   buffer: [ '5.7.1' ],
70 silly audit   'call-bind': [ '1.0.8' ],
70 silly audit   'call-bind-apply-helpers': [ '1.0.2' ],
70 silly audit   'call-bound': [ '1.0.4' ],
70 silly audit   callsites: [ '3.1.0' ],
70 silly audit   'caniuse-lite': [ '1.0.30001780' ],
70 silly audit   chai: [ '6.2.2' ],
70 silly audit   chalk: [ '4.1.2' ],
70 silly audit   chevrotain: [ '10.5.0' ],
70 silly audit   chokidar: [ '4.0.3' ],
70 silly audit   chownr: [ '1.1.4' ],
70 silly audit   citty: [ '0.1.6', '0.2.1' ],
70 silly audit   'client-only': [ '0.0.1' ],
70 silly audit   clsx: [ '2.1.1' ],
70 silly audit   'color-convert': [ '2.0.1' ],
70 silly audit   'color-name': [ '1.1.4' ],
70 silly audit   'concat-map': [ '0.0.1' ],
70 silly audit   confbox: [ '0.2.4' ],
70 silly audit   consola: [ '3.4.2' ],
70 silly audit   'convert-source-map': [ '2.0.0' ],
70 silly audit   'cross-spawn': [ '7.0.6' ],
70 silly audit   'css-tree': [ '3.2.1' ],
70 silly audit   'css.escape': [ '1.5.1' ],
70 silly audit   csstype: [ '3.2.3' ],
70 silly audit   'damerau-levenshtein': [ '1.0.8' ],
70 silly audit   'data-urls': [ '7.0.0' ],
70 silly audit   'data-view-buffer': [ '1.0.2' ],
70 silly audit   'data-view-byte-length': [ '1.0.2' ],
70 silly audit   'data-view-byte-offset': [ '1.0.1' ],
70 silly audit   debug: [ '4.4.3', '3.2.7' ],
70 silly audit   'decimal.js': [ '10.6.0' ],
70 silly audit   'decompress-response': [ '6.0.0' ],
70 silly audit   'deep-extend': [ '0.6.0' ],
70 silly audit   'deep-is': [ '0.1.4' ],
70 silly audit   'deepmerge-ts': [ '7.1.5' ],
70 silly audit   'define-data-property': [ '1.1.4' ],
70 silly audit   'define-properties': [ '1.2.1' ],
70 silly audit   defu: [ '6.1.4' ],
70 silly audit   denque: [ '2.1.0' ],
70 silly audit   dequal: [ '2.0.3' ],
70 silly audit   destr: [ '2.0.5' ],
70 silly audit   'detect-libc': [ '2.1.2' ],
70 silly audit   doctrine: [ '2.1.0' ],
70 silly audit   'dunder-proto': [ '1.0.1' ],
70 silly audit   effect: [ '3.18.4' ],
70 silly audit   'electron-to-chromium': [ '1.5.313' ],
70 silly audit   'emoji-regex': [ '9.2.2' ],
70 silly audit   empathic: [ '2.0.0' ],
70 silly audit   'end-of-stream': [ '1.4.5' ],
70 silly audit   'enhanced-resolve': [ '5.20.1' ],
70 silly audit   entities: [ '6.0.1' ],
70 silly audit   'es-abstract': [ '1.24.1' ],
70 silly audit   'es-define-property': [ '1.0.1' ],
70 silly audit   'es-errors': [ '1.3.0' ],
70 silly audit   'es-iterator-helpers': [ '1.3.1' ],
70 silly audit   'es-module-lexer': [ '2.0.0' ],
70 silly audit   'es-object-atoms': [ '1.1.1' ],
70 silly audit   'es-set-tostringtag': [ '2.1.0' ],
70 silly audit   'es-shim-unscopables': [ '1.1.0' ],
70 silly audit   'es-to-primitive': [ '1.3.0' ],
70 silly audit   esbuild: [ '0.27.4' ],
70 silly audit   escalade: [ '3.2.0' ],
70 silly audit   'escape-string-regexp': [ '4.0.0' ],
70 silly audit   eslint: [ '9.39.4' ],
70 silly audit   'eslint-config-next': [ '16.1.7' ],
70 silly audit   globals: [ '16.4.0', '14.0.0' ],
70 silly audit   'eslint-import-resolver-node': [ '0.3.9' ],
70 silly audit   'eslint-import-resolver-typescript': [ '3.10.1' ],
70 silly audit   'eslint-module-utils': [ '2.12.1' ],
70 silly audit   'eslint-plugin-import': [ '2.32.0' ],
70 silly audit   'eslint-plugin-jsx-a11y': [ '6.10.2' ],
70 silly audit   'eslint-plugin-react': [ '7.37.5' ],
70 silly audit   'eslint-plugin-react-hooks': [ '7.0.1' ],
70 silly audit   resolve: [ '2.0.0-next.6', '1.22.11' ],
70 silly audit   'eslint-scope': [ '8.4.0' ],
70 silly audit   espree: [ '10.4.0' ],
70 silly audit   esquery: [ '1.7.0' ],
70 silly audit   esrecurse: [ '4.3.0' ],
70 silly audit   estraverse: [ '5.3.0' ],
70 silly audit   'estree-walker': [ '3.0.3' ],
70 silly audit   esutils: [ '2.0.3' ],
70 silly audit   'expand-template': [ '2.0.3' ],
70 silly audit   'expect-type': [ '1.3.0' ],
70 silly audit   exsolve: [ '1.0.8' ],
70 silly audit   'fast-check': [ '3.23.2' ],
70 silly audit   'fast-deep-equal': [ '3.1.3' ],
70 silly audit   'fast-glob': [ '3.3.1' ],
70 silly audit   'glob-parent': [ '5.1.2', '6.0.2' ],
70 silly audit   'fast-json-stable-stringify': [ '2.1.0' ],
70 silly audit   'fast-levenshtein': [ '2.0.6' ],
70 silly audit   fastq: [ '1.20.1' ],
70 silly audit   'file-entry-cache': [ '8.0.0' ],
70 silly audit   'file-uri-to-path': [ '1.0.0' ],
70 silly audit   'fill-range': [ '7.1.1' ],
70 silly audit   'find-up': [ '5.0.0' ],
70 silly audit   'flat-cache': [ '4.0.1' ],
70 silly audit   flatted: [ '3.4.2' ],
70 silly audit   'for-each': [ '0.3.5' ],
70 silly audit   'foreground-child': [ '3.3.1' ],
70 silly audit   'fs-constants': [ '1.0.0' ],
70 silly audit   fsevents: [ '2.3.3' ],
70 silly audit   'function-bind': [ '1.1.2' ],
70 silly audit   'function.prototype.name': [ '1.1.8' ],
70 silly audit   'functions-have-names': [ '1.2.3' ],
70 silly audit   'generate-function': [ '2.3.1' ],
70 silly audit   'generator-function': [ '2.0.1' ],
70 silly audit   gensync: [ '1.0.0-beta.2' ],
70 silly audit   'get-intrinsic': [ '1.3.0' ],
70 silly audit   'get-port-please': [ '3.2.0' ],
70 silly audit   'get-proto': [ '1.0.1' ],
70 silly audit   'get-symbol-description': [ '1.1.0' ],
70 silly audit   'get-tsconfig': [ '4.13.6' ],
70 silly audit   giget: [ '2.0.0' ],
70 silly audit   'github-from-package': [ '0.0.0' ],
70 silly audit   globalthis: [ '1.0.4' ],
70 silly audit   gopd: [ '1.2.0' ],
70 silly audit   'graceful-fs': [ '4.2.11' ],
70 silly audit   grammex: [ '3.1.12' ],
70 silly audit   graphmatch: [ '1.1.1' ],
70 silly audit   'has-bigints': [ '1.1.0' ],
70 silly audit   'has-flag': [ '4.0.0' ],
70 silly audit   'has-property-descriptors': [ '1.0.2' ],
70 silly audit   'has-proto': [ '1.2.0' ],
70 silly audit   'has-symbols': [ '1.1.0' ],
70 silly audit   'has-tostringtag': [ '1.0.2' ],
70 silly audit   hasown: [ '2.0.2' ],
70 silly audit   'hermes-estree': [ '0.25.1' ],
70 silly audit   'hermes-parser': [ '0.25.1' ],
70 silly audit   hono: [ '4.11.4' ],
70 silly audit   'html-encoding-sniffer': [ '6.0.0' ],
70 silly audit   'html-escaper': [ '2.0.2' ],
70 silly audit   'http-status-codes': [ '2.3.0' ],
70 silly audit   'iconv-lite': [ '0.7.2' ],
70 silly audit   ieee754: [ '1.2.1' ],
70 silly audit   'import-fresh': [ '3.3.1' ],
70 silly audit   imurmurhash: [ '0.1.4' ],
70 silly audit   'indent-string': [ '4.0.0' ],
70 silly audit   inherits: [ '2.0.4' ],
70 silly audit   ini: [ '1.3.8' ],
70 silly audit   'internal-slot': [ '1.1.0' ],
70 silly audit   'is-array-buffer': [ '3.0.5' ],
70 silly audit   'is-async-function': [ '2.1.1' ],
70 silly audit   'is-bigint': [ '1.1.0' ],
70 silly audit   'is-boolean-object': [ '1.2.2' ],
70 silly audit   'is-bun-module': [ '2.0.0' ],
70 silly audit   'is-callable': [ '1.2.7' ],
70 silly audit   'is-core-module': [ '2.16.1' ],
70 silly audit   'is-data-view': [ '1.0.2' ],
70 silly audit   'is-date-object': [ '1.1.0' ],
70 silly audit   'is-extglob': [ '2.1.1' ],
70 silly audit   'is-finalizationregistry': [ '1.1.1' ],
70 silly audit   'is-generator-function': [ '1.1.2' ],
70 silly audit   'is-glob': [ '4.0.3' ],
70 silly audit   'is-map': [ '2.0.3' ],
70 silly audit   'is-negative-zero': [ '2.0.3' ],
70 silly audit   'is-number': [ '7.0.0' ],
70 silly audit   'is-number-object': [ '1.1.1' ],
70 silly audit   'is-potential-custom-element-name': [ '1.0.1' ],
70 silly audit   'is-property': [ '1.0.2' ],
70 silly audit   'is-regex': [ '1.2.1' ],
70 silly audit   'is-set': [ '2.0.3' ],
70 silly audit   'is-shared-array-buffer': [ '1.0.4' ],
70 silly audit   'is-string': [ '1.1.1' ],
70 silly audit   'is-symbol': [ '1.1.1' ],
70 silly audit   'is-typed-array': [ '1.1.15' ],
70 silly audit   'is-weakmap': [ '2.0.2' ],
70 silly audit   'is-weakref': [ '1.1.1' ],
70 silly audit   'is-weakset': [ '2.0.4' ],
70 silly audit   isarray: [ '2.0.5' ],
70 silly audit   isexe: [ '2.0.0' ],
70 silly audit   'istanbul-lib-coverage': [ '3.2.2' ],
70 silly audit   'istanbul-lib-report': [ '3.0.1' ],
70 silly audit   'istanbul-reports': [ '3.2.0' ],
70 silly audit   'iterator.prototype': [ '1.1.5' ],
70 silly audit   jiti: [ '2.6.1' ],
70 silly audit   jose: [ '6.2.1' ],
70 silly audit   'js-yaml': [ '4.1.1' ],
70 silly audit   jsdom: [ '29.0.0' ],
70 silly audit   jsesc: [ '3.1.0' ],
70 silly audit   'json-buffer': [ '3.0.1' ],
70 silly audit   'json-schema-traverse': [ '0.4.1' ],
70 silly audit   'json-stable-stringify-without-jsonify': [ '1.0.1' ],
70 silly audit   json5: [ '2.2.3', '1.0.2' ],
70 silly audit   'jsx-ast-utils': [ '3.3.5' ],
70 silly audit   keyv: [ '4.5.4' ],
70 silly audit   'language-subtag-registry': [ '0.3.23' ],
70 silly audit   'language-tags': [ '1.0.9' ],
70 silly audit   levn: [ '0.4.1' ],
70 silly audit   lightningcss: [ '1.31.1', '1.32.0' ],
70 silly audit   'lightningcss-android-arm64': [ '1.31.1', '1.32.0' ],
70 silly audit   'lightningcss-darwin-arm64': [ '1.31.1', '1.32.0' ],
70 silly audit   'lightningcss-darwin-x64': [ '1.31.1', '1.32.0' ],
70 silly audit   'lightningcss-freebsd-x64': [ '1.31.1', '1.32.0' ],
70 silly audit   'lightningcss-linux-arm-gnueabihf': [ '1.31.1', '1.32.0' ],
70 silly audit   'lightningcss-linux-arm64-gnu': [ '1.31.1', '1.32.0' ],
70 silly audit   'lightningcss-linux-arm64-musl': [ '1.31.1', '1.32.0' ],
70 silly audit   'lightningcss-linux-x64-gnu': [ '1.31.1', '1.32.0' ],
70 silly audit   'lightningcss-linux-x64-musl': [ '1.31.1', '1.32.0' ],
70 silly audit   'lightningcss-win32-arm64-msvc': [ '1.31.1', '1.32.0' ],
70 silly audit   'lightningcss-win32-x64-msvc': [ '1.31.1', '1.32.0' ],
70 silly audit   lilconfig: [ '2.1.0' ],
70 silly audit   'locate-path': [ '6.0.0' ],
70 silly audit   lodash: [ '4.17.21' ],
70 silly audit   'lodash.merge': [ '4.6.2' ],
70 silly audit   long: [ '5.3.2' ],
70 silly audit   'loose-envify': [ '1.4.0' ],
70 silly audit   'lru.min': [ '1.1.4' ],
70 silly audit   'lucide-react': [ '0.577.0' ],
70 silly audit   'lz-string': [ '1.5.0' ],
70 silly audit   'magic-string': [ '0.30.21' ],
70 silly audit   'make-dir': [ '4.0.0' ],
70 silly audit   'math-intrinsics': [ '1.1.0' ],
70 silly audit   'mdn-data': [ '2.27.1' ],
70 silly audit   merge2: [ '1.4.1' ],
70 silly audit   micromatch: [ '4.0.8' ],
70 silly audit   'mimic-response': [ '3.1.0' ],
70 silly audit   'min-indent': [ '1.0.1' ],
70 silly audit   minimist: [ '1.2.8' ],
70 silly audit   'mkdirp-classic': [ '0.5.3' ],
70 silly audit   ms: [ '2.1.3' ],
70 silly audit   mysql2: [ '3.15.3' ],
70 silly audit   'named-placeholders': [ '1.1.6' ],
70 silly audit   nanoid: [ '5.1.7', '3.3.11' ],
70 silly audit   'napi-build-utils': [ '2.0.0' ],
70 silly audit   'napi-postinstall': [ '0.3.4' ],
70 silly audit   'natural-compare': [ '1.4.0' ],
70 silly audit   next: [ '16.1.7' ],
70 silly audit   postcss: [ '8.4.31', '8.5.8' ],
70 silly audit   'node-abi': [ '3.89.0' ],
70 silly audit   'node-exports-info': [ '1.6.0' ],
70 silly audit   'node-fetch-native': [ '1.6.7' ],
70 silly audit   'node-releases': [ '2.0.36' ],
70 silly audit   nypm: [ '0.6.5' ],
70 silly audit   'object-assign': [ '4.1.1' ],
70 silly audit   'object-inspect': [ '1.13.4' ],
70 silly audit   'object-keys': [ '1.1.1' ],
70 silly audit   'object.assign': [ '4.1.7' ],
70 silly audit   'object.entries': [ '1.1.9' ],
70 silly audit   'object.fromentries': [ '2.0.8' ],
70 silly audit   'object.groupby': [ '1.0.3' ],
70 silly audit   'object.values': [ '1.2.1' ],
70 silly audit   obug: [ '2.1.1' ],
70 silly audit   ohash: [ '2.0.11' ],
70 silly audit   once: [ '1.4.0' ],
70 silly audit   optionator: [ '0.9.4' ],
70 silly audit   'own-keys': [ '1.0.1' ],
70 silly audit   'p-limit': [ '3.1.0' ],
70 silly audit   'p-locate': [ '5.0.0' ],
70 silly audit   'parent-module': [ '1.0.1' ],
70 silly audit   parse5: [ '8.0.0' ],
70 silly audit   'path-exists': [ '4.0.0' ],
70 silly audit   'path-key': [ '3.1.1' ],
70 silly audit   'path-parse': [ '1.0.7' ],
70 silly audit   pathe: [ '2.0.3' ],
70 silly audit   'perfect-debounce': [ '1.0.0' ],
70 silly audit   pg: [ '8.20.0' ],
70 silly audit   'pg-cloudflare': [ '1.3.0' ],
70 silly audit   'pg-connection-string': [ '2.12.0' ],
70 silly audit   'pg-int8': [ '1.0.1' ],
70 silly audit   'pg-pool': [ '3.13.0' ],
70 silly audit   'pg-protocol': [ '1.13.0' ],
70 silly audit   'pg-types': [ '2.2.0', '4.1.0' ],
70 silly audit   'postgres-array': [ '2.0.0', '3.0.4' ],
70 silly audit   pgpass: [ '1.0.5' ],
70 silly audit   picocolors: [ '1.1.1' ],
70 silly audit   picomatch: [ '2.3.1', '4.0.3' ],
70 silly audit   'pkg-types': [ '2.3.0' ],
70 silly audit   'possible-typed-array-names': [ '1.1.0' ],
70 silly audit   postgres: [ '3.4.7' ],
70 silly audit   'postgres-bytea': [ '1.0.1', '3.0.0' ],
70 silly audit   'postgres-date': [ '1.0.7', '2.1.0' ],
70 silly audit   'postgres-interval': [ '1.2.0', '3.0.0' ],
70 silly audit   'prebuild-install': [ '7.1.3' ],
70 silly audit   'prelude-ls': [ '1.2.1' ],
70 silly audit   'pretty-format': [ '27.5.1' ],
70 silly audit   'react-is': [ '17.0.2', '16.13.1' ],
70 silly audit   prisma: [ '7.5.0' ],
70 silly audit   'prop-types': [ '15.8.1' ],
70 silly audit   'proper-lockfile': [ '4.1.2' ],
70 silly audit   'signal-exit': [ '3.0.7', '4.1.0' ],
70 silly audit   pump: [ '3.0.4' ],
70 silly audit   punycode: [ '2.3.1' ],
70 silly audit   'pure-rand': [ '6.1.0' ],
70 silly audit   'queue-microtask': [ '1.2.3' ],
70 silly audit   rc: [ '1.2.8' ],
70 silly audit   'strip-json-comments': [ '2.0.1', '3.1.1' ],
70 silly audit   rc9: [ '2.1.2' ],
70 silly audit   react: [ '19.2.3' ],
70 silly audit   'react-dom': [ '19.2.3' ],
70 silly audit   'readable-stream': [ '3.6.2' ],
70 silly audit   readdirp: [ '4.1.2' ],
70 silly audit   redent: [ '3.0.0' ],
70 silly audit   'reflect.getprototypeof': [ '1.0.10' ],
70 silly audit   'regexp-to-ast': [ '0.5.0' ],
70 silly audit   'regexp.prototype.flags': [ '1.5.4' ],
70 silly audit   remeda: [ '2.33.4' ],
70 silly audit   'require-from-string': [ '2.0.2' ],
70 silly audit   'resolve-from': [ '4.0.0' ],
70 silly audit   'resolve-pkg-maps': [ '1.0.0' ],
70 silly audit   retry: [ '0.12.0' ],
70 silly audit   reusify: [ '1.1.0' ],
70 silly audit   rolldown: [ '1.0.0-rc.9' ],
70 silly audit   'run-parallel': [ '1.2.0' ],
70 silly audit   'safe-array-concat': [ '1.1.3' ],
70 silly audit   'safe-buffer': [ '5.2.1' ],
70 silly audit   'safe-push-apply': [ '1.0.0' ],
70 silly audit   'safe-regex-test': [ '1.1.0' ],
70 silly audit   'safer-buffer': [ '2.1.2' ],
70 silly audit   saxes: [ '6.0.0' ],
70 silly audit   scheduler: [ '0.27.0' ],
70 silly audit   'seq-queue': [ '0.0.5' ],
70 silly audit   'set-function-length': [ '1.2.2' ],
70 silly audit   'set-function-name': [ '2.0.2' ],
70 silly audit   'set-proto': [ '1.0.0' ],
70 silly audit   sharp: [ '0.34.5' ],
70 silly audit   'shebang-command': [ '2.0.0' ],
70 silly audit   'shebang-regex': [ '3.0.0' ],
70 silly audit   'side-channel': [ '1.1.0' ],
70 silly audit   'side-channel-list': [ '1.0.0' ],
70 silly audit   'side-channel-map': [ '1.0.1' ],
70 silly audit   'side-channel-weakmap': [ '1.0.2' ],
70 silly audit   siginfo: [ '2.0.0' ],
70 silly audit   'simple-concat': [ '1.0.1' ],
70 silly audit   'simple-get': [ '4.0.1' ],
70 silly audit   'source-map-js': [ '1.2.1' ],
70 silly audit   split2: [ '4.2.0' ],
70 silly audit   sqlstring: [ '2.3.3' ],
70 silly audit   'stable-hash': [ '0.0.5' ],
70 silly audit   stackback: [ '0.0.2' ],
70 silly audit   'stop-iteration-iterator': [ '1.1.0' ],
70 silly audit   string_decoder: [ '1.3.0' ],
70 silly audit   'string.prototype.includes': [ '2.0.1' ],
70 silly audit   'string.prototype.matchall': [ '4.0.12' ],
70 silly audit   'string.prototype.repeat': [ '1.0.0' ],
70 silly audit   'string.prototype.trim': [ '1.2.10' ],
70 silly audit   'string.prototype.trimend': [ '1.0.9' ],
70 silly audit   'string.prototype.trimstart': [ '1.0.8' ],
70 silly audit   'strip-bom': [ '3.0.0' ],
70 silly audit   'strip-indent': [ '3.0.0' ],
70 silly audit   'styled-jsx': [ '5.1.6' ],
70 silly audit   'supports-color': [ '7.2.0' ],
70 silly audit   'supports-preserve-symlinks-flag': [ '1.0.0' ],
70 silly audit   'symbol-tree': [ '3.2.4' ],
70 silly audit   'tailwind-merge': [ '3.5.0' ],
70 silly audit   tailwindcss: [ '4.2.1' ],
70 silly audit   tapable: [ '2.3.0' ],
70 silly audit   'tar-fs': [ '2.1.4' ],
70 silly audit   'tar-stream': [ '2.2.0' ],
70 silly audit   tinybench: [ '2.9.0' ],
70 silly audit   tinyexec: [ '1.0.4' ],
70 silly audit   tinyglobby: [ '0.2.15' ],
70 silly audit   fdir: [ '6.5.0' ],
70 silly audit   tinyrainbow: [ '3.1.0' ],
70 silly audit   tldts: [ '7.0.26' ],
70 silly audit   'tldts-core': [ '7.0.26' ],
70 silly audit   'to-regex-range': [ '5.0.1' ],
70 silly audit   'tough-cookie': [ '6.0.1' ],
70 silly audit   tr46: [ '6.0.0' ],
70 silly audit   'ts-api-utils': [ '2.4.0' ],
70 silly audit   'tsconfig-paths': [ '3.15.0' ],
70 silly audit   tslib: [ '2.8.1' ],
70 silly audit   tsx: [ '4.21.0' ],
70 silly audit   'tunnel-agent': [ '0.6.0' ],
70 silly audit   'type-check': [ '0.4.0' ],
70 silly audit   'typed-array-buffer': [ '1.0.3' ],
70 silly audit   'typed-array-byte-length': [ '1.0.3' ],
70 silly audit   'typed-array-byte-offset': [ '1.0.4' ],
70 silly audit   'typed-array-length': [ '1.0.7' ],
70 silly audit   typescript: [ '5.9.3' ],
70 silly audit   'typescript-eslint': [ '8.57.1' ],
70 silly audit   'unbox-primitive': [ '1.1.0' ],
70 silly audit   undici: [ '7.24.4' ],
70 silly audit   'undici-types': [ '6.21.0' ],
70 silly audit   'unrs-resolver': [ '1.11.1' ],
70 silly audit   'update-browserslist-db': [ '1.2.3' ],
70 silly audit   'uri-js': [ '4.4.1' ],
70 silly audit   'util-deprecate': [ '1.0.2' ],
70 silly audit   valibot: [ '1.2.0' ],
70 silly audit   vite: [ '8.0.0' ],
70 silly audit   vitest: [ '4.1.0' ],
70 silly audit   'w3c-xmlserializer': [ '5.0.0' ],
70 silly audit   'webidl-conversions': [ '8.0.1' ],
70 silly audit   'whatwg-mimetype': [ '5.0.0' ],
70 silly audit   'whatwg-url': [ '16.0.1' ],
70 silly audit   which: [ '2.0.2' ],
70 silly audit   'which-boxed-primitive': [ '1.1.1' ],
70 silly audit   'which-builtin-type': [ '1.2.1' ],
70 silly audit   'which-collection': [ '1.0.2' ],
70 silly audit   'which-typed-array': [ '1.1.20' ],
70 silly audit   'why-is-node-running': [ '2.3.0' ],
70 silly audit   'word-wrap': [ '1.2.5' ],
70 silly audit   wrappy: [ '1.0.2' ],
70 silly audit   'xml-name-validator': [ '5.0.0' ],
70 silly audit   xmlchars: [ '2.2.0' ],
70 silly audit   xtend: [ '4.0.2' ],
70 silly audit   yallist: [ '3.1.1' ],
70 silly audit   'yocto-queue': [ '0.1.0' ],
70 silly audit   zeptomatch: [ '2.1.0' ],
70 silly audit   zod: [ '4.3.6' ],
70 silly audit   'zod-validation-error': [ '4.0.2' ],
70 silly audit   '@prisma/adapter-pg': [ '7.5.0' ],
70 silly audit   '@prisma/driver-adapter-utils': [ '7.5.0' ],
70 silly audit   'pg-numeric': [ '1.0.2' ],
70 silly audit   'postgres-range': [ '1.1.4' ],
70 silly audit   obuf: [ '1.1.2' ],
70 silly audit   '@tailwindcss/oxide-wasm32-wasi': [ '4.2.1' ]
70 silly audit }
71 verbose reify failed optional dependency /Users/mac/Documents/code/subsplit/node_modules/lightningcss-win32-x64-msvc
72 silly reify mark deleted [
72 silly reify   '/Users/mac/Documents/code/subsplit/node_modules/lightningcss-win32-x64-msvc'
72 silly reify ]
73 verbose reify failed optional dependency /Users/mac/Documents/code/subsplit/node_modules/lightningcss-win32-arm64-msvc
74 silly reify mark deleted [
74 silly reify   '/Users/mac/Documents/code/subsplit/node_modules/lightningcss-win32-arm64-msvc'
74 silly reify ]
75 verbose reify failed optional dependency /Users/mac/Documents/code/subsplit/node_modules/lightningcss-linux-x64-musl
76 silly reify mark deleted [
76 silly reify   '/Users/mac/Documents/code/subsplit/node_modules/lightningcss-linux-x64-musl'
76 silly reify ]
77 verbose reify failed optional dependency /Users/mac/Documents/code/subsplit/node_modules/lightningcss-linux-x64-gnu
78 silly reify mark deleted [
78 silly reify   '/Users/mac/Documents/code/subsplit/node_modules/lightningcss-linux-x64-gnu'
78 silly reify ]
79 verbose reify failed optional dependency /Users/mac/Documents/code/subsplit/node_modules/lightningcss-linux-arm64-musl
80 silly reify mark deleted [
80 silly reify   '/Users/mac/Documents/code/subsplit/node_modules/lightningcss-linux-arm64-musl'
80 silly reify ]
81 verbose reify failed optional dependency /Users/mac/Documents/code/subsplit/node_modules/lightningcss-linux-arm64-gnu
82 silly reify mark deleted [
82 silly reify   '/Users/mac/Documents/code/subsplit/node_modules/lightningcss-linux-arm64-gnu'
82 silly reify ]
83 verbose reify failed optional dependency /Users/mac/Documents/code/subsplit/node_modules/lightningcss-linux-arm-gnueabihf
84 silly reify mark deleted [
84 silly reify   '/Users/mac/Documents/code/subsplit/node_modules/lightningcss-linux-arm-gnueabihf'
84 silly reify ]
85 verbose reify failed optional dependency /Users/mac/Documents/code/subsplit/node_modules/lightningcss-freebsd-x64
86 silly reify mark deleted [
86 silly reify   '/Users/mac/Documents/code/subsplit/node_modules/lightningcss-freebsd-x64'
86 silly reify ]
87 verbose reify failed optional dependency /Users/mac/Documents/code/subsplit/node_modules/lightningcss-darwin-arm64
88 silly reify mark deleted [
88 silly reify   '/Users/mac/Documents/code/subsplit/node_modules/lightningcss-darwin-arm64'
88 silly reify ]
89 verbose reify failed optional dependency /Users/mac/Documents/code/subsplit/node_modules/lightningcss-android-arm64
90 silly reify mark deleted [
90 silly reify   '/Users/mac/Documents/code/subsplit/node_modules/lightningcss-android-arm64'
90 silly reify ]
91 verbose reify failed optional dependency /Users/mac/Documents/code/subsplit/node_modules/@unrs/resolver-binding-win32-x64-msvc
92 silly reify mark deleted [
92 silly reify   '/Users/mac/Documents/code/subsplit/node_modules/@unrs/resolver-binding-win32-x64-msvc'
92 silly reify ]
93 verbose reify failed optional dependency /Users/mac/Documents/code/subsplit/node_modules/@unrs/resolver-binding-win32-ia32-msvc
94 silly reify mark deleted [
94 silly reify   '/Users/mac/Documents/code/subsplit/node_modules/@unrs/resolver-binding-win32-ia32-msvc'
94 silly reify ]
95 verbose reify failed optional dependency /Users/mac/Documents/code/subsplit/node_modules/@unrs/resolver-binding-win32-arm64-msvc
96 silly reify mark deleted [
96 silly reify   '/Users/mac/Documents/code/subsplit/node_modules/@unrs/resolver-binding-win32-arm64-msvc'
96 silly reify ]
97 verbose reify failed optional dependency /Users/mac/Documents/code/subsplit/node_modules/@unrs/resolver-binding-wasm32-wasi
98 silly reify mark deleted [
98 silly reify   '/Users/mac/Documents/code/subsplit/node_modules/@unrs/resolver-binding-wasm32-wasi'
98 silly reify ]
99 verbose reify failed optional dependency /Users/mac/Documents/code/subsplit/node_modules/@unrs/resolver-binding-linux-x64-musl
100 silly reify mark deleted [
100 silly reify   '/Users/mac/Documents/code/subsplit/node_modules/@unrs/resolver-binding-linux-x64-musl'
100 silly reify ]
101 verbose reify failed optional dependency /Users/mac/Documents/code/subsplit/node_modules/@unrs/resolver-binding-linux-x64-gnu
102 silly reify mark deleted [
102 silly reify   '/Users/mac/Documents/code/subsplit/node_modules/@unrs/resolver-binding-linux-x64-gnu'
102 silly reify ]
103 verbose reify failed optional dependency /Users/mac/Documents/code/subsplit/node_modules/@unrs/resolver-binding-linux-s390x-gnu
104 silly reify mark deleted [
104 silly reify   '/Users/mac/Documents/code/subsplit/node_modules/@unrs/resolver-binding-linux-s390x-gnu'
104 silly reify ]
105 verbose reify failed optional dependency /Users/mac/Documents/code/subsplit/node_modules/@unrs/resolver-binding-linux-riscv64-musl
106 silly reify mark deleted [
106 silly reify   '/Users/mac/Documents/code/subsplit/node_modules/@unrs/resolver-binding-linux-riscv64-musl'
106 silly reify ]
107 verbose reify failed optional dependency /Users/mac/Documents/code/subsplit/node_modules/@unrs/resolver-binding-linux-riscv64-gnu
108 silly reify mark deleted [
108 silly reify   '/Users/mac/Documents/code/subsplit/node_modules/@unrs/resolver-binding-linux-riscv64-gnu'
108 silly reify ]
109 verbose reify failed optional dependency /Users/mac/Documents/code/subsplit/node_modules/@unrs/resolver-binding-linux-ppc64-gnu
110 silly reify mark deleted [
110 silly reify   '/Users/mac/Documents/code/subsplit/node_modules/@unrs/resolver-binding-linux-ppc64-gnu'
110 silly reify ]
111 verbose reify failed optional dependency /Users/mac/Documents/code/subsplit/node_modules/@unrs/resolver-binding-linux-arm64-musl
112 silly reify mark deleted [
112 silly reify   '/Users/mac/Documents/code/subsplit/node_modules/@unrs/resolver-binding-linux-arm64-musl'
112 silly reify ]
113 verbose reify failed optional dependency /Users/mac/Documents/code/subsplit/node_modules/@unrs/resolver-binding-linux-arm64-gnu
114 silly reify mark deleted [
114 silly reify   '/Users/mac/Documents/code/subsplit/node_modules/@unrs/resolver-binding-linux-arm64-gnu'
114 silly reify ]
115 verbose reify failed optional dependency /Users/mac/Documents/code/subsplit/node_modules/@unrs/resolver-binding-linux-arm-musleabihf
116 silly reify mark deleted [
116 silly reify   '/Users/mac/Documents/code/subsplit/node_modules/@unrs/resolver-binding-linux-arm-musleabihf'
116 silly reify ]
117 verbose reify failed optional dependency /Users/mac/Documents/code/subsplit/node_modules/@unrs/resolver-binding-linux-arm-gnueabihf
118 silly reify mark deleted [
118 silly reify   '/Users/mac/Documents/code/subsplit/node_modules/@unrs/resolver-binding-linux-arm-gnueabihf'
118 silly reify ]
119 verbose reify failed optional dependency /Users/mac/Documents/code/subsplit/node_modules/@unrs/resolver-binding-freebsd-x64
120 silly reify mark deleted [
120 silly reify   '/Users/mac/Documents/code/subsplit/node_modules/@unrs/resolver-binding-freebsd-x64'
120 silly reify ]
121 verbose reify failed optional dependency /Users/mac/Documents/code/subsplit/node_modules/@unrs/resolver-binding-darwin-arm64
122 silly reify mark deleted [
122 silly reify   '/Users/mac/Documents/code/subsplit/node_modules/@unrs/resolver-binding-darwin-arm64'
122 silly reify ]
123 verbose reify failed optional dependency /Users/mac/Documents/code/subsplit/node_modules/@unrs/resolver-binding-android-arm64
124 silly reify mark deleted [
124 silly reify   '/Users/mac/Documents/code/subsplit/node_modules/@unrs/resolver-binding-android-arm64'
124 silly reify ]
125 verbose reify failed optional dependency /Users/mac/Documents/code/subsplit/node_modules/@unrs/resolver-binding-android-arm-eabi
126 silly reify mark deleted [
126 silly reify   '/Users/mac/Documents/code/subsplit/node_modules/@unrs/resolver-binding-android-arm-eabi'
126 silly reify ]
127 verbose reify failed optional dependency /Users/mac/Documents/code/subsplit/node_modules/@tailwindcss/oxide-win32-x64-msvc
128 silly reify mark deleted [
128 silly reify   '/Users/mac/Documents/code/subsplit/node_modules/@tailwindcss/oxide-win32-x64-msvc'
128 silly reify ]
129 verbose reify failed optional dependency /Users/mac/Documents/code/subsplit/node_modules/@tailwindcss/oxide-win32-arm64-msvc
130 silly reify mark deleted [
130 silly reify   '/Users/mac/Documents/code/subsplit/node_modules/@tailwindcss/oxide-win32-arm64-msvc'
130 silly reify ]
131 verbose reify failed optional dependency /Users/mac/Documents/code/subsplit/node_modules/@tailwindcss/oxide-linux-x64-musl
132 silly reify mark deleted [
132 silly reify   '/Users/mac/Documents/code/subsplit/node_modules/@tailwindcss/oxide-linux-x64-musl'
132 silly reify ]
133 verbose reify failed optional dependency /Users/mac/Documents/code/subsplit/node_modules/@tailwindcss/oxide-linux-x64-gnu
134 silly reify mark deleted [
134 silly reify   '/Users/mac/Documents/code/subsplit/node_modules/@tailwindcss/oxide-linux-x64-gnu'
134 silly reify ]
135 verbose reify failed optional dependency /Users/mac/Documents/code/subsplit/node_modules/@tailwindcss/oxide-linux-arm64-musl
136 silly reify mark deleted [
136 silly reify   '/Users/mac/Documents/code/subsplit/node_modules/@tailwindcss/oxide-linux-arm64-musl'
136 silly reify ]
137 verbose reify failed optional dependency /Users/mac/Documents/code/subsplit/node_modules/@tailwindcss/oxide-linux-arm64-gnu
138 silly reify mark deleted [
138 silly reify   '/Users/mac/Documents/code/subsplit/node_modules/@tailwindcss/oxide-linux-arm64-gnu'
138 silly reify ]
139 verbose reify failed optional dependency /Users/mac/Documents/code/subsplit/node_modules/@tailwindcss/oxide-linux-arm-gnueabihf
140 silly reify mark deleted [
140 silly reify   '/Users/mac/Documents/code/subsplit/node_modules/@tailwindcss/oxide-linux-arm-gnueabihf'
140 silly reify ]
141 verbose reify failed optional dependency /Users/mac/Documents/code/subsplit/node_modules/@tailwindcss/oxide-freebsd-x64
142 silly reify mark deleted [
142 silly reify   '/Users/mac/Documents/code/subsplit/node_modules/@tailwindcss/oxide-freebsd-x64'
142 silly reify ]
143 verbose reify failed optional dependency /Users/mac/Documents/code/subsplit/node_modules/@tailwindcss/oxide-darwin-arm64
144 silly reify mark deleted [
144 silly reify   '/Users/mac/Documents/code/subsplit/node_modules/@tailwindcss/oxide-darwin-arm64'
144 silly reify ]
145 verbose reify failed optional dependency /Users/mac/Documents/code/subsplit/node_modules/@tailwindcss/oxide-android-arm64
146 silly reify mark deleted [
146 silly reify   '/Users/mac/Documents/code/subsplit/node_modules/@tailwindcss/oxide-android-arm64'
146 silly reify ]
147 verbose reify failed optional dependency /Users/mac/Documents/code/subsplit/node_modules/@rolldown/binding-win32-x64-msvc
148 silly reify mark deleted [
148 silly reify   '/Users/mac/Documents/code/subsplit/node_modules/@rolldown/binding-win32-x64-msvc'
148 silly reify ]
149 verbose reify failed optional dependency /Users/mac/Documents/code/subsplit/node_modules/@rolldown/binding-win32-arm64-msvc
150 silly reify mark deleted [
150 silly reify   '/Users/mac/Documents/code/subsplit/node_modules/@rolldown/binding-win32-arm64-msvc'
150 silly reify ]
151 verbose reify failed optional dependency /Users/mac/Documents/code/subsplit/node_modules/@rolldown/binding-wasm32-wasi
152 silly reify mark deleted [
152 silly reify   '/Users/mac/Documents/code/subsplit/node_modules/@rolldown/binding-wasm32-wasi'
152 silly reify ]
153 verbose reify failed optional dependency /Users/mac/Documents/code/subsplit/node_modules/@rolldown/binding-wasm32-wasi/node_modules/@napi-rs/wasm-runtime
154 silly reify mark deleted [
154 silly reify   '/Users/mac/Documents/code/subsplit/node_modules/@rolldown/binding-wasm32-wasi/node_modules/@napi-rs/wasm-runtime'
154 silly reify ]
155 verbose reify failed optional dependency /Users/mac/Documents/code/subsplit/node_modules/@rolldown/binding-openharmony-arm64
156 silly reify mark deleted [
156 silly reify   '/Users/mac/Documents/code/subsplit/node_modules/@rolldown/binding-openharmony-arm64'
156 silly reify ]
157 verbose reify failed optional dependency /Users/mac/Documents/code/subsplit/node_modules/@rolldown/binding-linux-x64-musl
158 silly reify mark deleted [
158 silly reify   '/Users/mac/Documents/code/subsplit/node_modules/@rolldown/binding-linux-x64-musl'
158 silly reify ]
159 verbose reify failed optional dependency /Users/mac/Documents/code/subsplit/node_modules/@rolldown/binding-linux-x64-gnu
160 silly reify mark deleted [
160 silly reify   '/Users/mac/Documents/code/subsplit/node_modules/@rolldown/binding-linux-x64-gnu'
160 silly reify ]
161 verbose reify failed optional dependency /Users/mac/Documents/code/subsplit/node_modules/@rolldown/binding-linux-s390x-gnu
162 silly reify mark deleted [
162 silly reify   '/Users/mac/Documents/code/subsplit/node_modules/@rolldown/binding-linux-s390x-gnu'
162 silly reify ]
163 verbose reify failed optional dependency /Users/mac/Documents/code/subsplit/node_modules/@rolldown/binding-linux-ppc64-gnu
164 silly reify mark deleted [
164 silly reify   '/Users/mac/Documents/code/subsplit/node_modules/@rolldown/binding-linux-ppc64-gnu'
164 silly reify ]
165 verbose reify failed optional dependency /Users/mac/Documents/code/subsplit/node_modules/@rolldown/binding-linux-arm64-musl
166 silly reify mark deleted [
166 silly reify   '/Users/mac/Documents/code/subsplit/node_modules/@rolldown/binding-linux-arm64-musl'
166 silly reify ]
167 verbose reify failed optional dependency /Users/mac/Documents/code/subsplit/node_modules/@rolldown/binding-linux-arm64-gnu
168 silly reify mark deleted [
168 silly reify   '/Users/mac/Documents/code/subsplit/node_modules/@rolldown/binding-linux-arm64-gnu'
168 silly reify ]
169 verbose reify failed optional dependency /Users/mac/Documents/code/subsplit/node_modules/@rolldown/binding-linux-arm-gnueabihf
170 silly reify mark deleted [
170 silly reify   '/Users/mac/Documents/code/subsplit/node_modules/@rolldown/binding-linux-arm-gnueabihf'
170 silly reify ]
171 verbose reify failed optional dependency /Users/mac/Documents/code/subsplit/node_modules/@rolldown/binding-freebsd-x64
172 silly reify mark deleted [
172 silly reify   '/Users/mac/Documents/code/subsplit/node_modules/@rolldown/binding-freebsd-x64'
172 silly reify ]
173 verbose reify failed optional dependency /Users/mac/Documents/code/subsplit/node_modules/@rolldown/binding-darwin-arm64
174 silly reify mark deleted [
174 silly reify   '/Users/mac/Documents/code/subsplit/node_modules/@rolldown/binding-darwin-arm64'
174 silly reify ]
175 verbose reify failed optional dependency /Users/mac/Documents/code/subsplit/node_modules/@rolldown/binding-android-arm64
176 silly reify mark deleted [
176 silly reify   '/Users/mac/Documents/code/subsplit/node_modules/@rolldown/binding-android-arm64'
176 silly reify ]
177 verbose reify failed optional dependency /Users/mac/Documents/code/subsplit/node_modules/@next/swc-win32-x64-msvc
178 silly reify mark deleted [
178 silly reify   '/Users/mac/Documents/code/subsplit/node_modules/@next/swc-win32-x64-msvc'
178 silly reify ]
179 verbose reify failed optional dependency /Users/mac/Documents/code/subsplit/node_modules/@next/swc-win32-arm64-msvc
180 silly reify mark deleted [
180 silly reify   '/Users/mac/Documents/code/subsplit/node_modules/@next/swc-win32-arm64-msvc'
180 silly reify ]
181 verbose reify failed optional dependency /Users/mac/Documents/code/subsplit/node_modules/@next/swc-linux-x64-musl
182 silly reify mark deleted [
182 silly reify   '/Users/mac/Documents/code/subsplit/node_modules/@next/swc-linux-x64-musl'
182 silly reify ]
183 verbose reify failed optional dependency /Users/mac/Documents/code/subsplit/node_modules/@next/swc-linux-x64-gnu
184 silly reify mark deleted [
184 silly reify   '/Users/mac/Documents/code/subsplit/node_modules/@next/swc-linux-x64-gnu'
184 silly reify ]
185 verbose reify failed optional dependency /Users/mac/Documents/code/subsplit/node_modules/@next/swc-linux-arm64-musl
186 silly reify mark deleted [
186 silly reify   '/Users/mac/Documents/code/subsplit/node_modules/@next/swc-linux-arm64-musl'
186 silly reify ]
187 verbose reify failed optional dependency /Users/mac/Documents/code/subsplit/node_modules/@next/swc-linux-arm64-gnu
188 silly reify mark deleted [
188 silly reify   '/Users/mac/Documents/code/subsplit/node_modules/@next/swc-linux-arm64-gnu'
188 silly reify ]
189 verbose reify failed optional dependency /Users/mac/Documents/code/subsplit/node_modules/@next/swc-darwin-arm64
190 silly reify mark deleted [
190 silly reify   '/Users/mac/Documents/code/subsplit/node_modules/@next/swc-darwin-arm64'
190 silly reify ]
191 verbose reify failed optional dependency /Users/mac/Documents/code/subsplit/node_modules/@img/sharp-win32-x64
192 silly reify mark deleted [
192 silly reify   '/Users/mac/Documents/code/subsplit/node_modules/@img/sharp-win32-x64'
192 silly reify ]
193 verbose reify failed optional dependency /Users/mac/Documents/code/subsplit/node_modules/@img/sharp-win32-ia32
194 silly reify mark deleted [
194 silly reify   '/Users/mac/Documents/code/subsplit/node_modules/@img/sharp-win32-ia32'
194 silly reify ]
195 verbose reify failed optional dependency /Users/mac/Documents/code/subsplit/node_modules/@img/sharp-win32-arm64
196 silly reify mark deleted [
196 silly reify   '/Users/mac/Documents/code/subsplit/node_modules/@img/sharp-win32-arm64'
196 silly reify ]
197 verbose reify failed optional dependency /Users/mac/Documents/code/subsplit/node_modules/@img/sharp-wasm32
198 silly reify mark deleted [ '/Users/mac/Documents/code/subsplit/node_modules/@img/sharp-wasm32' ]
199 verbose reify failed optional dependency /Users/mac/Documents/code/subsplit/node_modules/@img/sharp-linuxmusl-x64
200 silly reify mark deleted [
200 silly reify   '/Users/mac/Documents/code/subsplit/node_modules/@img/sharp-linuxmusl-x64'
200 silly reify ]
201 verbose reify failed optional dependency /Users/mac/Documents/code/subsplit/node_modules/@img/sharp-linuxmusl-arm64
202 silly reify mark deleted [
202 silly reify   '/Users/mac/Documents/code/subsplit/node_modules/@img/sharp-linuxmusl-arm64'
202 silly reify ]
203 verbose reify failed optional dependency /Users/mac/Documents/code/subsplit/node_modules/@img/sharp-linux-x64
204 silly reify mark deleted [
204 silly reify   '/Users/mac/Documents/code/subsplit/node_modules/@img/sharp-linux-x64'
204 silly reify ]
205 verbose reify failed optional dependency /Users/mac/Documents/code/subsplit/node_modules/@img/sharp-linux-s390x
206 silly reify mark deleted [
206 silly reify   '/Users/mac/Documents/code/subsplit/node_modules/@img/sharp-linux-s390x'
206 silly reify ]
207 verbose reify failed optional dependency /Users/mac/Documents/code/subsplit/node_modules/@img/sharp-linux-riscv64
208 silly reify mark deleted [
208 silly reify   '/Users/mac/Documents/code/subsplit/node_modules/@img/sharp-linux-riscv64'
208 silly reify ]
209 verbose reify failed optional dependency /Users/mac/Documents/code/subsplit/node_modules/@img/sharp-linux-ppc64
210 silly reify mark deleted [
210 silly reify   '/Users/mac/Documents/code/subsplit/node_modules/@img/sharp-linux-ppc64'
210 silly reify ]
211 verbose reify failed optional dependency /Users/mac/Documents/code/subsplit/node_modules/@img/sharp-linux-arm64
212 silly reify mark deleted [
212 silly reify   '/Users/mac/Documents/code/subsplit/node_modules/@img/sharp-linux-arm64'
212 silly reify ]
213 verbose reify failed optional dependency /Users/mac/Documents/code/subsplit/node_modules/@img/sharp-linux-arm
214 silly reify mark deleted [
214 silly reify   '/Users/mac/Documents/code/subsplit/node_modules/@img/sharp-linux-arm'
214 silly reify ]
215 verbose reify failed optional dependency /Users/mac/Documents/code/subsplit/node_modules/@img/sharp-libvips-linuxmusl-x64
216 silly reify mark deleted [
216 silly reify   '/Users/mac/Documents/code/subsplit/node_modules/@img/sharp-libvips-linuxmusl-x64'
216 silly reify ]
217 verbose reify failed optional dependency /Users/mac/Documents/code/subsplit/node_modules/@img/sharp-libvips-linuxmusl-arm64
218 silly reify mark deleted [
218 silly reify   '/Users/mac/Documents/code/subsplit/node_modules/@img/sharp-libvips-linuxmusl-arm64'
218 silly reify ]
219 verbose reify failed optional dependency /Users/mac/Documents/code/subsplit/node_modules/@img/sharp-libvips-linux-x64
220 silly reify mark deleted [
220 silly reify   '/Users/mac/Documents/code/subsplit/node_modules/@img/sharp-libvips-linux-x64'
220 silly reify ]
221 verbose reify failed optional dependency /Users/mac/Documents/code/subsplit/node_modules/@img/sharp-libvips-linux-s390x
222 silly reify mark deleted [
222 silly reify   '/Users/mac/Documents/code/subsplit/node_modules/@img/sharp-libvips-linux-s390x'
222 silly reify ]
223 verbose reify failed optional dependency /Users/mac/Documents/code/subsplit/node_modules/@img/sharp-libvips-linux-riscv64
224 silly reify mark deleted [
224 silly reify   '/Users/mac/Documents/code/subsplit/node_modules/@img/sharp-libvips-linux-riscv64'
224 silly reify ]
225 verbose reify failed optional dependency /Users/mac/Documents/code/subsplit/node_modules/@img/sharp-libvips-linux-ppc64
226 silly reify mark deleted [
226 silly reify   '/Users/mac/Documents/code/subsplit/node_modules/@img/sharp-libvips-linux-ppc64'
226 silly reify ]
227 verbose reify failed optional dependency /Users/mac/Documents/code/subsplit/node_modules/@img/sharp-libvips-linux-arm64
228 silly reify mark deleted [
228 silly reify   '/Users/mac/Documents/code/subsplit/node_modules/@img/sharp-libvips-linux-arm64'
228 silly reify ]
229 verbose reify failed optional dependency /Users/mac/Documents/code/subsplit/node_modules/@img/sharp-libvips-linux-arm
230 silly reify mark deleted [
230 silly reify   '/Users/mac/Documents/code/subsplit/node_modules/@img/sharp-libvips-linux-arm'
230 silly reify ]
231 verbose reify failed optional dependency /Users/mac/Documents/code/subsplit/node_modules/@img/sharp-libvips-darwin-arm64
232 silly reify mark deleted [
232 silly reify   '/Users/mac/Documents/code/subsplit/node_modules/@img/sharp-libvips-darwin-arm64'
232 silly reify ]
233 verbose reify failed optional dependency /Users/mac/Documents/code/subsplit/node_modules/@img/sharp-darwin-arm64
234 silly reify mark deleted [
234 silly reify   '/Users/mac/Documents/code/subsplit/node_modules/@img/sharp-darwin-arm64'
234 silly reify ]
235 verbose reify failed optional dependency /Users/mac/Documents/code/subsplit/node_modules/@esbuild/win32-x64
236 silly reify mark deleted [
236 silly reify   '/Users/mac/Documents/code/subsplit/node_modules/@esbuild/win32-x64'
236 silly reify ]
237 verbose reify failed optional dependency /Users/mac/Documents/code/subsplit/node_modules/@esbuild/win32-ia32
238 silly reify mark deleted [
238 silly reify   '/Users/mac/Documents/code/subsplit/node_modules/@esbuild/win32-ia32'
238 silly reify ]
239 verbose reify failed optional dependency /Users/mac/Documents/code/subsplit/node_modules/@esbuild/win32-arm64
240 silly reify mark deleted [
240 silly reify   '/Users/mac/Documents/code/subsplit/node_modules/@esbuild/win32-arm64'
240 silly reify ]
241 verbose reify failed optional dependency /Users/mac/Documents/code/subsplit/node_modules/@esbuild/sunos-x64
242 silly reify mark deleted [
242 silly reify   '/Users/mac/Documents/code/subsplit/node_modules/@esbuild/sunos-x64'
242 silly reify ]
243 verbose reify failed optional dependency /Users/mac/Documents/code/subsplit/node_modules/@esbuild/openharmony-arm64
244 silly reify mark deleted [
244 silly reify   '/Users/mac/Documents/code/subsplit/node_modules/@esbuild/openharmony-arm64'
244 silly reify ]
245 verbose reify failed optional dependency /Users/mac/Documents/code/subsplit/node_modules/@esbuild/openbsd-x64
246 silly reify mark deleted [
246 silly reify   '/Users/mac/Documents/code/subsplit/node_modules/@esbuild/openbsd-x64'
246 silly reify ]
247 verbose reify failed optional dependency /Users/mac/Documents/code/subsplit/node_modules/@esbuild/openbsd-arm64
248 silly reify mark deleted [
248 silly reify   '/Users/mac/Documents/code/subsplit/node_modules/@esbuild/openbsd-arm64'
248 silly reify ]
249 verbose reify failed optional dependency /Users/mac/Documents/code/subsplit/node_modules/@esbuild/netbsd-x64
250 silly reify mark deleted [
250 silly reify   '/Users/mac/Documents/code/subsplit/node_modules/@esbuild/netbsd-x64'
250 silly reify ]
251 verbose reify failed optional dependency /Users/mac/Documents/code/subsplit/node_modules/@esbuild/netbsd-arm64
252 silly reify mark deleted [
252 silly reify   '/Users/mac/Documents/code/subsplit/node_modules/@esbuild/netbsd-arm64'
252 silly reify ]
253 verbose reify failed optional dependency /Users/mac/Documents/code/subsplit/node_modules/@esbuild/linux-x64
254 silly reify mark deleted [
254 silly reify   '/Users/mac/Documents/code/subsplit/node_modules/@esbuild/linux-x64'
254 silly reify ]
255 verbose reify failed optional dependency /Users/mac/Documents/code/subsplit/node_modules/@esbuild/linux-s390x
256 silly reify mark deleted [
256 silly reify   '/Users/mac/Documents/code/subsplit/node_modules/@esbuild/linux-s390x'
256 silly reify ]
257 verbose reify failed optional dependency /Users/mac/Documents/code/subsplit/node_modules/@esbuild/linux-riscv64
258 silly reify mark deleted [
258 silly reify   '/Users/mac/Documents/code/subsplit/node_modules/@esbuild/linux-riscv64'
258 silly reify ]
259 verbose reify failed optional dependency /Users/mac/Documents/code/subsplit/node_modules/@esbuild/linux-ppc64
260 silly reify mark deleted [
260 silly reify   '/Users/mac/Documents/code/subsplit/node_modules/@esbuild/linux-ppc64'
260 silly reify ]
261 verbose reify failed optional dependency /Users/mac/Documents/code/subsplit/node_modules/@esbuild/linux-mips64el
262 silly reify mark deleted [
262 silly reify   '/Users/mac/Documents/code/subsplit/node_modules/@esbuild/linux-mips64el'
262 silly reify ]
263 verbose reify failed optional dependency /Users/mac/Documents/code/subsplit/node_modules/@esbuild/linux-loong64
264 silly reify mark deleted [
264 silly reify   '/Users/mac/Documents/code/subsplit/node_modules/@esbuild/linux-loong64'
264 silly reify ]
265 verbose reify failed optional dependency /Users/mac/Documents/code/subsplit/node_modules/@esbuild/linux-ia32
266 silly reify mark deleted [
266 silly reify   '/Users/mac/Documents/code/subsplit/node_modules/@esbuild/linux-ia32'
266 silly reify ]
267 verbose reify failed optional dependency /Users/mac/Documents/code/subsplit/node_modules/@esbuild/linux-arm64
268 silly reify mark deleted [
268 silly reify   '/Users/mac/Documents/code/subsplit/node_modules/@esbuild/linux-arm64'
268 silly reify ]
269 verbose reify failed optional dependency /Users/mac/Documents/code/subsplit/node_modules/@esbuild/linux-arm
270 silly reify mark deleted [
270 silly reify   '/Users/mac/Documents/code/subsplit/node_modules/@esbuild/linux-arm'
270 silly reify ]
271 verbose reify failed optional dependency /Users/mac/Documents/code/subsplit/node_modules/@esbuild/freebsd-x64
272 silly reify mark deleted [
272 silly reify   '/Users/mac/Documents/code/subsplit/node_modules/@esbuild/freebsd-x64'
272 silly reify ]
273 verbose reify failed optional dependency /Users/mac/Documents/code/subsplit/node_modules/@esbuild/freebsd-arm64
274 silly reify mark deleted [
274 silly reify   '/Users/mac/Documents/code/subsplit/node_modules/@esbuild/freebsd-arm64'
274 silly reify ]
275 verbose reify failed optional dependency /Users/mac/Documents/code/subsplit/node_modules/@esbuild/darwin-arm64
276 silly reify mark deleted [
276 silly reify   '/Users/mac/Documents/code/subsplit/node_modules/@esbuild/darwin-arm64'
276 silly reify ]
277 verbose reify failed optional dependency /Users/mac/Documents/code/subsplit/node_modules/@esbuild/android-x64
278 silly reify mark deleted [
278 silly reify   '/Users/mac/Documents/code/subsplit/node_modules/@esbuild/android-x64'
278 silly reify ]
279 verbose reify failed optional dependency /Users/mac/Documents/code/subsplit/node_modules/@esbuild/android-arm64
280 silly reify mark deleted [
280 silly reify   '/Users/mac/Documents/code/subsplit/node_modules/@esbuild/android-arm64'
280 silly reify ]
281 verbose reify failed optional dependency /Users/mac/Documents/code/subsplit/node_modules/@esbuild/android-arm
282 silly reify mark deleted [
282 silly reify   '/Users/mac/Documents/code/subsplit/node_modules/@esbuild/android-arm'
282 silly reify ]
283 verbose reify failed optional dependency /Users/mac/Documents/code/subsplit/node_modules/@esbuild/aix-ppc64
284 silly reify mark deleted [
284 silly reify   '/Users/mac/Documents/code/subsplit/node_modules/@esbuild/aix-ppc64'
284 silly reify ]
285 verbose reify failed optional dependency /Users/mac/Documents/code/subsplit/node_modules/vite/node_modules/lightningcss-win32-x64-msvc
286 silly reify mark deleted [
286 silly reify   '/Users/mac/Documents/code/subsplit/node_modules/vite/node_modules/lightningcss-win32-x64-msvc'
286 silly reify ]
287 verbose reify failed optional dependency /Users/mac/Documents/code/subsplit/node_modules/vite/node_modules/lightningcss-win32-arm64-msvc
288 silly reify mark deleted [
288 silly reify   '/Users/mac/Documents/code/subsplit/node_modules/vite/node_modules/lightningcss-win32-arm64-msvc'
288 silly reify ]
289 verbose reify failed optional dependency /Users/mac/Documents/code/subsplit/node_modules/vite/node_modules/lightningcss-linux-x64-musl
290 silly reify mark deleted [
290 silly reify   '/Users/mac/Documents/code/subsplit/node_modules/vite/node_modules/lightningcss-linux-x64-musl'
290 silly reify ]
291 verbose reify failed optional dependency /Users/mac/Documents/code/subsplit/node_modules/vite/node_modules/lightningcss-linux-x64-gnu
292 silly reify mark deleted [
292 silly reify   '/Users/mac/Documents/code/subsplit/node_modules/vite/node_modules/lightningcss-linux-x64-gnu'
292 silly reify ]
293 verbose reify failed optional dependency /Users/mac/Documents/code/subsplit/node_modules/vite/node_modules/lightningcss-linux-arm64-musl
294 silly reify mark deleted [
294 silly reify   '/Users/mac/Documents/code/subsplit/node_modules/vite/node_modules/lightningcss-linux-arm64-musl'
294 silly reify ]
295 verbose reify failed optional dependency /Users/mac/Documents/code/subsplit/node_modules/vite/node_modules/lightningcss-linux-arm64-gnu
296 silly reify mark deleted [
296 silly reify   '/Users/mac/Documents/code/subsplit/node_modules/vite/node_modules/lightningcss-linux-arm64-gnu'
296 silly reify ]
297 verbose reify failed optional dependency /Users/mac/Documents/code/subsplit/node_modules/vite/node_modules/lightningcss-linux-arm-gnueabihf
298 silly reify mark deleted [
298 silly reify   '/Users/mac/Documents/code/subsplit/node_modules/vite/node_modules/lightningcss-linux-arm-gnueabihf'
298 silly reify ]
299 verbose reify failed optional dependency /Users/mac/Documents/code/subsplit/node_modules/vite/node_modules/lightningcss-freebsd-x64
300 silly reify mark deleted [
300 silly reify   '/Users/mac/Documents/code/subsplit/node_modules/vite/node_modules/lightningcss-freebsd-x64'
300 silly reify ]
301 verbose reify failed optional dependency /Users/mac/Documents/code/subsplit/node_modules/vite/node_modules/lightningcss-darwin-arm64
302 silly reify mark deleted [
302 silly reify   '/Users/mac/Documents/code/subsplit/node_modules/vite/node_modules/lightningcss-darwin-arm64'
302 silly reify ]
303 verbose reify failed optional dependency /Users/mac/Documents/code/subsplit/node_modules/vite/node_modules/lightningcss-android-arm64
304 silly reify mark deleted [
304 silly reify   '/Users/mac/Documents/code/subsplit/node_modules/vite/node_modules/lightningcss-android-arm64'
304 silly reify ]
305 http cache @prisma/driver-adapter-utils@https://registry.npmjs.org/@prisma/driver-adapter-utils/-/driver-adapter-utils-7.5.0.tgz 0ms (cache hit)
306 http cache obuf@https://registry.npmjs.org/obuf/-/obuf-1.1.2.tgz 0ms (cache hit)
307 http cache @prisma/adapter-pg@https://registry.npmjs.org/@prisma/adapter-pg/-/adapter-pg-7.5.0.tgz 0ms (cache hit)
308 http cache postgres-range@https://registry.npmjs.org/postgres-range/-/postgres-range-1.1.4.tgz 0ms (cache hit)
309 http cache pg-numeric@https://registry.npmjs.org/pg-numeric/-/pg-numeric-1.0.2.tgz 0ms (cache hit)
310 http cache @napi-rs/wasm-runtime@https://registry.npmjs.org/@napi-rs/wasm-runtime/-/wasm-runtime-1.1.1.tgz 0ms (cache hit)
311 http cache postgres-interval@https://registry.npmjs.org/postgres-interval/-/postgres-interval-3.0.0.tgz 0ms (cache hit)
312 http cache pg-types@https://registry.npmjs.org/pg-types/-/pg-types-4.1.0.tgz 0ms (cache hit)
313 http cache postgres-bytea@https://registry.npmjs.org/postgres-bytea/-/postgres-bytea-3.0.0.tgz 0ms (cache hit)
314 http cache postgres-date@https://registry.npmjs.org/postgres-date/-/postgres-date-2.1.0.tgz 0ms (cache hit)
315 http cache @types/pg@https://registry.npmjs.org/@types/pg/-/pg-8.11.11.tgz 0ms (cache hit)
316 silly tarball no local data for obuf@https://registry.npmjs.org/obuf/-/obuf-1.1.2.tgz. Extracting by manifest.
317 silly tarball no local data for @prisma/adapter-pg@https://registry.npmjs.org/@prisma/adapter-pg/-/adapter-pg-7.5.0.tgz. Extracting by manifest.
318 silly tarball no local data for postgres-range@https://registry.npmjs.org/postgres-range/-/postgres-range-1.1.4.tgz. Extracting by manifest.
319 silly tarball no local data for pg-numeric@https://registry.npmjs.org/pg-numeric/-/pg-numeric-1.0.2.tgz. Extracting by manifest.
320 silly tarball no local data for postgres-interval@https://registry.npmjs.org/postgres-interval/-/postgres-interval-3.0.0.tgz. Extracting by manifest.
321 silly tarball no local data for pg-types@https://registry.npmjs.org/pg-types/-/pg-types-4.1.0.tgz. Extracting by manifest.
322 silly tarball no local data for postgres-bytea@https://registry.npmjs.org/postgres-bytea/-/postgres-bytea-3.0.0.tgz. Extracting by manifest.
323 silly tarball no local data for postgres-date@https://registry.npmjs.org/postgres-date/-/postgres-date-2.1.0.tgz. Extracting by manifest.
324 silly tarball no local data for @types/pg@https://registry.npmjs.org/@types/pg/-/pg-8.11.11.tgz. Extracting by manifest.
325 http fetch GET 200 https://registry.npmjs.org/obuf/-/obuf-1.1.2.tgz 133ms (cache miss)
326 http fetch GET 200 https://registry.npmjs.org/postgres-range/-/postgres-range-1.1.4.tgz 329ms (cache miss)
327 http fetch GET 200 https://registry.npmjs.org/pg-numeric/-/pg-numeric-1.0.2.tgz 362ms (cache miss)
328 http fetch GET 200 https://registry.npmjs.org/postgres-date/-/postgres-date-2.1.0.tgz 370ms (cache miss)
329 http fetch GET 200 https://registry.npmjs.org/postgres-interval/-/postgres-interval-3.0.0.tgz 398ms (cache miss)
330 http fetch POST 200 https://registry.npmjs.org/-/npm/v1/security/advisories/bulk 440ms
331 silly audit report {
331 silly audit report   '@hono/node-server': [
331 silly audit report     {
331 silly audit report       id: 1114170,
331 silly audit report       url: 'https://github.com/advisories/GHSA-wc8c-qw6v-h7f6',
331 silly audit report       title: '@hono/node-server has authorization bypass for protected static paths via encoded slashes in Serve Static Middleware',
331 silly audit report       severity: 'high',
331 silly audit report       vulnerable_versions: '<1.19.10',
331 silly audit report       cwe: [Array],
331 silly audit report       cvss: [Object]
331 silly audit report     }
331 silly audit report   ],
331 silly audit report   'brace-expansion': [
331 silly audit report     {
331 silly audit report       id: 1115540,
331 silly audit report       url: 'https://github.com/advisories/GHSA-f886-m6hf-6m8v',
331 silly audit report       title: 'brace-expansion: Zero-step sequence causes process hang and memory exhaustion',
331 silly audit report       severity: 'moderate',
331 silly audit report       vulnerable_versions: '<1.1.13',
331 silly audit report       cwe: [Array],
331 silly audit report       cvss: [Object]
331 silly audit report     },
331 silly audit report     {
331 silly audit report       id: 1115543,
331 silly audit report       url: 'https://github.com/advisories/GHSA-f886-m6hf-6m8v',
331 silly audit report       title: 'brace-expansion: Zero-step sequence causes process hang and memory exhaustion',
331 silly audit report       severity: 'moderate',
331 silly audit report       vulnerable_versions: '>=4.0.0 <5.0.5',
331 silly audit report       cwe: [Array],
331 silly audit report       cvss: [Object]
331 silly audit report     }
331 silly audit report   ],
331 silly audit report   defu: [
331 silly audit report     {
331 silly audit report       id: 1115969,
331 silly audit report       url: 'https://github.com/advisories/GHSA-737v-mqg7-c878',
331 silly audit report       title: 'defu: Prototype pollution via `__proto__` key in defaults argument',
331 silly audit report       severity: 'high',
331 silly audit report       vulnerable_versions: '<=6.1.4',
331 silly audit report       cwe: [Array],
331 silly audit report       cvss: [Object]
331 silly audit report     }
331 silly audit report   ],
331 silly audit report   effect: [
331 silly audit report     {
331 silly audit report       id: 1115356,
331 silly audit report       url: 'https://github.com/advisories/GHSA-38f7-945m-qr2g',
331 silly audit report       title: 'Effect `AsyncLocalStorage` context lost/contaminated inside Effect fibers under concurrent load with RPC',
331 silly audit report       severity: 'high',
331 silly audit report       vulnerable_versions: '<3.20.0',
331 silly audit report       cwe: [Array],
331 silly audit report       cvss: [Object]
331 silly audit report     }
331 silly audit report   ],
331 silly audit report   hono: [
331 silly audit report     {
331 silly audit report       id: 1112644,
331 silly audit report       url: 'https://github.com/advisories/GHSA-9r54-q6cx-xmh5',
331 silly audit report       title: 'Hono vulnerable to XSS through ErrorBoundary component ',
331 silly audit report       severity: 'moderate',
331 silly audit report       vulnerable_versions: '<4.11.7',
331 silly audit report       cwe: [Array],
331 silly audit report       cvss: [Object]
331 silly audit report     },
331 silly audit report     {
331 silly audit report       id: 1112677,
331 silly audit report       url: 'https://github.com/advisories/GHSA-6wqw-2p9w-4vw4',
331 silly audit report       title: 'Hono cache middleware ignores "Cache-Control: private" leading to Web Cache Deception',
331 silly audit report       severity: 'moderate',
331 silly audit report       vulnerable_versions: '<4.11.7',
331 silly audit report       cwe: [Array],
331 silly audit report       cvss: [Object]
331 silly audit report     },
331 silly audit report     {
331 silly audit report       id: 1112678,
331 silly audit report       url: 'https://github.com/advisories/GHSA-r354-f388-2fhh',
331 silly audit report       title: 'Hono IPv4 address validation bypass in IP Restriction Middleware allows IP spoofing',
331 silly audit report       severity: 'moderate',
331 silly audit report       vulnerable_versions: '<4.11.7',
331 silly audit report       cwe: [Array],
331 silly audit report       cvss: [Object]
331 silly audit report     },
331 silly audit report     {
331 silly audit report       id: 1112911,
331 silly audit report       url: 'https://github.com/advisories/GHSA-w332-q679-j88p',
331 silly audit report       title: 'Hono has an Arbitrary Key Read in Serve static Middleware (Cloudflare Workers Adapter)',
331 silly audit report       severity: 'moderate',
331 silly audit report       vulnerable_versions: '<4.11.7',
331 silly audit report       cwe: [Array],
331 silly audit report       cvss: [Object]
331 silly audit report     },
331 silly audit report     {
331 silly audit report       id: 1113311,
331 silly audit report       url: 'https://github.com/advisories/GHSA-gq3j-xvxp-8hrf',
331 silly audit report       title: 'Hono added timing comparison hardening in basicAuth and bearerAuth',
331 silly audit report       severity: 'low',
331 silly audit report       vulnerable_versions: '<4.11.10',
331 silly audit report       cwe: [Array],
331 silly audit report       cvss: [Object]
331 silly audit report     },
331 silly audit report     {
331 silly audit report       id: 1114004,
331 silly audit report       url: 'https://github.com/advisories/GHSA-5pq2-9x2x-5p6w',
331 silly audit report       title: 'Hono Vulnerable to Cookie Attribute Injection via Unsanitized domain and path in setCookie()',
331 silly audit report       severity: 'moderate',
331 silly audit report       vulnerable_versions: '<4.12.4',
331 silly audit report       cwe: [Array],
331 silly audit report       cvss: [Object]
331 silly audit report     },
331 silly audit report     {
331 silly audit report       id: 1114005,
331 silly audit report       url: 'https://github.com/advisories/GHSA-p6xx-57qc-3wxr',
331 silly audit report       title: 'Hono Vulnerable to SSE Control Field Injection via CR/LF in writeSSE()',
331 silly audit report       severity: 'moderate',
331 silly audit report       vulnerable_versions: '<4.12.4',
331 silly audit report       cwe: [Array],
331 silly audit report       cvss: [Object]
331 silly audit report     },
331 silly audit report     {
331 silly audit report       id: 1114006,
331 silly audit report       url: 'https://github.com/advisories/GHSA-q5qw-h33p-qvwr',
331 silly audit report       title: 'Hono vulnerable to arbitrary file access via serveStatic vulnerability ',
331 silly audit report       severity: 'high',
331 silly audit report       vulnerable_versions: '<4.12.4',
331 silly audit report       cwe: [Array],
331 silly audit report       cvss: [Object]
331 silly audit report     },
331 silly audit report     {
331 silly audit report       id: 1114341,
331 silly audit report       url: 'https://github.com/advisories/GHSA-v8w9-8mx6-g223',
331 silly audit report       title: 'Hono vulnerable to Prototype Pollution possible through __proto__ key allowed in parseBody({ dot: true })',
331 silly audit report       severity: 'moderate',
331 silly audit report       vulnerable_versions: '<4.12.7',
331 silly audit report       cwe: [Array],
331 silly audit report       cvss: [Object]
331 silly audit report     }
331 silly audit report   ],
331 silly audit report   lodash: [
331 silly audit report     {
331 silly audit report       id: 1112455,
331 silly audit report       url: 'https://github.com/advisories/GHSA-xxjr-mmjv-4gpg',
331 silly audit report       title: 'Lodash has Prototype Pollution Vulnerability in `_.unset` and `_.omit` functions',
331 silly audit report       severity: 'moderate',
331 silly audit report       vulnerable_versions: '>=4.0.0 <=4.17.22',
331 silly audit report       cwe: [Array],
331 silly audit report       cvss: [Object]
331 silly audit report     },
331 silly audit report     {
331 silly audit report       id: 1115806,
331 silly audit report       url: 'https://github.com/advisories/GHSA-r5fr-rjxr-66jc',
331 silly audit report       title: 'lodash vulnerable to Code Injection via `_.template` imports key names',
331 silly audit report       severity: 'high',
331 silly audit report       vulnerable_versions: '>=4.0.0 <=4.17.23',
331 silly audit report       cwe: [Array],
331 silly audit report       cvss: [Object]
331 silly audit report     },
331 silly audit report     {
331 silly audit report       id: 1115810,
331 silly audit report       url: 'https://github.com/advisories/GHSA-f23m-r3pf-42rh',
331 silly audit report       title: 'lodash vulnerable to Prototype Pollution via array path bypass in `_.unset` and `_.omit`',
331 silly audit report       severity: 'moderate',
331 silly audit report       vulnerable_versions: '<=4.17.23',
331 silly audit report       cwe: [Array],
331 silly audit report       cvss: [Object]
331 silly audit report     }
331 silly audit report   ],
331 silly audit report   picomatch: [
331 silly audit report     {
331 silly audit report       id: 1115549,
331 silly audit report       url: 'https://github.com/advisories/GHSA-3v7f-55p6-f55p',
331 silly audit report       title: 'Picomatch: Method Injection in POSIX Character Classes causes incorrect Glob Matching',
331 silly audit report       severity: 'moderate',
331 silly audit report       vulnerable_versions: '<2.3.2',
331 silly audit report       cwe: [Array],
331 silly audit report       cvss: [Object]
331 silly audit report     },
331 silly audit report     {
331 silly audit report       id: 1115551,
331 silly audit report       url: 'https://github.com/advisories/GHSA-3v7f-55p6-f55p',
331 silly audit report       title: 'Picomatch: Method Injection in POSIX Character Classes causes incorrect Glob Matching',
331 silly audit report       severity: 'moderate',
331 silly audit report       vulnerable_versions: '>=4.0.0 <4.0.4',
331 silly audit report       cwe: [Array],
331 silly audit report       cvss: [Object]
331 silly audit report     },
331 silly audit report     {
331 silly audit report       id: 1115552,
331 silly audit report       url: 'https://github.com/advisories/GHSA-c2c7-rcm5-vvqj',
331 silly audit report       title: 'Picomatch has a ReDoS vulnerability via extglob quantifiers',
331 silly audit report       severity: 'high',
331 silly audit report       vulnerable_versions: '<2.3.2',
331 silly audit report       cwe: [Array],
331 silly audit report       cvss: [Object]
331 silly audit report     },
331 silly audit report     {
331 silly audit report       id: 1115554,
331 silly audit report       url: 'https://github.com/advisories/GHSA-c2c7-rcm5-vvqj',
331 silly audit report       title: 'Picomatch has a ReDoS vulnerability via extglob quantifiers',
331 silly audit report       severity: 'high',
331 silly audit report       vulnerable_versions: '>=4.0.0 <4.0.4',
331 silly audit report       cwe: [Array],
331 silly audit report       cvss: [Object]
331 silly audit report     }
331 silly audit report   ]
331 silly audit report }
332 silly packumentCache corgi:https://registry.npmjs.org/@hono%2fnode-server cache-miss
333 silly packumentCache corgi:https://registry.npmjs.org/brace-expansion cache-miss
334 silly packumentCache corgi:https://registry.npmjs.org/defu cache-miss
335 silly packumentCache corgi:https://registry.npmjs.org/effect cache-miss
336 silly packumentCache corgi:https://registry.npmjs.org/hono cache-miss
337 silly packumentCache corgi:https://registry.npmjs.org/lodash cache-miss
338 silly packumentCache corgi:https://registry.npmjs.org/picomatch cache-miss
339 http fetch GET 200 https://registry.npmjs.org/postgres-bytea/-/postgres-bytea-3.0.0.tgz 437ms (cache miss)
340 http fetch GET 200 https://registry.npmjs.org/pg-types/-/pg-types-4.1.0.tgz 444ms (cache miss)
341 http cache https://registry.npmjs.org/defu 38ms (cache hit)
342 silly packumentCache corgi:https://registry.npmjs.org/defu set size:47359 disposed:false
343 http cache https://registry.npmjs.org/brace-expansion 40ms (cache hit)
344 silly packumentCache corgi:https://registry.npmjs.org/brace-expansion set size:21298 disposed:false
345 http cache https://registry.npmjs.org/picomatch 38ms (cache hit)
346 silly packumentCache corgi:https://registry.npmjs.org/picomatch set size:44414 disposed:false
347 http cache https://registry.npmjs.org/effect 44ms (cache hit)
348 silly packumentCache corgi:https://registry.npmjs.org/effect set size:322633 disposed:false
349 http cache https://registry.npmjs.org/@hono%2fnode-server 52ms (cache hit)
350 silly packumentCache corgi:https://registry.npmjs.org/@hono%2fnode-server set size:83509 disposed:false
351 http cache https://registry.npmjs.org/hono 54ms (cache hit)
352 silly packumentCache corgi:https://registry.npmjs.org/hono set size:683126 disposed:false
353 http cache https://registry.npmjs.org/lodash 93ms (cache hit)
354 silly packumentCache corgi:https://registry.npmjs.org/lodash set size:69555 disposed:false
355 silly packumentCache corgi:https://registry.npmjs.org/@prisma%2fdev cache-miss
356 http cache https://registry.npmjs.org/@prisma%2fdev 9ms (cache hit)
357 silly packumentCache corgi:https://registry.npmjs.org/@prisma%2fdev set size:956719 disposed:false
358 silly packumentCache corgi:https://registry.npmjs.org/minimatch cache-miss
359 http cache https://registry.npmjs.org/minimatch 7ms (cache hit)
360 silly packumentCache corgi:https://registry.npmjs.org/minimatch set size:168441 disposed:false
361 silly packumentCache corgi:https://registry.npmjs.org/c12 cache-miss
362 silly packumentCache corgi:https://registry.npmjs.org/giget cache-miss
363 silly packumentCache corgi:https://registry.npmjs.org/rc9 cache-miss
364 http cache https://registry.npmjs.org/giget 6ms (cache hit)
365 silly packumentCache corgi:https://registry.npmjs.org/giget set size:44187 disposed:false
366 http cache https://registry.npmjs.org/c12 9ms (cache hit)
367 silly packumentCache corgi:https://registry.npmjs.org/c12 set size:90073 disposed:false
368 http cache https://registry.npmjs.org/rc9 10ms (cache hit)
369 silly packumentCache corgi:https://registry.npmjs.org/rc9 set size:35090 disposed:false
370 silly packumentCache corgi:https://registry.npmjs.org/@prisma%2fconfig cache-miss
371 http cache https://registry.npmjs.org/@prisma%2fconfig 13ms (cache hit)
372 silly packumentCache corgi:https://registry.npmjs.org/@prisma%2fconfig set size:1411110 disposed:false
373 silly packumentCache corgi:https://registry.npmjs.org/@chevrotain%2fcst-dts-gen cache-miss
374 silly packumentCache corgi:https://registry.npmjs.org/@chevrotain%2fgast cache-miss
375 silly packumentCache corgi:https://registry.npmjs.org/chevrotain cache-miss
376 http cache https://registry.npmjs.org/@chevrotain%2fgast 8ms (cache hit)
377 silly packumentCache corgi:https://registry.npmjs.org/@chevrotain%2fgast set size:20755 disposed:false
378 http cache https://registry.npmjs.org/@chevrotain%2fcst-dts-gen 10ms (cache hit)
379 silly packumentCache corgi:https://registry.npmjs.org/@chevrotain%2fcst-dts-gen set size:24893 disposed:false
380 http cache https://registry.npmjs.org/chevrotain 11ms (cache hit)
381 silly packumentCache corgi:https://registry.npmjs.org/chevrotain set size:274286 disposed:false
382 silly packumentCache corgi:https://registry.npmjs.org/micromatch cache-miss
383 http cache https://registry.npmjs.org/micromatch 5ms (cache hit)
384 silly packumentCache corgi:https://registry.npmjs.org/micromatch set size:71776 disposed:false
385 silly packumentCache corgi:https://registry.npmjs.org/tinyglobby cache-miss
386 silly packumentCache corgi:https://registry.npmjs.org/fdir cache-miss
387 silly packumentCache corgi:https://registry.npmjs.org/vite cache-miss
388 silly packumentCache corgi:https://registry.npmjs.org/vitest cache-miss
389 http cache https://registry.npmjs.org/fdir 10ms (cache hit)
390 silly packumentCache corgi:https://registry.npmjs.org/fdir set size:76905 disposed:false
391 http cache https://registry.npmjs.org/vitest 16ms (cache hit)
392 silly packumentCache corgi:https://registry.npmjs.org/vitest set size:1212939 disposed:false
393 http cache https://registry.npmjs.org/tinyglobby 42ms (cache hit)
394 silly packumentCache corgi:https://registry.npmjs.org/tinyglobby set size:17847 disposed:false
395 http cache https://registry.npmjs.org/vite 50ms (cache hit)
396 silly packumentCache corgi:https://registry.npmjs.org/vite set size:2208349 disposed:false
397 silly packumentCache corgi:https://registry.npmjs.org/prisma cache-miss
398 http cache https://registry.npmjs.org/prisma 148ms (cache hit)
399 silly packumentCache corgi:https://registry.npmjs.org/prisma set size:22753000 disposed:false
400 http fetch GET 200 https://registry.npmjs.org/@types/pg/-/pg-8.11.11.tgz 1681ms (cache miss)
401 silly packumentCache corgi:https://registry.npmjs.org/@mrleebo%2fprisma-ast cache-miss
402 http fetch GET 200 https://registry.npmjs.org/@prisma/adapter-pg/-/adapter-pg-7.5.0.tgz 1693ms (cache miss)
403 http cache https://registry.npmjs.org/@mrleebo%2fprisma-ast 20ms (cache hit)
404 silly packumentCache corgi:https://registry.npmjs.org/@mrleebo%2fprisma-ast set size:48284 disposed:false
405 silly packumentCache corgi:https://registry.npmjs.org/@prisma%2fclient cache-miss
406 http cache https://registry.npmjs.org/@prisma%2fclient 447ms (cache hit)
407 silly packumentCache corgi:https://registry.npmjs.org/@prisma%2fclient set size:37717625 disposed:false
408 silly ADD node_modules/obuf
409 silly ADD node_modules/postgres-range
410 silly ADD node_modules/pg-numeric
411 silly ADD
412 silly ADD
413 silly ADD
414 silly ADD
415 silly ADD
416 silly ADD
417 silly ADD
418 silly ADD
419 silly ADD
420 silly ADD
421 silly ADD
422 silly ADD
423 silly ADD
424 silly ADD
425 silly ADD
426 silly ADD
427 silly ADD
428 silly ADD
429 silly ADD
430 silly ADD
431 silly ADD
432 silly ADD
433 silly ADD
434 silly ADD
435 silly ADD
436 silly ADD
437 silly ADD
438 silly ADD
439 silly ADD
440 silly ADD
441 silly ADD
442 silly ADD
443 silly ADD
444 silly ADD
445 silly ADD
446 silly ADD
447 silly ADD
448 silly ADD
449 silly ADD
450 silly ADD
451 silly ADD
452 silly ADD
453 silly ADD node_modules/@napi-rs/wasm-runtime
454 silly ADD
455 silly ADD
456 silly ADD
457 silly ADD
458 silly ADD
459 silly ADD
460 silly ADD
461 silly ADD
462 silly ADD
463 silly ADD
464 silly ADD
465 silly ADD
466 silly ADD
467 silly ADD
468 silly ADD
469 silly ADD
470 silly ADD
471 silly ADD
472 silly ADD
473 silly ADD
474 silly ADD
475 silly ADD
476 silly ADD
477 silly ADD
478 silly ADD
479 silly ADD
480 silly ADD
481 silly ADD
482 silly ADD
483 silly ADD
484 silly ADD
485 silly ADD
486 silly ADD
487 silly ADD
488 silly ADD
489 silly ADD
490 silly ADD
491 silly ADD
492 silly ADD
493 silly ADD
494 silly ADD
495 silly ADD
496 silly ADD
497 silly ADD
498 silly ADD
499 silly ADD
500 silly ADD
501 silly ADD
502 silly ADD
503 silly ADD
504 silly ADD
505 silly ADD
506 silly ADD
507 silly ADD
508 silly ADD
509 silly ADD
510 silly ADD
511 silly ADD
512 silly ADD
513 silly ADD
514 silly ADD
515 silly ADD
516 silly ADD
517 silly ADD
518 silly ADD
519 silly ADD
520 silly ADD
521 silly ADD
522 silly ADD
523 silly ADD
524 silly ADD
525 silly ADD
526 silly ADD
527 silly ADD
528 silly ADD
529 silly CHANGE node_modules/@prisma/driver-adapter-utils
530 silly REMOVE node_modules/@prisma/driver-adapter-utils/node_modules/@prisma/debug
531 silly CHANGE node_modules/@prisma/adapter-pg
532 silly ADD node_modules/@prisma/adapter-pg/node_modules/postgres-interval
533 silly ADD node_modules/@prisma/adapter-pg/node_modules/postgres-date
534 silly ADD node_modules/@prisma/adapter-pg/node_modules/postgres-bytea
535 silly ADD node_modules/@prisma/adapter-pg/node_modules/pg-types
536 silly ADD node_modules/@prisma/adapter-pg/node_modules/@types/pg
537 verbose cwd /Users/mac/Documents/code/subsplit
538 verbose os Darwin 25.4.0
539 verbose node v22.15.0
540 verbose npm  v10.9.2
541 verbose exit 0
542 info ok
