0 verbose cli /usr/local/bin/node /usr/local/bin/npm
1 info using npm@10.9.2
2 info using node@v22.15.0
3 silly config load:file:/usr/local/lib/node_modules/npm/npmrc
4 silly config load:file:/Users/mac/Documents/code/subsplit/.npmrc
5 silly config load:file:/Users/mac/.npmrc
6 silly config load:file:/usr/local/etc/npmrc
7 verbose title npm install @types/pg
8 verbose argv "install" "--save-dev" "@types/pg"
9 verbose logfile logs-max:10 dir:/Users/mac/Documents/code/subsplit/.npm-cache/_logs/2026-04-04T10_28_02_938Z-
10 verbose logfile /Users/mac/Documents/code/subsplit/.npm-cache/_logs/2026-04-04T10_28_02_938Z-debug-0.log
11 silly logfile start cleaning logs, removing 1 files
12 silly packumentCache heap:4345298944 maxSize:1086324736 maxEntrySize:543162368
13 silly logfile done cleaning log files
14 silly idealTree buildDeps
15 silly fetch manifest @types/pg@*
16 silly packumentCache full:https://registry.npmjs.org/@types%2fpg cache-miss
17 http cache https://registry.npmjs.org/@types%2fpg 216ms (cache hit)
18 silly packumentCache full:https://registry.npmjs.org/@types%2fpg set size:195571 disposed:false
19 silly placeDep ROOT @types/pg@8.20.0 REPLACE for: subsplit@0.1.0 want: *
20 silly reify moves {}
21 verbose reify failed optional dependency /Users/mac/Documents/code/subsplit/node_modules/@tailwindcss/oxide-wasm32-wasi
22 silly reify mark deleted [
22 silly reify   '/Users/mac/Documents/code/subsplit/node_modules/@tailwindcss/oxide-wasm32-wasi'
22 silly reify ]
23 silly audit bulk request {
23 silly audit   '@adobe/css-tools': [ '4.4.4' ],
23 silly audit   '@alloc/quick-lru': [ '5.2.0' ],
23 silly audit   '@asamuzakjp/css-color': [ '5.0.1' ],
23 silly audit   'lru-cache': [ '11.2.7', '5.1.1' ],
23 silly audit   '@asamuzakjp/dom-selector': [ '7.0.3' ],
23 silly audit   '@asamuzakjp/nwsapi': [ '2.3.9' ],
23 silly audit   '@babel/code-frame': [ '7.29.0' ],
23 silly audit   '@babel/compat-data': [ '7.29.0' ],
23 silly audit   '@babel/core': [ '7.29.0' ],
23 silly audit   '@babel/generator': [ '7.29.1' ],
23 silly audit   '@babel/helper-compilation-targets': [ '7.28.6' ],
23 silly audit   '@babel/helper-globals': [ '7.28.0' ],
23 silly audit   '@babel/helper-module-imports': [ '7.28.6' ],
23 silly audit   '@babel/helper-module-transforms': [ '7.28.6' ],
23 silly audit   '@babel/helper-string-parser': [ '7.27.1' ],
23 silly audit   '@babel/helper-validator-identifier': [ '7.28.5' ],
23 silly audit   '@babel/helper-validator-option': [ '7.27.1' ],
23 silly audit   '@babel/helpers': [ '7.29.2' ],
23 silly audit   '@babel/parser': [ '7.29.2' ],
23 silly audit   '@babel/runtime': [ '7.29.2' ],
23 silly audit   '@babel/template': [ '7.28.6' ],
23 silly audit   '@babel/traverse': [ '7.29.0' ],
23 silly audit   '@babel/types': [ '7.29.0' ],
23 silly audit   '@bcoe/v8-coverage': [ '1.0.2' ],
23 silly audit   '@bramus/specificity': [ '2.4.2' ],
23 silly audit   '@chevrotain/cst-dts-gen': [ '10.5.0' ],
23 silly audit   '@chevrotain/gast': [ '10.5.0' ],
23 silly audit   '@chevrotain/types': [ '10.5.0' ],
23 silly audit   '@chevrotain/utils': [ '10.5.0' ],
23 silly audit   '@csstools/color-helpers': [ '6.0.2' ],
23 silly audit   '@csstools/css-calc': [ '3.1.1' ],
23 silly audit   '@csstools/css-color-parser': [ '4.0.2' ],
23 silly audit   '@csstools/css-parser-algorithms': [ '4.0.0' ],
23 silly audit   '@csstools/css-syntax-patches-for-csstree': [ '1.1.1' ],
23 silly audit   '@csstools/css-tokenizer': [ '4.0.0' ],
23 silly audit   '@electric-sql/pglite': [ '0.3.15' ],
23 silly audit   '@electric-sql/pglite-socket': [ '0.0.20' ],
23 silly audit   '@electric-sql/pglite-tools': [ '0.2.20' ],
23 silly audit   '@emnapi/core': [ '1.9.0' ],
23 silly audit   '@emnapi/runtime': [ '1.9.0' ],
23 silly audit   '@emnapi/wasi-threads': [ '1.2.0' ],
23 silly audit   '@esbuild/aix-ppc64': [ '0.27.4' ],
23 silly audit   '@esbuild/android-arm': [ '0.27.4' ],
23 silly audit   '@esbuild/android-arm64': [ '0.27.4' ],
23 silly audit   '@esbuild/android-x64': [ '0.27.4' ],
23 silly audit   '@esbuild/darwin-arm64': [ '0.27.4' ],
23 silly audit   '@esbuild/darwin-x64': [ '0.27.4' ],
23 silly audit   '@esbuild/freebsd-arm64': [ '0.27.4' ],
23 silly audit   '@esbuild/freebsd-x64': [ '0.27.4' ],
23 silly audit   '@esbuild/linux-arm': [ '0.27.4' ],
23 silly audit   '@esbuild/linux-arm64': [ '0.27.4' ],
23 silly audit   '@esbuild/linux-ia32': [ '0.27.4' ],
23 silly audit   '@esbuild/linux-loong64': [ '0.27.4' ],
23 silly audit   '@esbuild/linux-mips64el': [ '0.27.4' ],
23 silly audit   '@esbuild/linux-ppc64': [ '0.27.4' ],
23 silly audit   '@esbuild/linux-riscv64': [ '0.27.4' ],
23 silly audit   '@esbuild/linux-s390x': [ '0.27.4' ],
23 silly audit   '@esbuild/linux-x64': [ '0.27.4' ],
23 silly audit   '@esbuild/netbsd-arm64': [ '0.27.4' ],
23 silly audit   '@esbuild/netbsd-x64': [ '0.27.4' ],
23 silly audit   '@esbuild/openbsd-arm64': [ '0.27.4' ],
23 silly audit   '@esbuild/openbsd-x64': [ '0.27.4' ],
23 silly audit   '@esbuild/openharmony-arm64': [ '0.27.4' ],
23 silly audit   '@esbuild/sunos-x64': [ '0.27.4' ],
23 silly audit   '@esbuild/win32-arm64': [ '0.27.4' ],
23 silly audit   '@esbuild/win32-ia32': [ '0.27.4' ],
23 silly audit   '@esbuild/win32-x64': [ '0.27.4' ],
23 silly audit   '@eslint-community/eslint-utils': [ '4.9.1' ],
23 silly audit   'eslint-visitor-keys': [ '3.4.3', '5.0.1', '4.2.1' ],
23 silly audit   '@eslint-community/regexpp': [ '4.12.2' ],
23 silly audit   '@eslint/config-array': [ '0.21.2' ],
23 silly audit   '@eslint/config-helpers': [ '0.4.2' ],
23 silly audit   '@eslint/core': [ '0.17.0' ],
23 silly audit   '@eslint/eslintrc': [ '3.3.5' ],
23 silly audit   '@eslint/js': [ '9.39.4' ],
23 silly audit   '@eslint/object-schema': [ '2.1.7' ],
23 silly audit   '@eslint/plugin-kit': [ '0.4.1' ],
23 silly audit   '@exodus/bytes': [ '1.15.0' ],
23 silly audit   '@hono/node-server': [ '1.19.9' ],
23 silly audit   '@humanfs/core': [ '0.19.1' ],
23 silly audit   '@humanfs/node': [ '0.16.7' ],
23 silly audit   '@humanwhocodes/module-importer': [ '1.0.1' ],
23 silly audit   '@humanwhocodes/retry': [ '0.4.3' ],
23 silly audit   '@img/colour': [ '1.1.0' ],
23 silly audit   '@img/sharp-darwin-arm64': [ '0.34.5' ],
23 silly audit   '@img/sharp-darwin-x64': [ '0.34.5' ],
23 silly audit   '@img/sharp-libvips-darwin-arm64': [ '1.2.4' ],
23 silly audit   '@img/sharp-libvips-darwin-x64': [ '1.2.4' ],
23 silly audit   '@img/sharp-libvips-linux-arm': [ '1.2.4' ],
23 silly audit   '@img/sharp-libvips-linux-arm64': [ '1.2.4' ],
23 silly audit   '@img/sharp-libvips-linux-ppc64': [ '1.2.4' ],
23 silly audit   '@img/sharp-libvips-linux-riscv64': [ '1.2.4' ],
23 silly audit   '@img/sharp-libvips-linux-s390x': [ '1.2.4' ],
23 silly audit   '@img/sharp-libvips-linux-x64': [ '1.2.4' ],
23 silly audit   '@img/sharp-libvips-linuxmusl-arm64': [ '1.2.4' ],
23 silly audit   '@img/sharp-libvips-linuxmusl-x64': [ '1.2.4' ],
23 silly audit   '@img/sharp-linux-arm': [ '0.34.5' ],
23 silly audit   '@img/sharp-linux-arm64': [ '0.34.5' ],
23 silly audit   '@img/sharp-linux-ppc64': [ '0.34.5' ],
23 silly audit   '@img/sharp-linux-riscv64': [ '0.34.5' ],
23 silly audit   '@img/sharp-linux-s390x': [ '0.34.5' ],
23 silly audit   '@img/sharp-linux-x64': [ '0.34.5' ],
23 silly audit   '@img/sharp-linuxmusl-arm64': [ '0.34.5' ],
23 silly audit   '@img/sharp-linuxmusl-x64': [ '0.34.5' ],
23 silly audit   '@img/sharp-wasm32': [ '0.34.5' ],
23 silly audit   '@img/sharp-win32-arm64': [ '0.34.5' ],
23 silly audit   '@img/sharp-win32-ia32': [ '0.34.5' ],
23 silly audit   '@img/sharp-win32-x64': [ '0.34.5' ],
23 silly audit   '@jridgewell/gen-mapping': [ '0.3.13' ],
23 silly audit   '@jridgewell/remapping': [ '2.3.5' ],
23 silly audit   '@jridgewell/resolve-uri': [ '3.1.2' ],
23 silly audit   '@jridgewell/sourcemap-codec': [ '1.5.5' ],
23 silly audit   '@jridgewell/trace-mapping': [ '0.3.31' ],
23 silly audit   '@mrleebo/prisma-ast': [ '0.13.1' ],
23 silly audit   '@napi-rs/wasm-runtime': [ '0.2.12', '1.1.1' ],
23 silly audit   '@next/env': [ '16.1.7' ],
23 silly audit   '@next/eslint-plugin-next': [ '16.1.7' ],
23 silly audit   '@next/swc-darwin-arm64': [ '16.1.7' ],
23 silly audit   '@next/swc-darwin-x64': [ '16.1.7' ],
23 silly audit   '@next/swc-linux-arm64-gnu': [ '16.1.7' ],
23 silly audit   '@next/swc-linux-arm64-musl': [ '16.1.7' ],
23 silly audit   '@next/swc-linux-x64-gnu': [ '16.1.7' ],
23 silly audit   '@next/swc-linux-x64-musl': [ '16.1.7' ],
23 silly audit   '@next/swc-win32-arm64-msvc': [ '16.1.7' ],
23 silly audit   '@next/swc-win32-x64-msvc': [ '16.1.7' ],
23 silly audit   '@nodelib/fs.scandir': [ '2.1.5' ],
23 silly audit   '@nodelib/fs.stat': [ '2.0.5' ],
23 silly audit   '@nodelib/fs.walk': [ '1.2.8' ],
23 silly audit   '@nolyfill/is-core-module': [ '1.0.39' ],
23 silly audit   '@oxc-project/runtime': [ '0.115.0' ],
23 silly audit   '@oxc-project/types': [ '0.115.0' ],
23 silly audit   '@prisma/adapter-pg': [ '7.6.0' ],
23 silly audit   '@prisma/client': [ '7.5.0' ],
23 silly audit   '@prisma/client-runtime-utils': [ '7.5.0' ],
23 silly audit   '@prisma/config': [ '7.5.0' ],
23 silly audit   c12: [ '3.1.0' ],
23 silly audit   dotenv: [ '16.6.1', '17.3.1' ],
23 silly audit   magicast: [ '0.3.5', '0.5.2' ],
23 silly audit   '@prisma/debug': [ '7.5.0', '7.6.0', '7.2.0' ],
23 silly audit   '@prisma/dev': [ '0.20.0' ],
23 silly audit   'std-env': [ '3.10.0', '4.0.0' ],
23 silly audit   '@prisma/driver-adapter-utils': [ '7.6.0' ],
23 silly audit   '@prisma/engines': [ '7.5.0' ],
23 silly audit   '@prisma/engines-version': [ '7.5.0-15.280c870be64f457428992c43c1f6d557fab6e29e' ],
23 silly audit   '@prisma/get-platform': [ '7.5.0', '7.2.0' ],
23 silly audit   '@prisma/fetch-engine': [ '7.5.0' ],
23 silly audit   '@prisma/query-plan-executor': [ '7.2.0' ],
23 silly audit   '@prisma/studio-core': [ '0.21.1' ],
23 silly audit   '@rolldown/binding-android-arm64': [ '1.0.0-rc.9' ],
23 silly audit   '@rolldown/binding-darwin-arm64': [ '1.0.0-rc.9' ],
23 silly audit   '@rolldown/binding-darwin-x64': [ '1.0.0-rc.9' ],
23 silly audit   '@rolldown/binding-freebsd-x64': [ '1.0.0-rc.9' ],
23 silly audit   '@rolldown/binding-linux-arm-gnueabihf': [ '1.0.0-rc.9' ],
23 silly audit   '@rolldown/binding-linux-arm64-gnu': [ '1.0.0-rc.9' ],
23 silly audit   '@rolldown/binding-linux-arm64-musl': [ '1.0.0-rc.9' ],
23 silly audit   '@rolldown/binding-linux-ppc64-gnu': [ '1.0.0-rc.9' ],
23 silly audit   '@rolldown/binding-linux-s390x-gnu': [ '1.0.0-rc.9' ],
23 silly audit   '@rolldown/binding-linux-x64-gnu': [ '1.0.0-rc.9' ],
23 silly audit   '@rolldown/binding-linux-x64-musl': [ '1.0.0-rc.9' ],
23 silly audit   '@rolldown/binding-openharmony-arm64': [ '1.0.0-rc.9' ],
23 silly audit   '@rolldown/binding-wasm32-wasi': [ '1.0.0-rc.9' ],
23 silly audit   '@rolldown/binding-win32-arm64-msvc': [ '1.0.0-rc.9' ],
23 silly audit   '@rolldown/binding-win32-x64-msvc': [ '1.0.0-rc.9' ],
23 silly audit   '@rolldown/pluginutils': [ '1.0.0-rc.9' ],
23 silly audit   '@rtsao/scc': [ '1.1.0' ],
23 silly audit   '@standard-schema/spec': [ '1.1.0' ],
23 silly audit   '@swc/helpers': [ '0.5.15' ],
23 silly audit   '@t3-oss/env-core': [ '0.13.10' ],
23 silly audit   '@t3-oss/env-nextjs': [ '0.13.10' ],
23 silly audit   '@tailwindcss/node': [ '4.2.1' ],
23 silly audit   '@tailwindcss/oxide': [ '4.2.1' ],
23 silly audit   '@tailwindcss/oxide-android-arm64': [ '4.2.1' ],
23 silly audit   '@tailwindcss/oxide-darwin-arm64': [ '4.2.1' ],
23 silly audit   '@tailwindcss/oxide-darwin-x64': [ '4.2.1' ],
23 silly audit   '@tailwindcss/oxide-freebsd-x64': [ '4.2.1' ],
23 silly audit   '@tailwindcss/oxide-linux-arm-gnueabihf': [ '4.2.1' ],
23 silly audit   '@tailwindcss/oxide-linux-arm64-gnu': [ '4.2.1' ],
23 silly audit   '@tailwindcss/oxide-linux-arm64-musl': [ '4.2.1' ],
23 silly audit   '@tailwindcss/oxide-linux-x64-gnu': [ '4.2.1' ],
23 silly audit   '@tailwindcss/oxide-linux-x64-musl': [ '4.2.1' ],
23 silly audit   '@tailwindcss/oxide-win32-arm64-msvc': [ '4.2.1' ],
23 silly audit   '@tailwindcss/oxide-win32-x64-msvc': [ '4.2.1' ],
23 silly audit   '@tailwindcss/postcss': [ '4.2.1' ],
23 silly audit   '@testing-library/dom': [ '10.4.1' ],
23 silly audit   'aria-query': [ '5.3.0', '5.3.2' ],
23 silly audit   '@testing-library/jest-dom': [ '6.9.1' ],
23 silly audit   'dom-accessibility-api': [ '0.6.3', '0.5.16' ],
23 silly audit   '@testing-library/react': [ '16.3.2' ],
23 silly audit   '@tybys/wasm-util': [ '0.10.1' ],
23 silly audit   '@types/aria-query': [ '5.0.4' ],
23 silly audit   '@types/better-sqlite3': [ '7.6.13' ],
23 silly audit   '@types/chai': [ '5.2.3' ],
23 silly audit   '@types/deep-eql': [ '4.0.2' ],
23 silly audit   '@types/estree': [ '1.0.8' ],
23 silly audit   '@types/json-schema': [ '7.0.15' ],
23 silly audit   '@types/json5': [ '0.0.29' ],
23 silly audit   '@types/node': [ '20.19.37' ],
23 silly audit   '@types/react': [ '19.2.14' ],
23 silly audit   '@types/react-dom': [ '19.2.3' ],
23 silly audit   '@typescript-eslint/eslint-plugin': [ '8.57.1' ],
23 silly audit   ignore: [ '7.0.5', '5.3.2' ],
23 silly audit   '@typescript-eslint/parser': [ '8.57.1' ],
23 silly audit   '@typescript-eslint/project-service': [ '8.57.1' ],
23 silly audit   '@typescript-eslint/scope-manager': [ '8.57.1' ],
23 silly audit   '@typescript-eslint/tsconfig-utils': [ '8.57.1' ],
23 silly audit   '@typescript-eslint/type-utils': [ '8.57.1' ],
23 silly audit   '@typescript-eslint/types': [ '8.57.1' ],
23 silly audit   '@typescript-eslint/typescript-estree': [ '8.57.1' ],
23 silly audit   'balanced-match': [ '4.0.4', '1.0.2' ],
23 silly audit   'brace-expansion': [ '5.0.4', '1.1.12' ],
23 silly audit   minimatch: [ '10.2.4', '3.1.5' ],
23 silly audit   semver: [ '7.7.4', '6.3.1' ],
23 silly audit   '@typescript-eslint/utils': [ '8.57.1' ],
23 silly audit   '@typescript-eslint/visitor-keys': [ '8.57.1' ],
23 silly audit   '@unrs/resolver-binding-android-arm-eabi': [ '1.11.1' ],
23 silly audit   '@unrs/resolver-binding-android-arm64': [ '1.11.1' ],
23 silly audit   '@unrs/resolver-binding-darwin-arm64': [ '1.11.1' ],
23 silly audit   '@unrs/resolver-binding-darwin-x64': [ '1.11.1' ],
23 silly audit   '@unrs/resolver-binding-freebsd-x64': [ '1.11.1' ],
23 silly audit   '@unrs/resolver-binding-linux-arm-gnueabihf': [ '1.11.1' ],
23 silly audit   '@unrs/resolver-binding-linux-arm-musleabihf': [ '1.11.1' ],
23 silly audit   '@unrs/resolver-binding-linux-arm64-gnu': [ '1.11.1' ],
23 silly audit   '@unrs/resolver-binding-linux-arm64-musl': [ '1.11.1' ],
23 silly audit   '@unrs/resolver-binding-linux-ppc64-gnu': [ '1.11.1' ],
23 silly audit   '@unrs/resolver-binding-linux-riscv64-gnu': [ '1.11.1' ],
23 silly audit   '@unrs/resolver-binding-linux-riscv64-musl': [ '1.11.1' ],
23 silly audit   '@unrs/resolver-binding-linux-s390x-gnu': [ '1.11.1' ],
23 silly audit   '@unrs/resolver-binding-linux-x64-gnu': [ '1.11.1' ],
23 silly audit   '@unrs/resolver-binding-linux-x64-musl': [ '1.11.1' ],
23 silly audit   '@unrs/resolver-binding-wasm32-wasi': [ '1.11.1' ],
23 silly audit   '@unrs/resolver-binding-win32-arm64-msvc': [ '1.11.1' ],
23 silly audit   '@unrs/resolver-binding-win32-ia32-msvc': [ '1.11.1' ],
23 silly audit   '@unrs/resolver-binding-win32-x64-msvc': [ '1.11.1' ],
23 silly audit   '@vitest/coverage-v8': [ '4.1.0' ],
23 silly audit   '@vitest/expect': [ '4.1.0' ],
23 silly audit   '@vitest/mocker': [ '4.1.0' ],
23 silly audit   '@vitest/pretty-format': [ '4.1.0' ],
23 silly audit   '@vitest/runner': [ '4.1.0' ],
23 silly audit   '@vitest/snapshot': [ '4.1.0' ],
23 silly audit   '@vitest/spy': [ '4.1.0' ],
23 silly audit   '@vitest/utils': [ '4.1.0' ],
23 silly audit   acorn: [ '8.16.0' ],
23 silly audit   'acorn-jsx': [ '5.3.2' ],
23 silly audit   ajv: [ '6.14.0' ],
23 silly audit   'ansi-regex': [ '5.0.1' ],
23 silly audit   'ansi-styles': [ '4.3.0', '5.2.0' ],
23 silly audit   argparse: [ '2.0.1' ],
23 silly audit   'array-buffer-byte-length': [ '1.0.2' ],
23 silly audit   'array-includes': [ '3.1.9' ],
23 silly audit   'array.prototype.findlast': [ '1.2.5' ],
23 silly audit   'array.prototype.findlastindex': [ '1.2.6' ],
23 silly audit   'array.prototype.flat': [ '1.3.3' ],
23 silly audit   'array.prototype.flatmap': [ '1.3.3' ],
23 silly audit   'array.prototype.tosorted': [ '1.1.4' ],
23 silly audit   'arraybuffer.prototype.slice': [ '1.0.4' ],
23 silly audit   'assertion-error': [ '2.0.1' ],
23 silly audit   'ast-types-flow': [ '0.0.8' ],
23 silly audit   'ast-v8-to-istanbul': [ '1.0.0' ],
23 silly audit   'js-tokens': [ '10.0.0', '4.0.0' ],
23 silly audit   'async-function': [ '1.0.0' ],
23 silly audit   'available-typed-arrays': [ '1.0.7' ],
23 silly audit   'aws-ssl-profiles': [ '1.1.2' ],
23 silly audit   'axe-core': [ '4.11.1' ],
23 silly audit   'axobject-query': [ '4.1.0' ],
23 silly audit   'base64-js': [ '1.5.1' ],
23 silly audit   'baseline-browser-mapping': [ '2.10.8' ],
23 silly audit   bcryptjs: [ '3.0.3' ],
23 silly audit   'better-sqlite3': [ '12.8.0' ],
23 silly audit   'bidi-js': [ '1.0.3' ],
23 silly audit   bindings: [ '1.5.0' ],
23 silly audit   bl: [ '4.1.0' ],
23 silly audit   braces: [ '3.0.3' ],
23 silly audit   browserslist: [ '4.28.1' ],
23 silly audit   buffer: [ '5.7.1' ],
23 silly audit   'call-bind': [ '1.0.8' ],
23 silly audit   'call-bind-apply-helpers': [ '1.0.2' ],
23 silly audit   'call-bound': [ '1.0.4' ],
23 silly audit   callsites: [ '3.1.0' ],
23 silly audit   'caniuse-lite': [ '1.0.30001780' ],
23 silly audit   chai: [ '6.2.2' ],
23 silly audit   chalk: [ '4.1.2' ],
23 silly audit   chevrotain: [ '10.5.0' ],
23 silly audit   chokidar: [ '4.0.3' ],
23 silly audit   chownr: [ '1.1.4' ],
23 silly audit   citty: [ '0.1.6', '0.2.1' ],
23 silly audit   'client-only': [ '0.0.1' ],
23 silly audit   clsx: [ '2.1.1' ],
23 silly audit   'color-convert': [ '2.0.1' ],
23 silly audit   'color-name': [ '1.1.4' ],
23 silly audit   'concat-map': [ '0.0.1' ],
23 silly audit   confbox: [ '0.2.4' ],
23 silly audit   consola: [ '3.4.2' ],
23 silly audit   'convert-source-map': [ '2.0.0' ],
23 silly audit   'cross-spawn': [ '7.0.6' ],
23 silly audit   'css-tree': [ '3.2.1' ],
23 silly audit   'css.escape': [ '1.5.1' ],
23 silly audit   csstype: [ '3.2.3' ],
23 silly audit   'damerau-levenshtein': [ '1.0.8' ],
23 silly audit   'data-urls': [ '7.0.0' ],
23 silly audit   'data-view-buffer': [ '1.0.2' ],
23 silly audit   'data-view-byte-length': [ '1.0.2' ],
23 silly audit   'data-view-byte-offset': [ '1.0.1' ],
23 silly audit   debug: [ '4.4.3', '3.2.7' ],
23 silly audit   'decimal.js': [ '10.6.0' ],
23 silly audit   'decompress-response': [ '6.0.0' ],
23 silly audit   'deep-extend': [ '0.6.0' ],
23 silly audit   'deep-is': [ '0.1.4' ],
23 silly audit   'deepmerge-ts': [ '7.1.5' ],
23 silly audit   'define-data-property': [ '1.1.4' ],
23 silly audit   'define-properties': [ '1.2.1' ],
23 silly audit   defu: [ '6.1.4' ],
23 silly audit   denque: [ '2.1.0' ],
23 silly audit   dequal: [ '2.0.3' ],
23 silly audit   destr: [ '2.0.5' ],
23 silly audit   'detect-libc': [ '2.1.2' ],
23 silly audit   doctrine: [ '2.1.0' ],
23 silly audit   'dunder-proto': [ '1.0.1' ],
23 silly audit   effect: [ '3.18.4' ],
23 silly audit   'electron-to-chromium': [ '1.5.313' ],
23 silly audit   'emoji-regex': [ '9.2.2' ],
23 silly audit   empathic: [ '2.0.0' ],
23 silly audit   'end-of-stream': [ '1.4.5' ],
23 silly audit   'enhanced-resolve': [ '5.20.1' ],
23 silly audit   entities: [ '6.0.1' ],
23 silly audit   'es-abstract': [ '1.24.1' ],
23 silly audit   'es-define-property': [ '1.0.1' ],
23 silly audit   'es-errors': [ '1.3.0' ],
23 silly audit   'es-iterator-helpers': [ '1.3.1' ],
23 silly audit   'es-module-lexer': [ '2.0.0' ],
23 silly audit   'es-object-atoms': [ '1.1.1' ],
23 silly audit   'es-set-tostringtag': [ '2.1.0' ],
23 silly audit   'es-shim-unscopables': [ '1.1.0' ],
23 silly audit   'es-to-primitive': [ '1.3.0' ],
23 silly audit   esbuild: [ '0.27.4' ],
23 silly audit   escalade: [ '3.2.0' ],
23 silly audit   'escape-string-regexp': [ '4.0.0' ],
23 silly audit   eslint: [ '9.39.4' ],
23 silly audit   'eslint-config-next': [ '16.1.7' ],
23 silly audit   globals: [ '16.4.0', '14.0.0' ],
23 silly audit   'eslint-import-resolver-node': [ '0.3.9' ],
23 silly audit   'eslint-import-resolver-typescript': [ '3.10.1' ],
23 silly audit   'eslint-module-utils': [ '2.12.1' ],
23 silly audit   'eslint-plugin-import': [ '2.32.0' ],
23 silly audit   'eslint-plugin-jsx-a11y': [ '6.10.2' ],
23 silly audit   'eslint-plugin-react': [ '7.37.5' ],
23 silly audit   'eslint-plugin-react-hooks': [ '7.0.1' ],
23 silly audit   resolve: [ '2.0.0-next.6', '1.22.11' ],
23 silly audit   'eslint-scope': [ '8.4.0' ],
23 silly audit   espree: [ '10.4.0' ],
23 silly audit   esquery: [ '1.7.0' ],
23 silly audit   esrecurse: [ '4.3.0' ],
23 silly audit   estraverse: [ '5.3.0' ],
23 silly audit   'estree-walker': [ '3.0.3' ],
23 silly audit   esutils: [ '2.0.3' ],
23 silly audit   'expand-template': [ '2.0.3' ],
23 silly audit   'expect-type': [ '1.3.0' ],
23 silly audit   exsolve: [ '1.0.8' ],
23 silly audit   'fast-check': [ '3.23.2' ],
23 silly audit   'fast-deep-equal': [ '3.1.3' ],
23 silly audit   'fast-glob': [ '3.3.1' ],
23 silly audit   'glob-parent': [ '5.1.2', '6.0.2' ],
23 silly audit   'fast-json-stable-stringify': [ '2.1.0' ],
23 silly audit   'fast-levenshtein': [ '2.0.6' ],
23 silly audit   fastq: [ '1.20.1' ],
23 silly audit   'file-entry-cache': [ '8.0.0' ],
23 silly audit   'file-uri-to-path': [ '1.0.0' ],
23 silly audit   'fill-range': [ '7.1.1' ],
23 silly audit   'find-up': [ '5.0.0' ],
23 silly audit   'flat-cache': [ '4.0.1' ],
23 silly audit   flatted: [ '3.4.2' ],
23 silly audit   'for-each': [ '0.3.5' ],
23 silly audit   'foreground-child': [ '3.3.1' ],
23 silly audit   'fs-constants': [ '1.0.0' ],
23 silly audit   fsevents: [ '2.3.3' ],
23 silly audit   'function-bind': [ '1.1.2' ],
23 silly audit   'function.prototype.name': [ '1.1.8' ],
23 silly audit   'functions-have-names': [ '1.2.3' ],
23 silly audit   'generate-function': [ '2.3.1' ],
23 silly audit   'generator-function': [ '2.0.1' ],
23 silly audit   gensync: [ '1.0.0-beta.2' ],
23 silly audit   'get-intrinsic': [ '1.3.0' ],
23 silly audit   'get-port-please': [ '3.2.0' ],
23 silly audit   'get-proto': [ '1.0.1' ],
23 silly audit   'get-symbol-description': [ '1.1.0' ],
23 silly audit   'get-tsconfig': [ '4.13.6' ],
23 silly audit   giget: [ '2.0.0' ],
23 silly audit   'github-from-package': [ '0.0.0' ],
23 silly audit   globalthis: [ '1.0.4' ],
23 silly audit   gopd: [ '1.2.0' ],
23 silly audit   'graceful-fs': [ '4.2.11' ],
23 silly audit   grammex: [ '3.1.12' ],
23 silly audit   graphmatch: [ '1.1.1' ],
23 silly audit   'has-bigints': [ '1.1.0' ],
23 silly audit   'has-flag': [ '4.0.0' ],
23 silly audit   'has-property-descriptors': [ '1.0.2' ],
23 silly audit   'has-proto': [ '1.2.0' ],
23 silly audit   'has-symbols': [ '1.1.0' ],
23 silly audit   'has-tostringtag': [ '1.0.2' ],
23 silly audit   hasown: [ '2.0.2' ],
23 silly audit   'hermes-estree': [ '0.25.1' ],
23 silly audit   'hermes-parser': [ '0.25.1' ],
23 silly audit   hono: [ '4.11.4' ],
23 silly audit   'html-encoding-sniffer': [ '6.0.0' ],
23 silly audit   'html-escaper': [ '2.0.2' ],
23 silly audit   'http-status-codes': [ '2.3.0' ],
23 silly audit   'iconv-lite': [ '0.7.2' ],
23 silly audit   ieee754: [ '1.2.1' ],
23 silly audit   'import-fresh': [ '3.3.1' ],
23 silly audit   imurmurhash: [ '0.1.4' ],
23 silly audit   'indent-string': [ '4.0.0' ],
23 silly audit   inherits: [ '2.0.4' ],
23 silly audit   ini: [ '1.3.8' ],
23 silly audit   'internal-slot': [ '1.1.0' ],
23 silly audit   'is-array-buffer': [ '3.0.5' ],
23 silly audit   'is-async-function': [ '2.1.1' ],
23 silly audit   'is-bigint': [ '1.1.0' ],
23 silly audit   'is-boolean-object': [ '1.2.2' ],
23 silly audit   'is-bun-module': [ '2.0.0' ],
23 silly audit   'is-callable': [ '1.2.7' ],
23 silly audit   'is-core-module': [ '2.16.1' ],
23 silly audit   'is-data-view': [ '1.0.2' ],
23 silly audit   'is-date-object': [ '1.1.0' ],
23 silly audit   'is-extglob': [ '2.1.1' ],
23 silly audit   'is-finalizationregistry': [ '1.1.1' ],
23 silly audit   'is-generator-function': [ '1.1.2' ],
23 silly audit   'is-glob': [ '4.0.3' ],
23 silly audit   'is-map': [ '2.0.3' ],
23 silly audit   'is-negative-zero': [ '2.0.3' ],
23 silly audit   'is-number': [ '7.0.0' ],
23 silly audit   'is-number-object': [ '1.1.1' ],
23 silly audit   'is-potential-custom-element-name': [ '1.0.1' ],
23 silly audit   'is-property': [ '1.0.2' ],
23 silly audit   'is-regex': [ '1.2.1' ],
23 silly audit   'is-set': [ '2.0.3' ],
23 silly audit   'is-shared-array-buffer': [ '1.0.4' ],
23 silly audit   'is-string': [ '1.1.1' ],
23 silly audit   'is-symbol': [ '1.1.1' ],
23 silly audit   'is-typed-array': [ '1.1.15' ],
23 silly audit   'is-weakmap': [ '2.0.2' ],
23 silly audit   'is-weakref': [ '1.1.1' ],
23 silly audit   'is-weakset': [ '2.0.4' ],
23 silly audit   isarray: [ '2.0.5' ],
23 silly audit   isexe: [ '2.0.0' ],
23 silly audit   'istanbul-lib-coverage': [ '3.2.2' ],
23 silly audit   'istanbul-lib-report': [ '3.0.1' ],
23 silly audit   'istanbul-reports': [ '3.2.0' ],
23 silly audit   'iterator.prototype': [ '1.1.5' ],
23 silly audit   jiti: [ '2.6.1' ],
23 silly audit   jose: [ '6.2.1' ],
23 silly audit   'js-yaml': [ '4.1.1' ],
23 silly audit   jsdom: [ '29.0.0' ],
23 silly audit   jsesc: [ '3.1.0' ],
23 silly audit   'json-buffer': [ '3.0.1' ],
23 silly audit   'json-schema-traverse': [ '0.4.1' ],
23 silly audit   'json-stable-stringify-without-jsonify': [ '1.0.1' ],
23 silly audit   json5: [ '2.2.3', '1.0.2' ],
23 silly audit   'jsx-ast-utils': [ '3.3.5' ],
23 silly audit   keyv: [ '4.5.4' ],
23 silly audit   'language-subtag-registry': [ '0.3.23' ],
23 silly audit   'language-tags': [ '1.0.9' ],
23 silly audit   levn: [ '0.4.1' ],
23 silly audit   lightningcss: [ '1.31.1', '1.32.0' ],
23 silly audit   'lightningcss-android-arm64': [ '1.31.1', '1.32.0' ],
23 silly audit   'lightningcss-darwin-arm64': [ '1.31.1', '1.32.0' ],
23 silly audit   'lightningcss-darwin-x64': [ '1.31.1', '1.32.0' ],
23 silly audit   'lightningcss-freebsd-x64': [ '1.31.1', '1.32.0' ],
23 silly audit   'lightningcss-linux-arm-gnueabihf': [ '1.31.1', '1.32.0' ],
23 silly audit   'lightningcss-linux-arm64-gnu': [ '1.31.1', '1.32.0' ],
23 silly audit   'lightningcss-linux-arm64-musl': [ '1.31.1', '1.32.0' ],
23 silly audit   'lightningcss-linux-x64-gnu': [ '1.31.1', '1.32.0' ],
23 silly audit   'lightningcss-linux-x64-musl': [ '1.31.1', '1.32.0' ],
23 silly audit   'lightningcss-win32-arm64-msvc': [ '1.31.1', '1.32.0' ],
23 silly audit   'lightningcss-win32-x64-msvc': [ '1.31.1', '1.32.0' ],
23 silly audit   lilconfig: [ '2.1.0' ],
23 silly audit   'locate-path': [ '6.0.0' ],
23 silly audit   lodash: [ '4.17.21' ],
23 silly audit   'lodash.merge': [ '4.6.2' ],
23 silly audit   long: [ '5.3.2' ],
23 silly audit   'loose-envify': [ '1.4.0' ],
23 silly audit   'lru.min': [ '1.1.4' ],
23 silly audit   'lucide-react': [ '0.577.0' ],
23 silly audit   'lz-string': [ '1.5.0' ],
23 silly audit   'magic-string': [ '0.30.21' ],
23 silly audit   'make-dir': [ '4.0.0' ],
23 silly audit   'math-intrinsics': [ '1.1.0' ],
23 silly audit   'mdn-data': [ '2.27.1' ],
23 silly audit   merge2: [ '1.4.1' ],
23 silly audit   micromatch: [ '4.0.8' ],
23 silly audit   'mimic-response': [ '3.1.0' ],
23 silly audit   'min-indent': [ '1.0.1' ],
23 silly audit   minimist: [ '1.2.8' ],
23 silly audit   'mkdirp-classic': [ '0.5.3' ],
23 silly audit   ms: [ '2.1.3' ],
23 silly audit   mysql2: [ '3.15.3' ],
23 silly audit   'named-placeholders': [ '1.1.6' ],
23 silly audit   nanoid: [ '5.1.7', '3.3.11' ],
23 silly audit   'napi-build-utils': [ '2.0.0' ],
23 silly audit   'napi-postinstall': [ '0.3.4' ],
23 silly audit   'natural-compare': [ '1.4.0' ],
23 silly audit   next: [ '16.1.7' ],
23 silly audit   postcss: [ '8.4.31', '8.5.8' ],
23 silly audit   'node-abi': [ '3.89.0' ],
23 silly audit   'node-exports-info': [ '1.6.0' ],
23 silly audit   'node-fetch-native': [ '1.6.7' ],
23 silly audit   'node-releases': [ '2.0.36' ],
23 silly audit   nypm: [ '0.6.5' ],
23 silly audit   'object-assign': [ '4.1.1' ],
23 silly audit   'object-inspect': [ '1.13.4' ],
23 silly audit   'object-keys': [ '1.1.1' ],
23 silly audit   'object.assign': [ '4.1.7' ],
23 silly audit   'object.entries': [ '1.1.9' ],
23 silly audit   'object.fromentries': [ '2.0.8' ],
23 silly audit   'object.groupby': [ '1.0.3' ],
23 silly audit   'object.values': [ '1.2.1' ],
23 silly audit   obug: [ '2.1.1' ],
23 silly audit   ohash: [ '2.0.11' ],
23 silly audit   once: [ '1.4.0' ],
23 silly audit   optionator: [ '0.9.4' ],
23 silly audit   'own-keys': [ '1.0.1' ],
23 silly audit   'p-limit': [ '3.1.0' ],
23 silly audit   'p-locate': [ '5.0.0' ],
23 silly audit   'parent-module': [ '1.0.1' ],
23 silly audit   parse5: [ '8.0.0' ],
23 silly audit   'path-exists': [ '4.0.0' ],
23 silly audit   'path-key': [ '3.1.1' ],
23 silly audit   'path-parse': [ '1.0.7' ],
23 silly audit   pathe: [ '2.0.3' ],
23 silly audit   'perfect-debounce': [ '1.0.0' ],
23 silly audit   pg: [ '8.20.0' ],
23 silly audit   'pg-cloudflare': [ '1.3.0' ],
23 silly audit   'pg-connection-string': [ '2.12.0' ],
23 silly audit   'pg-int8': [ '1.0.1' ],
23 silly audit   'pg-pool': [ '3.13.0' ],
23 silly audit   'pg-protocol': [ '1.13.0' ],
23 silly audit   'pg-types': [ '2.2.0' ],
23 silly audit   'postgres-array': [ '2.0.0', '3.0.4' ],
23 silly audit   pgpass: [ '1.0.5' ],
23 silly audit   picocolors: [ '1.1.1' ],
23 silly audit   picomatch: [ '2.3.1', '4.0.3' ],
23 silly audit   'pkg-types': [ '2.3.0' ],
23 silly audit   'possible-typed-array-names': [ '1.1.0' ],
23 silly audit   postgres: [ '3.4.7' ],
23 silly audit   'postgres-bytea': [ '1.0.1' ],
23 silly audit   'postgres-date': [ '1.0.7' ],
23 silly audit   'postgres-interval': [ '1.2.0' ],
23 silly audit   'prebuild-install': [ '7.1.3' ],
23 silly audit   'prelude-ls': [ '1.2.1' ],
23 silly audit   'pretty-format': [ '27.5.1' ],
23 silly audit   'react-is': [ '17.0.2', '16.13.1' ],
23 silly audit   prisma: [ '7.5.0' ],
23 silly audit   'prop-types': [ '15.8.1' ],
23 silly audit   'proper-lockfile': [ '4.1.2' ],
23 silly audit   'signal-exit': [ '3.0.7', '4.1.0' ],
23 silly audit   pump: [ '3.0.4' ],
23 silly audit   punycode: [ '2.3.1' ],
23 silly audit   'pure-rand': [ '6.1.0' ],
23 silly audit   'queue-microtask': [ '1.2.3' ],
23 silly audit   rc: [ '1.2.8' ],
23 silly audit   'strip-json-comments': [ '2.0.1', '3.1.1' ],
23 silly audit   rc9: [ '2.1.2' ],
23 silly audit   react: [ '19.2.3' ],
23 silly audit   'react-dom': [ '19.2.3' ],
23 silly audit   'readable-stream': [ '3.6.2' ],
23 silly audit   readdirp: [ '4.1.2' ],
23 silly audit   redent: [ '3.0.0' ],
23 silly audit   'reflect.getprototypeof': [ '1.0.10' ],
23 silly audit   'regexp-to-ast': [ '0.5.0' ],
23 silly audit   'regexp.prototype.flags': [ '1.5.4' ],
23 silly audit   remeda: [ '2.33.4' ],
23 silly audit   'require-from-string': [ '2.0.2' ],
23 silly audit   'resolve-from': [ '4.0.0' ],
23 silly audit   'resolve-pkg-maps': [ '1.0.0' ],
23 silly audit   retry: [ '0.12.0' ],
23 silly audit   reusify: [ '1.1.0' ],
23 silly audit   rolldown: [ '1.0.0-rc.9' ],
23 silly audit   'run-parallel': [ '1.2.0' ],
23 silly audit   'safe-array-concat': [ '1.1.3' ],
23 silly audit   'safe-buffer': [ '5.2.1' ],
23 silly audit   'safe-push-apply': [ '1.0.0' ],
23 silly audit   'safe-regex-test': [ '1.1.0' ],
23 silly audit   'safer-buffer': [ '2.1.2' ],
23 silly audit   saxes: [ '6.0.0' ],
23 silly audit   scheduler: [ '0.27.0' ],
23 silly audit   'seq-queue': [ '0.0.5' ],
23 silly audit   'set-function-length': [ '1.2.2' ],
23 silly audit   'set-function-name': [ '2.0.2' ],
23 silly audit   'set-proto': [ '1.0.0' ],
23 silly audit   sharp: [ '0.34.5' ],
23 silly audit   'shebang-command': [ '2.0.0' ],
23 silly audit   'shebang-regex': [ '3.0.0' ],
23 silly audit   'side-channel': [ '1.1.0' ],
23 silly audit   'side-channel-list': [ '1.0.0' ],
23 silly audit   'side-channel-map': [ '1.0.1' ],
23 silly audit   'side-channel-weakmap': [ '1.0.2' ],
23 silly audit   siginfo: [ '2.0.0' ],
23 silly audit   'simple-concat': [ '1.0.1' ],
23 silly audit   'simple-get': [ '4.0.1' ],
23 silly audit   'source-map-js': [ '1.2.1' ],
23 silly audit   split2: [ '4.2.0' ],
23 silly audit   sqlstring: [ '2.3.3' ],
23 silly audit   'stable-hash': [ '0.0.5' ],
23 silly audit   stackback: [ '0.0.2' ],
23 silly audit   'stop-iteration-iterator': [ '1.1.0' ],
23 silly audit   string_decoder: [ '1.3.0' ],
23 silly audit   'string.prototype.includes': [ '2.0.1' ],
23 silly audit   'string.prototype.matchall': [ '4.0.12' ],
23 silly audit   'string.prototype.repeat': [ '1.0.0' ],
23 silly audit   'string.prototype.trim': [ '1.2.10' ],
23 silly audit   'string.prototype.trimend': [ '1.0.9' ],
23 silly audit   'string.prototype.trimstart': [ '1.0.8' ],
23 silly audit   'strip-bom': [ '3.0.0' ],
23 silly audit   'strip-indent': [ '3.0.0' ],
23 silly audit   'styled-jsx': [ '5.1.6' ],
23 silly audit   'supports-color': [ '7.2.0' ],
23 silly audit   'supports-preserve-symlinks-flag': [ '1.0.0' ],
23 silly audit   'symbol-tree': [ '3.2.4' ],
23 silly audit   'tailwind-merge': [ '3.5.0' ],
23 silly audit   tailwindcss: [ '4.2.1' ],
23 silly audit   tapable: [ '2.3.0' ],
23 silly audit   'tar-fs': [ '2.1.4' ],
23 silly audit   'tar-stream': [ '2.2.0' ],
23 silly audit   tinybench: [ '2.9.0' ],
23 silly audit   tinyexec: [ '1.0.4' ],
23 silly audit   tinyglobby: [ '0.2.15' ],
23 silly audit   fdir: [ '6.5.0' ],
23 silly audit   tinyrainbow: [ '3.1.0' ],
23 silly audit   tldts: [ '7.0.26' ],
23 silly audit   'tldts-core': [ '7.0.26' ],
23 silly audit   'to-regex-range': [ '5.0.1' ],
23 silly audit   'tough-cookie': [ '6.0.1' ],
23 silly audit   tr46: [ '6.0.0' ],
23 silly audit   'ts-api-utils': [ '2.4.0' ],
23 silly audit   'tsconfig-paths': [ '3.15.0' ],
23 silly audit   tslib: [ '2.8.1' ],
23 silly audit   tsx: [ '4.21.0' ],
23 silly audit   'tunnel-agent': [ '0.6.0' ],
23 silly audit   'type-check': [ '0.4.0' ],
23 silly audit   'typed-array-buffer': [ '1.0.3' ],
23 silly audit   'typed-array-byte-length': [ '1.0.3' ],
23 silly audit   'typed-array-byte-offset': [ '1.0.4' ],
23 silly audit   'typed-array-length': [ '1.0.7' ],
23 silly audit   typescript: [ '5.9.3' ],
23 silly audit   'typescript-eslint': [ '8.57.1' ],
23 silly audit   'unbox-primitive': [ '1.1.0' ],
23 silly audit   undici: [ '7.24.4' ],
23 silly audit   'undici-types': [ '6.21.0' ],
23 silly audit   'unrs-resolver': [ '1.11.1' ],
23 silly audit   'update-browserslist-db': [ '1.2.3' ],
23 silly audit   'uri-js': [ '4.4.1' ],
23 silly audit   'util-deprecate': [ '1.0.2' ],
23 silly audit   valibot: [ '1.2.0' ],
23 silly audit   vite: [ '8.0.0' ],
23 silly audit   vitest: [ '4.1.0' ],
23 silly audit   'w3c-xmlserializer': [ '5.0.0' ],
23 silly audit   'webidl-conversions': [ '8.0.1' ],
23 silly audit   'whatwg-mimetype': [ '5.0.0' ],
23 silly audit   'whatwg-url': [ '16.0.1' ],
23 silly audit   which: [ '2.0.2' ],
23 silly audit   'which-boxed-primitive': [ '1.1.1' ],
23 silly audit   'which-builtin-type': [ '1.2.1' ],
23 silly audit   'which-collection': [ '1.0.2' ],
23 silly audit   'which-typed-array': [ '1.1.20' ],
23 silly audit   'why-is-node-running': [ '2.3.0' ],
23 silly audit   'word-wrap': [ '1.2.5' ],
23 silly audit   wrappy: [ '1.0.2' ],
23 silly audit   'xml-name-validator': [ '5.0.0' ],
23 silly audit   xmlchars: [ '2.2.0' ],
23 silly audit   xtend: [ '4.0.2' ],
23 silly audit   yallist: [ '3.1.1' ],
23 silly audit   'yocto-queue': [ '0.1.0' ],
23 silly audit   zeptomatch: [ '2.1.0' ],
23 silly audit   zod: [ '4.3.6' ],
23 silly audit   'zod-validation-error': [ '4.0.2' ],
23 silly audit   '@types/pg': [ '8.20.0' ],
23 silly audit   '@tailwindcss/oxide-wasm32-wasi': [ '4.2.1' ]
23 silly audit }
24 verbose reify failed optional dependency /Users/mac/Documents/code/subsplit/node_modules/lightningcss-win32-x64-msvc
25 silly reify mark deleted [
25 silly reify   '/Users/mac/Documents/code/subsplit/node_modules/lightningcss-win32-x64-msvc'
25 silly reify ]
26 verbose reify failed optional dependency /Users/mac/Documents/code/subsplit/node_modules/lightningcss-win32-arm64-msvc
27 silly reify mark deleted [
27 silly reify   '/Users/mac/Documents/code/subsplit/node_modules/lightningcss-win32-arm64-msvc'
27 silly reify ]
28 verbose reify failed optional dependency /Users/mac/Documents/code/subsplit/node_modules/lightningcss-linux-x64-musl
29 silly reify mark deleted [
29 silly reify   '/Users/mac/Documents/code/subsplit/node_modules/lightningcss-linux-x64-musl'
29 silly reify ]
30 verbose reify failed optional dependency /Users/mac/Documents/code/subsplit/node_modules/lightningcss-linux-x64-gnu
31 silly reify mark deleted [
31 silly reify   '/Users/mac/Documents/code/subsplit/node_modules/lightningcss-linux-x64-gnu'
31 silly reify ]
32 verbose reify failed optional dependency /Users/mac/Documents/code/subsplit/node_modules/lightningcss-linux-arm64-musl
33 silly reify mark deleted [
33 silly reify   '/Users/mac/Documents/code/subsplit/node_modules/lightningcss-linux-arm64-musl'
33 silly reify ]
34 verbose reify failed optional dependency /Users/mac/Documents/code/subsplit/node_modules/lightningcss-linux-arm64-gnu
35 silly reify mark deleted [
35 silly reify   '/Users/mac/Documents/code/subsplit/node_modules/lightningcss-linux-arm64-gnu'
35 silly reify ]
36 verbose reify failed optional dependency /Users/mac/Documents/code/subsplit/node_modules/lightningcss-linux-arm-gnueabihf
37 silly reify mark deleted [
37 silly reify   '/Users/mac/Documents/code/subsplit/node_modules/lightningcss-linux-arm-gnueabihf'
37 silly reify ]
38 verbose reify failed optional dependency /Users/mac/Documents/code/subsplit/node_modules/lightningcss-freebsd-x64
39 silly reify mark deleted [
39 silly reify   '/Users/mac/Documents/code/subsplit/node_modules/lightningcss-freebsd-x64'
39 silly reify ]
40 verbose reify failed optional dependency /Users/mac/Documents/code/subsplit/node_modules/lightningcss-darwin-arm64
41 silly reify mark deleted [
41 silly reify   '/Users/mac/Documents/code/subsplit/node_modules/lightningcss-darwin-arm64'
41 silly reify ]
42 verbose reify failed optional dependency /Users/mac/Documents/code/subsplit/node_modules/lightningcss-android-arm64
43 silly reify mark deleted [
43 silly reify   '/Users/mac/Documents/code/subsplit/node_modules/lightningcss-android-arm64'
43 silly reify ]
44 verbose reify failed optional dependency /Users/mac/Documents/code/subsplit/node_modules/@unrs/resolver-binding-win32-x64-msvc
45 silly reify mark deleted [
45 silly reify   '/Users/mac/Documents/code/subsplit/node_modules/@unrs/resolver-binding-win32-x64-msvc'
45 silly reify ]
46 verbose reify failed optional dependency /Users/mac/Documents/code/subsplit/node_modules/@unrs/resolver-binding-win32-ia32-msvc
47 silly reify mark deleted [
47 silly reify   '/Users/mac/Documents/code/subsplit/node_modules/@unrs/resolver-binding-win32-ia32-msvc'
47 silly reify ]
48 verbose reify failed optional dependency /Users/mac/Documents/code/subsplit/node_modules/@unrs/resolver-binding-win32-arm64-msvc
49 silly reify mark deleted [
49 silly reify   '/Users/mac/Documents/code/subsplit/node_modules/@unrs/resolver-binding-win32-arm64-msvc'
49 silly reify ]
50 verbose reify failed optional dependency /Users/mac/Documents/code/subsplit/node_modules/@unrs/resolver-binding-wasm32-wasi
51 silly reify mark deleted [
51 silly reify   '/Users/mac/Documents/code/subsplit/node_modules/@unrs/resolver-binding-wasm32-wasi'
51 silly reify ]
52 verbose reify failed optional dependency /Users/mac/Documents/code/subsplit/node_modules/@unrs/resolver-binding-linux-x64-musl
53 silly reify mark deleted [
53 silly reify   '/Users/mac/Documents/code/subsplit/node_modules/@unrs/resolver-binding-linux-x64-musl'
53 silly reify ]
54 verbose reify failed optional dependency /Users/mac/Documents/code/subsplit/node_modules/@unrs/resolver-binding-linux-x64-gnu
55 silly reify mark deleted [
55 silly reify   '/Users/mac/Documents/code/subsplit/node_modules/@unrs/resolver-binding-linux-x64-gnu'
55 silly reify ]
56 verbose reify failed optional dependency /Users/mac/Documents/code/subsplit/node_modules/@unrs/resolver-binding-linux-s390x-gnu
57 silly reify mark deleted [
57 silly reify   '/Users/mac/Documents/code/subsplit/node_modules/@unrs/resolver-binding-linux-s390x-gnu'
57 silly reify ]
58 verbose reify failed optional dependency /Users/mac/Documents/code/subsplit/node_modules/@unrs/resolver-binding-linux-riscv64-musl
59 silly reify mark deleted [
59 silly reify   '/Users/mac/Documents/code/subsplit/node_modules/@unrs/resolver-binding-linux-riscv64-musl'
59 silly reify ]
60 verbose reify failed optional dependency /Users/mac/Documents/code/subsplit/node_modules/@unrs/resolver-binding-linux-riscv64-gnu
61 silly reify mark deleted [
61 silly reify   '/Users/mac/Documents/code/subsplit/node_modules/@unrs/resolver-binding-linux-riscv64-gnu'
61 silly reify ]
62 verbose reify failed optional dependency /Users/mac/Documents/code/subsplit/node_modules/@unrs/resolver-binding-linux-ppc64-gnu
63 silly reify mark deleted [
63 silly reify   '/Users/mac/Documents/code/subsplit/node_modules/@unrs/resolver-binding-linux-ppc64-gnu'
63 silly reify ]
64 verbose reify failed optional dependency /Users/mac/Documents/code/subsplit/node_modules/@unrs/resolver-binding-linux-arm64-musl
65 silly reify mark deleted [
65 silly reify   '/Users/mac/Documents/code/subsplit/node_modules/@unrs/resolver-binding-linux-arm64-musl'
65 silly reify ]
66 verbose reify failed optional dependency /Users/mac/Documents/code/subsplit/node_modules/@unrs/resolver-binding-linux-arm64-gnu
67 silly reify mark deleted [
67 silly reify   '/Users/mac/Documents/code/subsplit/node_modules/@unrs/resolver-binding-linux-arm64-gnu'
67 silly reify ]
68 verbose reify failed optional dependency /Users/mac/Documents/code/subsplit/node_modules/@unrs/resolver-binding-linux-arm-musleabihf
69 silly reify mark deleted [
69 silly reify   '/Users/mac/Documents/code/subsplit/node_modules/@unrs/resolver-binding-linux-arm-musleabihf'
69 silly reify ]
70 verbose reify failed optional dependency /Users/mac/Documents/code/subsplit/node_modules/@unrs/resolver-binding-linux-arm-gnueabihf
71 silly reify mark deleted [
71 silly reify   '/Users/mac/Documents/code/subsplit/node_modules/@unrs/resolver-binding-linux-arm-gnueabihf'
71 silly reify ]
72 verbose reify failed optional dependency /Users/mac/Documents/code/subsplit/node_modules/@unrs/resolver-binding-freebsd-x64
73 silly reify mark deleted [
73 silly reify   '/Users/mac/Documents/code/subsplit/node_modules/@unrs/resolver-binding-freebsd-x64'
73 silly reify ]
74 verbose reify failed optional dependency /Users/mac/Documents/code/subsplit/node_modules/@unrs/resolver-binding-darwin-arm64
75 silly reify mark deleted [
75 silly reify   '/Users/mac/Documents/code/subsplit/node_modules/@unrs/resolver-binding-darwin-arm64'
75 silly reify ]
76 verbose reify failed optional dependency /Users/mac/Documents/code/subsplit/node_modules/@unrs/resolver-binding-android-arm64
77 silly reify mark deleted [
77 silly reify   '/Users/mac/Documents/code/subsplit/node_modules/@unrs/resolver-binding-android-arm64'
77 silly reify ]
78 verbose reify failed optional dependency /Users/mac/Documents/code/subsplit/node_modules/@unrs/resolver-binding-android-arm-eabi
79 silly reify mark deleted [
79 silly reify   '/Users/mac/Documents/code/subsplit/node_modules/@unrs/resolver-binding-android-arm-eabi'
79 silly reify ]
80 verbose reify failed optional dependency /Users/mac/Documents/code/subsplit/node_modules/@tailwindcss/oxide-win32-x64-msvc
81 silly reify mark deleted [
81 silly reify   '/Users/mac/Documents/code/subsplit/node_modules/@tailwindcss/oxide-win32-x64-msvc'
81 silly reify ]
82 verbose reify failed optional dependency /Users/mac/Documents/code/subsplit/node_modules/@tailwindcss/oxide-win32-arm64-msvc
83 silly reify mark deleted [
83 silly reify   '/Users/mac/Documents/code/subsplit/node_modules/@tailwindcss/oxide-win32-arm64-msvc'
83 silly reify ]
84 verbose reify failed optional dependency /Users/mac/Documents/code/subsplit/node_modules/@tailwindcss/oxide-linux-x64-musl
85 silly reify mark deleted [
85 silly reify   '/Users/mac/Documents/code/subsplit/node_modules/@tailwindcss/oxide-linux-x64-musl'
85 silly reify ]
86 verbose reify failed optional dependency /Users/mac/Documents/code/subsplit/node_modules/@tailwindcss/oxide-linux-x64-gnu
87 silly reify mark deleted [
87 silly reify   '/Users/mac/Documents/code/subsplit/node_modules/@tailwindcss/oxide-linux-x64-gnu'
87 silly reify ]
88 verbose reify failed optional dependency /Users/mac/Documents/code/subsplit/node_modules/@tailwindcss/oxide-linux-arm64-musl
89 silly reify mark deleted [
89 silly reify   '/Users/mac/Documents/code/subsplit/node_modules/@tailwindcss/oxide-linux-arm64-musl'
89 silly reify ]
90 verbose reify failed optional dependency /Users/mac/Documents/code/subsplit/node_modules/@tailwindcss/oxide-linux-arm64-gnu
91 silly reify mark deleted [
91 silly reify   '/Users/mac/Documents/code/subsplit/node_modules/@tailwindcss/oxide-linux-arm64-gnu'
91 silly reify ]
92 verbose reify failed optional dependency /Users/mac/Documents/code/subsplit/node_modules/@tailwindcss/oxide-linux-arm-gnueabihf
93 silly reify mark deleted [
93 silly reify   '/Users/mac/Documents/code/subsplit/node_modules/@tailwindcss/oxide-linux-arm-gnueabihf'
93 silly reify ]
94 verbose reify failed optional dependency /Users/mac/Documents/code/subsplit/node_modules/@tailwindcss/oxide-freebsd-x64
95 silly reify mark deleted [
95 silly reify   '/Users/mac/Documents/code/subsplit/node_modules/@tailwindcss/oxide-freebsd-x64'
95 silly reify ]
96 verbose reify failed optional dependency /Users/mac/Documents/code/subsplit/node_modules/@tailwindcss/oxide-darwin-arm64
97 silly reify mark deleted [
97 silly reify   '/Users/mac/Documents/code/subsplit/node_modules/@tailwindcss/oxide-darwin-arm64'
97 silly reify ]
98 verbose reify failed optional dependency /Users/mac/Documents/code/subsplit/node_modules/@tailwindcss/oxide-android-arm64
99 silly reify mark deleted [
99 silly reify   '/Users/mac/Documents/code/subsplit/node_modules/@tailwindcss/oxide-android-arm64'
99 silly reify ]
100 verbose reify failed optional dependency /Users/mac/Documents/code/subsplit/node_modules/@rolldown/binding-win32-x64-msvc
101 silly reify mark deleted [
101 silly reify   '/Users/mac/Documents/code/subsplit/node_modules/@rolldown/binding-win32-x64-msvc'
101 silly reify ]
102 verbose reify failed optional dependency /Users/mac/Documents/code/subsplit/node_modules/@rolldown/binding-win32-arm64-msvc
103 silly reify mark deleted [
103 silly reify   '/Users/mac/Documents/code/subsplit/node_modules/@rolldown/binding-win32-arm64-msvc'
103 silly reify ]
104 verbose reify failed optional dependency /Users/mac/Documents/code/subsplit/node_modules/@rolldown/binding-wasm32-wasi
105 silly reify mark deleted [
105 silly reify   '/Users/mac/Documents/code/subsplit/node_modules/@rolldown/binding-wasm32-wasi'
105 silly reify ]
106 verbose reify failed optional dependency /Users/mac/Documents/code/subsplit/node_modules/@rolldown/binding-wasm32-wasi/node_modules/@napi-rs/wasm-runtime
107 silly reify mark deleted [
107 silly reify   '/Users/mac/Documents/code/subsplit/node_modules/@rolldown/binding-wasm32-wasi/node_modules/@napi-rs/wasm-runtime'
107 silly reify ]
108 verbose reify failed optional dependency /Users/mac/Documents/code/subsplit/node_modules/@rolldown/binding-openharmony-arm64
109 silly reify mark deleted [
109 silly reify   '/Users/mac/Documents/code/subsplit/node_modules/@rolldown/binding-openharmony-arm64'
109 silly reify ]
110 verbose reify failed optional dependency /Users/mac/Documents/code/subsplit/node_modules/@rolldown/binding-linux-x64-musl
111 silly reify mark deleted [
111 silly reify   '/Users/mac/Documents/code/subsplit/node_modules/@rolldown/binding-linux-x64-musl'
111 silly reify ]
112 verbose reify failed optional dependency /Users/mac/Documents/code/subsplit/node_modules/@rolldown/binding-linux-x64-gnu
113 silly reify mark deleted [
113 silly reify   '/Users/mac/Documents/code/subsplit/node_modules/@rolldown/binding-linux-x64-gnu'
113 silly reify ]
114 verbose reify failed optional dependency /Users/mac/Documents/code/subsplit/node_modules/@rolldown/binding-linux-s390x-gnu
115 silly reify mark deleted [
115 silly reify   '/Users/mac/Documents/code/subsplit/node_modules/@rolldown/binding-linux-s390x-gnu'
115 silly reify ]
116 verbose reify failed optional dependency /Users/mac/Documents/code/subsplit/node_modules/@rolldown/binding-linux-ppc64-gnu
117 silly reify mark deleted [
117 silly reify   '/Users/mac/Documents/code/subsplit/node_modules/@rolldown/binding-linux-ppc64-gnu'
117 silly reify ]
118 verbose reify failed optional dependency /Users/mac/Documents/code/subsplit/node_modules/@rolldown/binding-linux-arm64-musl
119 silly reify mark deleted [
119 silly reify   '/Users/mac/Documents/code/subsplit/node_modules/@rolldown/binding-linux-arm64-musl'
119 silly reify ]
120 verbose reify failed optional dependency /Users/mac/Documents/code/subsplit/node_modules/@rolldown/binding-linux-arm64-gnu
121 silly reify mark deleted [
121 silly reify   '/Users/mac/Documents/code/subsplit/node_modules/@rolldown/binding-linux-arm64-gnu'
121 silly reify ]
122 verbose reify failed optional dependency /Users/mac/Documents/code/subsplit/node_modules/@rolldown/binding-linux-arm-gnueabihf
123 silly reify mark deleted [
123 silly reify   '/Users/mac/Documents/code/subsplit/node_modules/@rolldown/binding-linux-arm-gnueabihf'
123 silly reify ]
124 verbose reify failed optional dependency /Users/mac/Documents/code/subsplit/node_modules/@rolldown/binding-freebsd-x64
125 silly reify mark deleted [
125 silly reify   '/Users/mac/Documents/code/subsplit/node_modules/@rolldown/binding-freebsd-x64'
125 silly reify ]
126 verbose reify failed optional dependency /Users/mac/Documents/code/subsplit/node_modules/@rolldown/binding-darwin-arm64
127 silly reify mark deleted [
127 silly reify   '/Users/mac/Documents/code/subsplit/node_modules/@rolldown/binding-darwin-arm64'
127 silly reify ]
128 verbose reify failed optional dependency /Users/mac/Documents/code/subsplit/node_modules/@rolldown/binding-android-arm64
129 silly reify mark deleted [
129 silly reify   '/Users/mac/Documents/code/subsplit/node_modules/@rolldown/binding-android-arm64'
129 silly reify ]
130 verbose reify failed optional dependency /Users/mac/Documents/code/subsplit/node_modules/@next/swc-win32-x64-msvc
131 silly reify mark deleted [
131 silly reify   '/Users/mac/Documents/code/subsplit/node_modules/@next/swc-win32-x64-msvc'
131 silly reify ]
132 verbose reify failed optional dependency /Users/mac/Documents/code/subsplit/node_modules/@next/swc-win32-arm64-msvc
133 silly reify mark deleted [
133 silly reify   '/Users/mac/Documents/code/subsplit/node_modules/@next/swc-win32-arm64-msvc'
133 silly reify ]
134 verbose reify failed optional dependency /Users/mac/Documents/code/subsplit/node_modules/@next/swc-linux-x64-musl
135 silly reify mark deleted [
135 silly reify   '/Users/mac/Documents/code/subsplit/node_modules/@next/swc-linux-x64-musl'
135 silly reify ]
136 verbose reify failed optional dependency /Users/mac/Documents/code/subsplit/node_modules/@next/swc-linux-x64-gnu
137 silly reify mark deleted [
137 silly reify   '/Users/mac/Documents/code/subsplit/node_modules/@next/swc-linux-x64-gnu'
137 silly reify ]
138 verbose reify failed optional dependency /Users/mac/Documents/code/subsplit/node_modules/@next/swc-linux-arm64-musl
139 silly reify mark deleted [
139 silly reify   '/Users/mac/Documents/code/subsplit/node_modules/@next/swc-linux-arm64-musl'
139 silly reify ]
140 verbose reify failed optional dependency /Users/mac/Documents/code/subsplit/node_modules/@next/swc-linux-arm64-gnu
141 silly reify mark deleted [
141 silly reify   '/Users/mac/Documents/code/subsplit/node_modules/@next/swc-linux-arm64-gnu'
141 silly reify ]
142 verbose reify failed optional dependency /Users/mac/Documents/code/subsplit/node_modules/@next/swc-darwin-arm64
143 silly reify mark deleted [
143 silly reify   '/Users/mac/Documents/code/subsplit/node_modules/@next/swc-darwin-arm64'
143 silly reify ]
144 verbose reify failed optional dependency /Users/mac/Documents/code/subsplit/node_modules/@img/sharp-win32-x64
145 silly reify mark deleted [
145 silly reify   '/Users/mac/Documents/code/subsplit/node_modules/@img/sharp-win32-x64'
145 silly reify ]
146 verbose reify failed optional dependency /Users/mac/Documents/code/subsplit/node_modules/@img/sharp-win32-ia32
147 silly reify mark deleted [
147 silly reify   '/Users/mac/Documents/code/subsplit/node_modules/@img/sharp-win32-ia32'
147 silly reify ]
148 verbose reify failed optional dependency /Users/mac/Documents/code/subsplit/node_modules/@img/sharp-win32-arm64
149 silly reify mark deleted [
149 silly reify   '/Users/mac/Documents/code/subsplit/node_modules/@img/sharp-win32-arm64'
149 silly reify ]
150 verbose reify failed optional dependency /Users/mac/Documents/code/subsplit/node_modules/@img/sharp-wasm32
151 silly reify mark deleted [ '/Users/mac/Documents/code/subsplit/node_modules/@img/sharp-wasm32' ]
152 verbose reify failed optional dependency /Users/mac/Documents/code/subsplit/node_modules/@img/sharp-linuxmusl-x64
153 silly reify mark deleted [
153 silly reify   '/Users/mac/Documents/code/subsplit/node_modules/@img/sharp-linuxmusl-x64'
153 silly reify ]
154 verbose reify failed optional dependency /Users/mac/Documents/code/subsplit/node_modules/@img/sharp-linuxmusl-arm64
155 silly reify mark deleted [
155 silly reify   '/Users/mac/Documents/code/subsplit/node_modules/@img/sharp-linuxmusl-arm64'
155 silly reify ]
156 verbose reify failed optional dependency /Users/mac/Documents/code/subsplit/node_modules/@img/sharp-linux-x64
157 silly reify mark deleted [
157 silly reify   '/Users/mac/Documents/code/subsplit/node_modules/@img/sharp-linux-x64'
157 silly reify ]
158 verbose reify failed optional dependency /Users/mac/Documents/code/subsplit/node_modules/@img/sharp-linux-s390x
159 silly reify mark deleted [
159 silly reify   '/Users/mac/Documents/code/subsplit/node_modules/@img/sharp-linux-s390x'
159 silly reify ]
160 verbose reify failed optional dependency /Users/mac/Documents/code/subsplit/node_modules/@img/sharp-linux-riscv64
161 silly reify mark deleted [
161 silly reify   '/Users/mac/Documents/code/subsplit/node_modules/@img/sharp-linux-riscv64'
161 silly reify ]
162 verbose reify failed optional dependency /Users/mac/Documents/code/subsplit/node_modules/@img/sharp-linux-ppc64
163 silly reify mark deleted [
163 silly reify   '/Users/mac/Documents/code/subsplit/node_modules/@img/sharp-linux-ppc64'
163 silly reify ]
164 verbose reify failed optional dependency /Users/mac/Documents/code/subsplit/node_modules/@img/sharp-linux-arm64
165 silly reify mark deleted [
165 silly reify   '/Users/mac/Documents/code/subsplit/node_modules/@img/sharp-linux-arm64'
165 silly reify ]
166 verbose reify failed optional dependency /Users/mac/Documents/code/subsplit/node_modules/@img/sharp-linux-arm
167 silly reify mark deleted [
167 silly reify   '/Users/mac/Documents/code/subsplit/node_modules/@img/sharp-linux-arm'
167 silly reify ]
168 verbose reify failed optional dependency /Users/mac/Documents/code/subsplit/node_modules/@img/sharp-libvips-linuxmusl-x64
169 silly reify mark deleted [
169 silly reify   '/Users/mac/Documents/code/subsplit/node_modules/@img/sharp-libvips-linuxmusl-x64'
169 silly reify ]
170 verbose reify failed optional dependency /Users/mac/Documents/code/subsplit/node_modules/@img/sharp-libvips-linuxmusl-arm64
171 silly reify mark deleted [
171 silly reify   '/Users/mac/Documents/code/subsplit/node_modules/@img/sharp-libvips-linuxmusl-arm64'
171 silly reify ]
172 verbose reify failed optional dependency /Users/mac/Documents/code/subsplit/node_modules/@img/sharp-libvips-linux-x64
173 silly reify mark deleted [
173 silly reify   '/Users/mac/Documents/code/subsplit/node_modules/@img/sharp-libvips-linux-x64'
173 silly reify ]
174 verbose reify failed optional dependency /Users/mac/Documents/code/subsplit/node_modules/@img/sharp-libvips-linux-s390x
175 silly reify mark deleted [
175 silly reify   '/Users/mac/Documents/code/subsplit/node_modules/@img/sharp-libvips-linux-s390x'
175 silly reify ]
176 verbose reify failed optional dependency /Users/mac/Documents/code/subsplit/node_modules/@img/sharp-libvips-linux-riscv64
177 silly reify mark deleted [
177 silly reify   '/Users/mac/Documents/code/subsplit/node_modules/@img/sharp-libvips-linux-riscv64'
177 silly reify ]
178 verbose reify failed optional dependency /Users/mac/Documents/code/subsplit/node_modules/@img/sharp-libvips-linux-ppc64
179 silly reify mark deleted [
179 silly reify   '/Users/mac/Documents/code/subsplit/node_modules/@img/sharp-libvips-linux-ppc64'
179 silly reify ]
180 verbose reify failed optional dependency /Users/mac/Documents/code/subsplit/node_modules/@img/sharp-libvips-linux-arm64
181 silly reify mark deleted [
181 silly reify   '/Users/mac/Documents/code/subsplit/node_modules/@img/sharp-libvips-linux-arm64'
181 silly reify ]
182 verbose reify failed optional dependency /Users/mac/Documents/code/subsplit/node_modules/@img/sharp-libvips-linux-arm
183 silly reify mark deleted [
183 silly reify   '/Users/mac/Documents/code/subsplit/node_modules/@img/sharp-libvips-linux-arm'
183 silly reify ]
184 verbose reify failed optional dependency /Users/mac/Documents/code/subsplit/node_modules/@img/sharp-libvips-darwin-arm64
185 silly reify mark deleted [
185 silly reify   '/Users/mac/Documents/code/subsplit/node_modules/@img/sharp-libvips-darwin-arm64'
185 silly reify ]
186 verbose reify failed optional dependency /Users/mac/Documents/code/subsplit/node_modules/@img/sharp-darwin-arm64
187 silly reify mark deleted [
187 silly reify   '/Users/mac/Documents/code/subsplit/node_modules/@img/sharp-darwin-arm64'
187 silly reify ]
188 verbose reify failed optional dependency /Users/mac/Documents/code/subsplit/node_modules/@esbuild/win32-x64
189 silly reify mark deleted [
189 silly reify   '/Users/mac/Documents/code/subsplit/node_modules/@esbuild/win32-x64'
189 silly reify ]
190 verbose reify failed optional dependency /Users/mac/Documents/code/subsplit/node_modules/@esbuild/win32-ia32
191 silly reify mark deleted [
191 silly reify   '/Users/mac/Documents/code/subsplit/node_modules/@esbuild/win32-ia32'
191 silly reify ]
192 verbose reify failed optional dependency /Users/mac/Documents/code/subsplit/node_modules/@esbuild/win32-arm64
193 silly reify mark deleted [
193 silly reify   '/Users/mac/Documents/code/subsplit/node_modules/@esbuild/win32-arm64'
193 silly reify ]
194 verbose reify failed optional dependency /Users/mac/Documents/code/subsplit/node_modules/@esbuild/sunos-x64
195 silly reify mark deleted [
195 silly reify   '/Users/mac/Documents/code/subsplit/node_modules/@esbuild/sunos-x64'
195 silly reify ]
196 verbose reify failed optional dependency /Users/mac/Documents/code/subsplit/node_modules/@esbuild/openharmony-arm64
197 silly reify mark deleted [
197 silly reify   '/Users/mac/Documents/code/subsplit/node_modules/@esbuild/openharmony-arm64'
197 silly reify ]
198 verbose reify failed optional dependency /Users/mac/Documents/code/subsplit/node_modules/@esbuild/openbsd-x64
199 silly reify mark deleted [
199 silly reify   '/Users/mac/Documents/code/subsplit/node_modules/@esbuild/openbsd-x64'
199 silly reify ]
200 verbose reify failed optional dependency /Users/mac/Documents/code/subsplit/node_modules/@esbuild/openbsd-arm64
201 silly reify mark deleted [
201 silly reify   '/Users/mac/Documents/code/subsplit/node_modules/@esbuild/openbsd-arm64'
201 silly reify ]
202 verbose reify failed optional dependency /Users/mac/Documents/code/subsplit/node_modules/@esbuild/netbsd-x64
203 silly reify mark deleted [
203 silly reify   '/Users/mac/Documents/code/subsplit/node_modules/@esbuild/netbsd-x64'
203 silly reify ]
204 verbose reify failed optional dependency /Users/mac/Documents/code/subsplit/node_modules/@esbuild/netbsd-arm64
205 silly reify mark deleted [
205 silly reify   '/Users/mac/Documents/code/subsplit/node_modules/@esbuild/netbsd-arm64'
205 silly reify ]
206 verbose reify failed optional dependency /Users/mac/Documents/code/subsplit/node_modules/@esbuild/linux-x64
207 silly reify mark deleted [
207 silly reify   '/Users/mac/Documents/code/subsplit/node_modules/@esbuild/linux-x64'
207 silly reify ]
208 verbose reify failed optional dependency /Users/mac/Documents/code/subsplit/node_modules/@esbuild/linux-s390x
209 silly reify mark deleted [
209 silly reify   '/Users/mac/Documents/code/subsplit/node_modules/@esbuild/linux-s390x'
209 silly reify ]
210 verbose reify failed optional dependency /Users/mac/Documents/code/subsplit/node_modules/@esbuild/linux-riscv64
211 silly reify mark deleted [
211 silly reify   '/Users/mac/Documents/code/subsplit/node_modules/@esbuild/linux-riscv64'
211 silly reify ]
212 verbose reify failed optional dependency /Users/mac/Documents/code/subsplit/node_modules/@esbuild/linux-ppc64
213 silly reify mark deleted [
213 silly reify   '/Users/mac/Documents/code/subsplit/node_modules/@esbuild/linux-ppc64'
213 silly reify ]
214 verbose reify failed optional dependency /Users/mac/Documents/code/subsplit/node_modules/@esbuild/linux-mips64el
215 silly reify mark deleted [
215 silly reify   '/Users/mac/Documents/code/subsplit/node_modules/@esbuild/linux-mips64el'
215 silly reify ]
216 verbose reify failed optional dependency /Users/mac/Documents/code/subsplit/node_modules/@esbuild/linux-loong64
217 silly reify mark deleted [
217 silly reify   '/Users/mac/Documents/code/subsplit/node_modules/@esbuild/linux-loong64'
217 silly reify ]
218 verbose reify failed optional dependency /Users/mac/Documents/code/subsplit/node_modules/@esbuild/linux-ia32
219 silly reify mark deleted [
219 silly reify   '/Users/mac/Documents/code/subsplit/node_modules/@esbuild/linux-ia32'
219 silly reify ]
220 verbose reify failed optional dependency /Users/mac/Documents/code/subsplit/node_modules/@esbuild/linux-arm64
221 silly reify mark deleted [
221 silly reify   '/Users/mac/Documents/code/subsplit/node_modules/@esbuild/linux-arm64'
221 silly reify ]
222 verbose reify failed optional dependency /Users/mac/Documents/code/subsplit/node_modules/@esbuild/linux-arm
223 silly reify mark deleted [
223 silly reify   '/Users/mac/Documents/code/subsplit/node_modules/@esbuild/linux-arm'
223 silly reify ]
224 verbose reify failed optional dependency /Users/mac/Documents/code/subsplit/node_modules/@esbuild/freebsd-x64
225 silly reify mark deleted [
225 silly reify   '/Users/mac/Documents/code/subsplit/node_modules/@esbuild/freebsd-x64'
225 silly reify ]
226 verbose reify failed optional dependency /Users/mac/Documents/code/subsplit/node_modules/@esbuild/freebsd-arm64
227 silly reify mark deleted [
227 silly reify   '/Users/mac/Documents/code/subsplit/node_modules/@esbuild/freebsd-arm64'
227 silly reify ]
228 verbose reify failed optional dependency /Users/mac/Documents/code/subsplit/node_modules/@esbuild/darwin-arm64
229 silly reify mark deleted [
229 silly reify   '/Users/mac/Documents/code/subsplit/node_modules/@esbuild/darwin-arm64'
229 silly reify ]
230 verbose reify failed optional dependency /Users/mac/Documents/code/subsplit/node_modules/@esbuild/android-x64
231 silly reify mark deleted [
231 silly reify   '/Users/mac/Documents/code/subsplit/node_modules/@esbuild/android-x64'
231 silly reify ]
232 verbose reify failed optional dependency /Users/mac/Documents/code/subsplit/node_modules/@esbuild/android-arm64
233 silly reify mark deleted [
233 silly reify   '/Users/mac/Documents/code/subsplit/node_modules/@esbuild/android-arm64'
233 silly reify ]
234 verbose reify failed optional dependency /Users/mac/Documents/code/subsplit/node_modules/@esbuild/android-arm
235 silly reify mark deleted [
235 silly reify   '/Users/mac/Documents/code/subsplit/node_modules/@esbuild/android-arm'
235 silly reify ]
236 verbose reify failed optional dependency /Users/mac/Documents/code/subsplit/node_modules/@esbuild/aix-ppc64
237 silly reify mark deleted [
237 silly reify   '/Users/mac/Documents/code/subsplit/node_modules/@esbuild/aix-ppc64'
237 silly reify ]
238 verbose reify failed optional dependency /Users/mac/Documents/code/subsplit/node_modules/vite/node_modules/lightningcss-win32-x64-msvc
239 silly reify mark deleted [
239 silly reify   '/Users/mac/Documents/code/subsplit/node_modules/vite/node_modules/lightningcss-win32-x64-msvc'
239 silly reify ]
240 verbose reify failed optional dependency /Users/mac/Documents/code/subsplit/node_modules/vite/node_modules/lightningcss-win32-arm64-msvc
241 silly reify mark deleted [
241 silly reify   '/Users/mac/Documents/code/subsplit/node_modules/vite/node_modules/lightningcss-win32-arm64-msvc'
241 silly reify ]
242 verbose reify failed optional dependency /Users/mac/Documents/code/subsplit/node_modules/vite/node_modules/lightningcss-linux-x64-musl
243 silly reify mark deleted [
243 silly reify   '/Users/mac/Documents/code/subsplit/node_modules/vite/node_modules/lightningcss-linux-x64-musl'
243 silly reify ]
244 verbose reify failed optional dependency /Users/mac/Documents/code/subsplit/node_modules/vite/node_modules/lightningcss-linux-x64-gnu
245 silly reify mark deleted [
245 silly reify   '/Users/mac/Documents/code/subsplit/node_modules/vite/node_modules/lightningcss-linux-x64-gnu'
245 silly reify ]
246 verbose reify failed optional dependency /Users/mac/Documents/code/subsplit/node_modules/vite/node_modules/lightningcss-linux-arm64-musl
247 silly reify mark deleted [
247 silly reify   '/Users/mac/Documents/code/subsplit/node_modules/vite/node_modules/lightningcss-linux-arm64-musl'
247 silly reify ]
248 verbose reify failed optional dependency /Users/mac/Documents/code/subsplit/node_modules/vite/node_modules/lightningcss-linux-arm64-gnu
249 silly reify mark deleted [
249 silly reify   '/Users/mac/Documents/code/subsplit/node_modules/vite/node_modules/lightningcss-linux-arm64-gnu'
249 silly reify ]
250 verbose reify failed optional dependency /Users/mac/Documents/code/subsplit/node_modules/vite/node_modules/lightningcss-linux-arm-gnueabihf
251 silly reify mark deleted [
251 silly reify   '/Users/mac/Documents/code/subsplit/node_modules/vite/node_modules/lightningcss-linux-arm-gnueabihf'
251 silly reify ]
252 verbose reify failed optional dependency /Users/mac/Documents/code/subsplit/node_modules/vite/node_modules/lightningcss-freebsd-x64
253 silly reify mark deleted [
253 silly reify   '/Users/mac/Documents/code/subsplit/node_modules/vite/node_modules/lightningcss-freebsd-x64'
253 silly reify ]
254 verbose reify failed optional dependency /Users/mac/Documents/code/subsplit/node_modules/vite/node_modules/lightningcss-darwin-arm64
255 silly reify mark deleted [
255 silly reify   '/Users/mac/Documents/code/subsplit/node_modules/vite/node_modules/lightningcss-darwin-arm64'
255 silly reify ]
256 verbose reify failed optional dependency /Users/mac/Documents/code/subsplit/node_modules/vite/node_modules/lightningcss-android-arm64
257 silly reify mark deleted [
257 silly reify   '/Users/mac/Documents/code/subsplit/node_modules/vite/node_modules/lightningcss-android-arm64'
257 silly reify ]
258 http cache @napi-rs/wasm-runtime@https://registry.npmjs.org/@napi-rs/wasm-runtime/-/wasm-runtime-1.1.1.tgz 0ms (cache hit)
259 http fetch POST 200 https://registry.npmjs.org/-/npm/v1/security/advisories/bulk 1137ms
260 silly audit report {
260 silly audit report   '@hono/node-server': [
260 silly audit report     {
260 silly audit report       id: 1114170,
260 silly audit report       url: 'https://github.com/advisories/GHSA-wc8c-qw6v-h7f6',
260 silly audit report       title: '@hono/node-server has authorization bypass for protected static paths via encoded slashes in Serve Static Middleware',
260 silly audit report       severity: 'high',
260 silly audit report       vulnerable_versions: '<1.19.10',
260 silly audit report       cwe: [Array],
260 silly audit report       cvss: [Object]
260 silly audit report     }
260 silly audit report   ],
260 silly audit report   'brace-expansion': [
260 silly audit report     {
260 silly audit report       id: 1115540,
260 silly audit report       url: 'https://github.com/advisories/GHSA-f886-m6hf-6m8v',
260 silly audit report       title: 'brace-expansion: Zero-step sequence causes process hang and memory exhaustion',
260 silly audit report       severity: 'moderate',
260 silly audit report       vulnerable_versions: '<1.1.13',
260 silly audit report       cwe: [Array],
260 silly audit report       cvss: [Object]
260 silly audit report     },
260 silly audit report     {
260 silly audit report       id: 1115543,
260 silly audit report       url: 'https://github.com/advisories/GHSA-f886-m6hf-6m8v',
260 silly audit report       title: 'brace-expansion: Zero-step sequence causes process hang and memory exhaustion',
260 silly audit report       severity: 'moderate',
260 silly audit report       vulnerable_versions: '>=4.0.0 <5.0.5',
260 silly audit report       cwe: [Array],
260 silly audit report       cvss: [Object]
260 silly audit report     }
260 silly audit report   ],
260 silly audit report   defu: [
260 silly audit report     {
260 silly audit report       id: 1115969,
260 silly audit report       url: 'https://github.com/advisories/GHSA-737v-mqg7-c878',
260 silly audit report       title: 'defu: Prototype pollution via `__proto__` key in defaults argument',
260 silly audit report       severity: 'high',
260 silly audit report       vulnerable_versions: '<=6.1.4',
260 silly audit report       cwe: [Array],
260 silly audit report       cvss: [Object]
260 silly audit report     }
260 silly audit report   ],
260 silly audit report   effect: [
260 silly audit report     {
260 silly audit report       id: 1115356,
260 silly audit report       url: 'https://github.com/advisories/GHSA-38f7-945m-qr2g',
260 silly audit report       title: 'Effect `AsyncLocalStorage` context lost/contaminated inside Effect fibers under concurrent load with RPC',
260 silly audit report       severity: 'high',
260 silly audit report       vulnerable_versions: '<3.20.0',
260 silly audit report       cwe: [Array],
260 silly audit report       cvss: [Object]
260 silly audit report     }
260 silly audit report   ],
260 silly audit report   hono: [
260 silly audit report     {
260 silly audit report       id: 1112644,
260 silly audit report       url: 'https://github.com/advisories/GHSA-9r54-q6cx-xmh5',
260 silly audit report       title: 'Hono vulnerable to XSS through ErrorBoundary component ',
260 silly audit report       severity: 'moderate',
260 silly audit report       vulnerable_versions: '<4.11.7',
260 silly audit report       cwe: [Array],
260 silly audit report       cvss: [Object]
260 silly audit report     },
260 silly audit report     {
260 silly audit report       id: 1112677,
260 silly audit report       url: 'https://github.com/advisories/GHSA-6wqw-2p9w-4vw4',
260 silly audit report       title: 'Hono cache middleware ignores "Cache-Control: private" leading to Web Cache Deception',
260 silly audit report       severity: 'moderate',
260 silly audit report       vulnerable_versions: '<4.11.7',
260 silly audit report       cwe: [Array],
260 silly audit report       cvss: [Object]
260 silly audit report     },
260 silly audit report     {
260 silly audit report       id: 1112678,
260 silly audit report       url: 'https://github.com/advisories/GHSA-r354-f388-2fhh',
260 silly audit report       title: 'Hono IPv4 address validation bypass in IP Restriction Middleware allows IP spoofing',
260 silly audit report       severity: 'moderate',
260 silly audit report       vulnerable_versions: '<4.11.7',
260 silly audit report       cwe: [Array],
260 silly audit report       cvss: [Object]
260 silly audit report     },
260 silly audit report     {
260 silly audit report       id: 1112911,
260 silly audit report       url: 'https://github.com/advisories/GHSA-w332-q679-j88p',
260 silly audit report       title: 'Hono has an Arbitrary Key Read in Serve static Middleware (Cloudflare Workers Adapter)',
260 silly audit report       severity: 'moderate',
260 silly audit report       vulnerable_versions: '<4.11.7',
260 silly audit report       cwe: [Array],
260 silly audit report       cvss: [Object]
260 silly audit report     },
260 silly audit report     {
260 silly audit report       id: 1113311,
260 silly audit report       url: 'https://github.com/advisories/GHSA-gq3j-xvxp-8hrf',
260 silly audit report       title: 'Hono added timing comparison hardening in basicAuth and bearerAuth',
260 silly audit report       severity: 'low',
260 silly audit report       vulnerable_versions: '<4.11.10',
260 silly audit report       cwe: [Array],
260 silly audit report       cvss: [Object]
260 silly audit report     },
260 silly audit report     {
260 silly audit report       id: 1114004,
260 silly audit report       url: 'https://github.com/advisories/GHSA-5pq2-9x2x-5p6w',
260 silly audit report       title: 'Hono Vulnerable to Cookie Attribute Injection via Unsanitized domain and path in setCookie()',
260 silly audit report       severity: 'moderate',
260 silly audit report       vulnerable_versions: '<4.12.4',
260 silly audit report       cwe: [Array],
260 silly audit report       cvss: [Object]
260 silly audit report     },
260 silly audit report     {
260 silly audit report       id: 1114005,
260 silly audit report       url: 'https://github.com/advisories/GHSA-p6xx-57qc-3wxr',
260 silly audit report       title: 'Hono Vulnerable to SSE Control Field Injection via CR/LF in writeSSE()',
260 silly audit report       severity: 'moderate',
260 silly audit report       vulnerable_versions: '<4.12.4',
260 silly audit report       cwe: [Array],
260 silly audit report       cvss: [Object]
260 silly audit report     },
260 silly audit report     {
260 silly audit report       id: 1114006,
260 silly audit report       url: 'https://github.com/advisories/GHSA-q5qw-h33p-qvwr',
260 silly audit report       title: 'Hono vulnerable to arbitrary file access via serveStatic vulnerability ',
260 silly audit report       severity: 'high',
260 silly audit report       vulnerable_versions: '<4.12.4',
260 silly audit report       cwe: [Array],
260 silly audit report       cvss: [Object]
260 silly audit report     },
260 silly audit report     {
260 silly audit report       id: 1114341,
260 silly audit report       url: 'https://github.com/advisories/GHSA-v8w9-8mx6-g223',
260 silly audit report       title: 'Hono vulnerable to Prototype Pollution possible through __proto__ key allowed in parseBody({ dot: true })',
260 silly audit report       severity: 'moderate',
260 silly audit report       vulnerable_versions: '<4.12.7',
260 silly audit report       cwe: [Array],
260 silly audit report       cvss: [Object]
260 silly audit report     }
260 silly audit report   ],
260 silly audit report   lodash: [
260 silly audit report     {
260 silly audit report       id: 1112455,
260 silly audit report       url: 'https://github.com/advisories/GHSA-xxjr-mmjv-4gpg',
260 silly audit report       title: 'Lodash has Prototype Pollution Vulnerability in `_.unset` and `_.omit` functions',
260 silly audit report       severity: 'moderate',
260 silly audit report       vulnerable_versions: '>=4.0.0 <=4.17.22',
260 silly audit report       cwe: [Array],
260 silly audit report       cvss: [Object]
260 silly audit report     },
260 silly audit report     {
260 silly audit report       id: 1115806,
260 silly audit report       url: 'https://github.com/advisories/GHSA-r5fr-rjxr-66jc',
260 silly audit report       title: 'lodash vulnerable to Code Injection via `_.template` imports key names',
260 silly audit report       severity: 'high',
260 silly audit report       vulnerable_versions: '>=4.0.0 <=4.17.23',
260 silly audit report       cwe: [Array],
260 silly audit report       cvss: [Object]
260 silly audit report     },
260 silly audit report     {
260 silly audit report       id: 1115810,
260 silly audit report       url: 'https://github.com/advisories/GHSA-f23m-r3pf-42rh',
260 silly audit report       title: 'lodash vulnerable to Prototype Pollution via array path bypass in `_.unset` and `_.omit`',
260 silly audit report       severity: 'moderate',
260 silly audit report       vulnerable_versions: '<=4.17.23',
260 silly audit report       cwe: [Array],
260 silly audit report       cvss: [Object]
260 silly audit report     }
260 silly audit report   ],
260 silly audit report   picomatch: [
260 silly audit report     {
260 silly audit report       id: 1115549,
260 silly audit report       url: 'https://github.com/advisories/GHSA-3v7f-55p6-f55p',
260 silly audit report       title: 'Picomatch: Method Injection in POSIX Character Classes causes incorrect Glob Matching',
260 silly audit report       severity: 'moderate',
260 silly audit report       vulnerable_versions: '<2.3.2',
260 silly audit report       cwe: [Array],
260 silly audit report       cvss: [Object]
260 silly audit report     },
260 silly audit report     {
260 silly audit report       id: 1115551,
260 silly audit report       url: 'https://github.com/advisories/GHSA-3v7f-55p6-f55p',
260 silly audit report       title: 'Picomatch: Method Injection in POSIX Character Classes causes incorrect Glob Matching',
260 silly audit report       severity: 'moderate',
260 silly audit report       vulnerable_versions: '>=4.0.0 <4.0.4',
260 silly audit report       cwe: [Array],
260 silly audit report       cvss: [Object]
260 silly audit report     },
260 silly audit report     {
260 silly audit report       id: 1115552,
260 silly audit report       url: 'https://github.com/advisories/GHSA-c2c7-rcm5-vvqj',
260 silly audit report       title: 'Picomatch has a ReDoS vulnerability via extglob quantifiers',
260 silly audit report       severity: 'high',
260 silly audit report       vulnerable_versions: '<2.3.2',
260 silly audit report       cwe: [Array],
260 silly audit report       cvss: [Object]
260 silly audit report     },
260 silly audit report     {
260 silly audit report       id: 1115554,
260 silly audit report       url: 'https://github.com/advisories/GHSA-c2c7-rcm5-vvqj',
260 silly audit report       title: 'Picomatch has a ReDoS vulnerability via extglob quantifiers',
260 silly audit report       severity: 'high',
260 silly audit report       vulnerable_versions: '>=4.0.0 <4.0.4',
260 silly audit report       cwe: [Array],
260 silly audit report       cvss: [Object]
260 silly audit report     }
260 silly audit report   ]
260 silly audit report }
261 silly packumentCache corgi:https://registry.npmjs.org/@hono%2fnode-server cache-miss
262 silly packumentCache corgi:https://registry.npmjs.org/brace-expansion cache-miss
263 silly packumentCache corgi:https://registry.npmjs.org/defu cache-miss
264 silly packumentCache corgi:https://registry.npmjs.org/effect cache-miss
265 silly packumentCache corgi:https://registry.npmjs.org/hono cache-miss
266 silly packumentCache corgi:https://registry.npmjs.org/lodash cache-miss
267 silly packumentCache corgi:https://registry.npmjs.org/picomatch cache-miss
268 http cache https://registry.npmjs.org/effect 30ms (cache hit)
269 silly packumentCache corgi:https://registry.npmjs.org/effect set size:322633 disposed:false
270 http cache https://registry.npmjs.org/brace-expansion 39ms (cache hit)
271 silly packumentCache corgi:https://registry.npmjs.org/brace-expansion set size:21298 disposed:false
272 http cache https://registry.npmjs.org/@hono%2fnode-server 41ms (cache hit)
273 silly packumentCache corgi:https://registry.npmjs.org/@hono%2fnode-server set size:83509 disposed:false
274 http cache https://registry.npmjs.org/hono 41ms (cache hit)
275 silly packumentCache corgi:https://registry.npmjs.org/hono set size:683126 disposed:false
276 http cache https://registry.npmjs.org/lodash 73ms (cache hit)
277 silly packumentCache corgi:https://registry.npmjs.org/lodash set size:69555 disposed:false
278 http cache https://registry.npmjs.org/defu 78ms (cache hit)
279 silly packumentCache corgi:https://registry.npmjs.org/defu set size:47359 disposed:false
280 http cache https://registry.npmjs.org/picomatch 75ms (cache hit)
281 silly packumentCache corgi:https://registry.npmjs.org/picomatch set size:44414 disposed:false
282 silly packumentCache corgi:https://registry.npmjs.org/@prisma%2fdev cache-miss
283 http cache https://registry.npmjs.org/@prisma%2fdev 10ms (cache hit)
284 silly packumentCache corgi:https://registry.npmjs.org/@prisma%2fdev set size:956719 disposed:false
285 silly packumentCache corgi:https://registry.npmjs.org/minimatch cache-miss
286 http cache https://registry.npmjs.org/minimatch 5ms (cache hit)
287 silly packumentCache corgi:https://registry.npmjs.org/minimatch set size:168441 disposed:false
288 silly packumentCache corgi:https://registry.npmjs.org/c12 cache-miss
289 silly packumentCache corgi:https://registry.npmjs.org/giget cache-miss
290 silly packumentCache corgi:https://registry.npmjs.org/rc9 cache-miss
291 http cache https://registry.npmjs.org/c12 6ms (cache hit)
292 silly packumentCache corgi:https://registry.npmjs.org/c12 set size:90073 disposed:false
293 http cache https://registry.npmjs.org/rc9 8ms (cache hit)
294 silly packumentCache corgi:https://registry.npmjs.org/rc9 set size:35090 disposed:false
295 http cache https://registry.npmjs.org/giget 8ms (cache hit)
296 silly packumentCache corgi:https://registry.npmjs.org/giget set size:44187 disposed:false
297 silly packumentCache corgi:https://registry.npmjs.org/@prisma%2fconfig cache-miss
298 http cache https://registry.npmjs.org/@prisma%2fconfig 7ms (cache hit)
299 silly packumentCache corgi:https://registry.npmjs.org/@prisma%2fconfig set size:1411110 disposed:false
300 silly packumentCache corgi:https://registry.npmjs.org/@chevrotain%2fcst-dts-gen cache-miss
301 silly packumentCache corgi:https://registry.npmjs.org/@chevrotain%2fgast cache-miss
302 silly packumentCache corgi:https://registry.npmjs.org/chevrotain cache-miss
303 http cache https://registry.npmjs.org/chevrotain 6ms (cache hit)
304 silly packumentCache corgi:https://registry.npmjs.org/chevrotain set size:274286 disposed:false
305 http cache https://registry.npmjs.org/@chevrotain%2fgast 12ms (cache hit)
306 silly packumentCache corgi:https://registry.npmjs.org/@chevrotain%2fgast set size:20755 disposed:false
307 http cache https://registry.npmjs.org/@chevrotain%2fcst-dts-gen 13ms (cache hit)
308 silly packumentCache corgi:https://registry.npmjs.org/@chevrotain%2fcst-dts-gen set size:24893 disposed:false
309 silly packumentCache corgi:https://registry.npmjs.org/micromatch cache-miss
310 http cache https://registry.npmjs.org/micromatch 5ms (cache hit)
311 silly packumentCache corgi:https://registry.npmjs.org/micromatch set size:71776 disposed:false
312 silly packumentCache corgi:https://registry.npmjs.org/tinyglobby cache-miss
313 silly packumentCache corgi:https://registry.npmjs.org/fdir cache-miss
314 silly packumentCache corgi:https://registry.npmjs.org/vite cache-miss
315 silly packumentCache corgi:https://registry.npmjs.org/vitest cache-miss
316 http cache https://registry.npmjs.org/tinyglobby 10ms (cache hit)
317 silly packumentCache corgi:https://registry.npmjs.org/tinyglobby set size:17847 disposed:false
318 http cache https://registry.npmjs.org/fdir 10ms (cache hit)
319 silly packumentCache corgi:https://registry.npmjs.org/fdir set size:76905 disposed:false
320 http cache https://registry.npmjs.org/vite 17ms (cache hit)
321 silly packumentCache corgi:https://registry.npmjs.org/vite set size:2208349 disposed:false
322 http cache https://registry.npmjs.org/vitest 57ms (cache hit)
323 silly packumentCache corgi:https://registry.npmjs.org/vitest set size:1212939 disposed:false
324 silly packumentCache corgi:https://registry.npmjs.org/prisma cache-miss
325 http cache https://registry.npmjs.org/prisma 87ms (cache hit)
326 silly packumentCache corgi:https://registry.npmjs.org/prisma set size:22753000 disposed:false
327 silly packumentCache corgi:https://registry.npmjs.org/@mrleebo%2fprisma-ast cache-miss
328 http cache https://registry.npmjs.org/@mrleebo%2fprisma-ast 4ms (cache hit)
329 silly packumentCache corgi:https://registry.npmjs.org/@mrleebo%2fprisma-ast set size:48284 disposed:false
330 silly packumentCache corgi:https://registry.npmjs.org/@prisma%2fclient cache-miss
331 http cache https://registry.npmjs.org/@prisma%2fclient 224ms (cache hit)
332 silly packumentCache corgi:https://registry.npmjs.org/@prisma%2fclient set size:37717625 disposed:false
333 silly ADD
334 silly ADD
335 silly ADD
336 silly ADD
337 silly ADD
338 silly ADD
339 silly ADD
340 silly ADD
341 silly ADD
342 silly ADD
343 silly ADD
344 silly ADD
345 silly ADD
346 silly ADD
347 silly ADD
348 silly ADD
349 silly ADD
350 silly ADD
351 silly ADD
352 silly ADD
353 silly ADD
354 silly ADD
355 silly ADD
356 silly ADD
357 silly ADD
358 silly ADD
359 silly ADD
360 silly ADD
361 silly ADD
362 silly ADD
363 silly ADD
364 silly ADD
365 silly ADD
366 silly ADD
367 silly ADD
368 silly ADD
369 silly ADD
370 silly ADD
371 silly ADD
372 silly ADD
373 silly ADD
374 silly ADD
375 silly ADD node_modules/@napi-rs/wasm-runtime
376 silly ADD
377 silly ADD
378 silly ADD
379 silly ADD
380 silly ADD
381 silly ADD
382 silly ADD
383 silly ADD
384 silly ADD
385 silly ADD
386 silly ADD
387 silly ADD
388 silly ADD
389 silly ADD
390 silly ADD
391 silly ADD
392 silly ADD
393 silly ADD
394 silly ADD
395 silly ADD
396 silly ADD
397 silly ADD
398 silly ADD
399 silly ADD
400 silly ADD
401 silly ADD
402 silly ADD
403 silly ADD
404 silly ADD
405 silly ADD
406 silly ADD
407 silly ADD
408 silly ADD
409 silly ADD
410 silly ADD
411 silly ADD
412 silly ADD
413 silly ADD
414 silly ADD
415 silly ADD
416 silly ADD
417 silly ADD
418 silly ADD
419 silly ADD
420 silly ADD
421 silly ADD
422 silly ADD
423 silly ADD
424 silly ADD
425 silly ADD
426 silly ADD
427 silly ADD
428 silly ADD
429 silly ADD
430 silly ADD
431 silly ADD
432 silly ADD
433 silly ADD
434 silly ADD
435 silly ADD
436 silly ADD
437 silly ADD
438 silly ADD
439 silly ADD
440 silly ADD
441 silly ADD
442 silly ADD
443 silly ADD
444 silly ADD
445 silly ADD
446 silly ADD
447 silly ADD
448 silly ADD
449 silly ADD
450 silly ADD
451 verbose cwd /Users/mac/Documents/code/subsplit
452 verbose os Darwin 25.4.0
453 verbose node v22.15.0
454 verbose npm  v10.9.2
455 verbose exit 0
456 info ok
