0 verbose cli /usr/local/bin/node /usr/local/lib/node_modules/npm/bin/npm-cli.js
1 info using npm@10.9.2
2 info using node@v22.15.0
3 silly config load:file:/usr/local/lib/node_modules/npm/npmrc
4 silly config load:file:/Users/mac/Documents/code/subsplit/.npmrc
5 silly config load:file:/Users/mac/.npmrc
6 silly config load:file:/usr/local/etc/npmrc
7 verbose title npm exec modern-web-guidance@latest search hero page copy and marketplace styling layout
8 verbose argv "exec" "--yes" "--" "modern-web-guidance@latest" "search" "hero page copy and marketplace styling layout"
9 verbose logfile logs-max:10 dir:/Users/mac/Documents/code/subsplit/.npm-cache/_logs/2026-06-14T10_46_46_893Z-
10 verbose logfile /Users/mac/Documents/code/subsplit/.npm-cache/_logs/2026-06-14T10_46_46_893Z-debug-0.log
11 silly logfile start cleaning logs, removing 1 files
12 silly logfile done cleaning log files
13 silly packumentCache heap:4345298944 maxSize:1086324736 maxEntrySize:543162368
14 http fetch GET 200 https://registry.npmjs.org/modern-web-guidance 1326ms (cache miss)
15 silly packumentCache heap:4345298944 maxSize:1086324736 maxEntrySize:543162368
16 silly packumentCache heap:4345298944 maxSize:1086324736 maxEntrySize:543162368
17 silly idealTree buildDeps
18 silly fetch manifest modern-web-guidance@0.0.172
19 silly packumentCache full:https://registry.npmjs.org/modern-web-guidance cache-miss
20 http fetch GET 200 https://registry.npmjs.org/modern-web-guidance 540ms (cache miss)
21 silly packumentCache full:https://registry.npmjs.org/modern-web-guidance set size:undefined disposed:false
22 silly placeDep ROOT modern-web-guidance@0.0.172 OK for:  want: 0.0.172
23 silly reify moves {}
24 silly audit bulk request { 'modern-web-guidance': [ '0.0.172' ] }
25 http cache modern-web-guidance@https://registry.npmjs.org/modern-web-guidance/-/modern-web-guidance-0.0.172.tgz 0ms (cache hit)
26 silly tarball no local data for modern-web-guidance@https://registry.npmjs.org/modern-web-guidance/-/modern-web-guidance-0.0.172.tgz. Extracting by manifest.
27 http fetch POST 200 https://registry.npmjs.org/-/npm/v1/security/advisories/bulk 532ms
28 silly audit report {}
29 http fetch GET 200 https://registry.npmjs.org/modern-web-guidance/-/modern-web-guidance-0.0.172.tgz 13224ms (cache miss)
30 verbose cwd /Users/mac/Documents/code/subsplit
31 verbose os Darwin 25.4.0
32 verbose node v22.15.0
33 verbose npm  v10.9.2
34 verbose exit 0
35 info ok
